yarn run v1.22.19
$ npx cross-env DEBUG=cypress:* cypress run
2024-07-17T09:26:23.286Z cypress:cli:cli cli starts with arguments ["C:\\Users\\TMA\\AppData\\Local\\pnpm\\node.exe","C:\\Workspace\\cypress-audio-context-bug\\node_modules\\cypress\\bin\\cypress","run"]
2024-07-17T09:26:23.287Z cypress:cli NODE_OPTIONS is not set
2024-07-17T09:26:23.288Z cypress:cli:cli program parsing arguments
2024-07-17T09:26:23.290Z cypress:cli:cli running Cypress with args [ Command { _events: [Object: null prototype] { 'option:auto-cancel-after-failures': [Function (anonymous)], 'option:browser': [Function (anonymous)], 'option:ci-build-id': [Function (anonymous)], 'option:component': [Function (anonymous)], 'option:config': [Function (anonymous)], 'option:config-file': [Function (anonymous)], 'option:e2e': [Function (anonymous)], 'option:env': [Function (anonymous)], 'option:group': [Function (anonymous)], 'option:key': [Function (anonymous)], 'option:headed': [Function (anonymous)], 'option:headless': [Function (anonymous)], 'option:no-exit': [Function (anonymous)], 'option:parallel': [Function (anonymous)], 'option:port': [Function (anonymous)], 'option:project': [Function (anonymous)], 'option:quiet': [Function (anonymous)], 'option:record': [Function (anonymous)], 'option:reporter': [Function (anonymous)], 'option:runner-ui': [Function (anonymous)], 'option:no-runner-ui': [Function (anonymous)], 'option:reporter-options': [Function (anonymous)], 'option:spec': [Function (anonymous)], 'option:tag': [Function (anonymous)], 'option:dev': [Function (anonymous)] }, _eventsCount: 25, _maxListeners: undefined, commands: [], options: [ [Option], [Option], [Option], [Option], [Option], [Option], [Option], [Option], [Option], [Option], [Option], [Option], [Option], [Option], [Option], [Option], [Option], [Option], [Option], [Option], [Option], [Option], [Option], [Option], [Option] ], parent: Command { _events: [Object: null prototype], _eventsCount: 1, _maxListeners: undefined, commands: [Array], options: [Array], parent: null, _allowUnknownOption: false, _args: [], rawArgs: [Array], _scriptPath: 'C:\\Workspace\\cypress-audio-context-bug\\node_modules\\cypress\\bin\\cypress', _name: 'cypress', _optionValues: {}, _storeOptionsAsProperties: true, _storeOptionsAsPropertiesCalled: true, _passCommandToAction: true, _actionResults: [], _actionHandler: null, _executableHandler: false, _executableFile: null, _defaultCommandName: null, _exitCallback: null, _aliases: [], _combineFlagAndOptionalValue: true, _hidden: false, _hasHelpOption: true, _helpFlags: '-h, --help', _helpDescription: 'display help for command', _helpShortFlag: '-h', _helpLongFlag: '--help', _hasImplicitHelpCommand: undefined, _helpCommandName: 'help', _helpCommandnameAndArgs: 'help [command]', _helpCommandDescription: 'display help for command', _usage: '<command> [options]', args: [Array], [Symbol(shapeMode)]: false, [Symbol(kCapture)]: false }, _allowUnknownOption: false, _args: [], rawArgs: null, _scriptPath: null, _name: 'run', _optionValues: {}, _storeOptionsAsProperties: true, _storeOptionsAsPropertiesCalled: false, _passCommandToAction: true, _actionResults: [], _actionHandler: [Function: listener], _executableHandler: false, _executableFile: null, _defaultCommandName: null, _exitCallback: null, _aliases: [], _combineFlagAndOptionalValue: true, _hidden: false, _hasHelpOption: true, _helpFlags: '-h, --help', _helpDescription: 'display help for command', _helpShortFlag: '-h', _helpLongFlag: '--help', _hasImplicitHelpCommand: 0, _helpCommandName: 'help', _helpCommandnameAndArgs: 'help [command]', _helpCommandDescription: 'display help for command', _usage: '[options]', _description: 'Runs Cypress tests from the CLI without the GUI', _argsDescription: undefined, exit: true, args: [], [Symbol(shapeMode)]: false, [Symbol(kCapture)]: false } ]
2024-07-17T09:26:23.410Z cypress:cli:cli variable-length opts parsed { args: [ 'C:\\Users\\TMA\\AppData\\Local\\pnpm\\node.exe', 'C:\\Workspace\\cypress-audio-context-bug\\node_modules\\cypress\\bin\\cypress', 'run' ], opts: Command { _events: [Object: null prototype] { 'option:auto-cancel-after-failures': [Function (anonymous)], 'option:browser': [Function (anonymous)], 'option:ci-build-id': [Function (anonymous)], 'option:component': [Function (anonymous)], 'option:config': [Function (anonymous)], 'option:config-file': [Function (anonymous)], 'option:e2e': [Function (anonymous)], 'option:env': [Function (anonymous)], 'option:group': [Function (anonymous)], 'option:key': [Function (anonymous)], 'option:headed': [Function (anonymous)], 'option:headless': [Function (anonymous)], 'option:no-exit': [Function (anonymous)], 'option:parallel': [Function (anonymous)], 'option:port': [Function (anonymous)], 'option:project': [Function (anonymous)], 'option:quiet': [Function (anonymous)], 'option:record': [Function (anonymous)], 'option:reporter': [Function (anonymous)], 'option:runner-ui': [Function (anonymous)], 'option:no-runner-ui': [Function (anonymous)], 'option:reporter-options': [Function (anonymous)], 'option:spec': [Function (anonymous)], 'option:tag': [Function (anonymous)], 'option:dev': [Function (anonymous)] }, _eventsCount: 25, _maxListeners: undefined, commands: [], options: [ [Option], [Option], [Option], [Option], [Option], [Option], [Option], [Option], [Option], [Option], [Option], [Option], [Option], [Option], [Option], [Option], [Option], [Option], [Option], [Option], [Option], [Option], [Option], [Option], [Option] ], parent: Command { _events: [Object: null prototype], _eventsCount: 1, _maxListeners: undefined, commands: [Array], options: [Array], parent: null, _allowUnknownOption: false, _args: [], rawArgs: [Array], _scriptPath: 'C:\\Workspace\\cypress-audio-context-bug\\node_modules\\cypress\\bin\\cypress', _name: 'cypress', _optionValues: {}, _storeOptionsAsProperties: true, _storeOptionsAsPropertiesCalled: true, _passCommandToAction: true, _actionResults: [], _actionHandler: null, _executableHandler: false, _executableFile: null, _defaultCommandName: null, _exitCallback: null, _aliases: [], _combineFlagAndOptionalValue: true, _hidden: false, _hasHelpOption: true, _helpFlags: '-h, --help', _helpDescription: 'display help for command', _helpShortFlag: '-h', _helpLongFlag: '--help', _hasImplicitHelpCommand: undefined, _helpCommandName: 'help', _helpCommandnameAndArgs: 'help [command]', _helpCommandDescription: 'display help for command', _usage: '<command> [options]', args: [Array], [Symbol(shapeMode)]: false, [Symbol(kCapture)]: false }, _allowUnknownOption: false, _args: [], rawArgs: null, _scriptPath: null, _name: 'run', _optionValues: {}, _storeOptionsAsProperties: true, _storeOptionsAsPropertiesCalled: false, _passCommandToAction: true, _actionResults: [], _actionHandler: [Function: listener], _executableHandler: false, _executableFile: null, _defaultCommandName: null, _exitCallback: null, _aliases: [], _combineFlagAndOptionalValue: true, _hidden: false, _hasHelpOption: true, _helpFlags: '-h, --help', _helpDescription: 'display help for command', _helpShortFlag: '-h', _helpLongFlag: '--help', _hasImplicitHelpCommand: 0, _helpCommandName: 'help', _helpCommandnameAndArgs: 'help [command]', _helpCommandDescription: 'display help for command', _usage: '[options]', _description: 'Runs Cypress tests from the CLI without the GUI', _argsDescription: undefined, exit: true, args: [], [Symbol(shapeMode)]: false, [Symbol(kCapture)]: false } }
2024-07-17T09:26:23.411Z cypress:cli parsed cli options {}
2024-07-17T09:26:23.411Z cypress:cli verifying Cypress app
2024-07-17T09:26:23.412Z cypress:cli checking environment variables
2024-07-17T09:26:23.413Z cypress:cli checking if executable exists C:\Users\TMA\AppData\Local\Cypress\Cache\13.13.1\Cypress\Cypress.exe
2024-07-17T09:26:23.415Z cypress:cli Binary is executable? : true
2024-07-17T09:26:23.415Z cypress:cli binaryDir is  C:\Users\TMA\AppData\Local\Cypress\Cache\13.13.1\Cypress
2024-07-17T09:26:23.415Z cypress:cli Reading binary package.json from: C:\Users\TMA\AppData\Local\Cypress\Cache\13.13.1\Cypress\resources\app\package.json
2024-07-17T09:26:23.418Z cypress:cli Found binary version 13.13.1 installed in: C:\Users\TMA\AppData\Local\Cypress\Cache\13.13.1\Cypress
2024-07-17T09:26:23.419Z cypress:cli { verified: true }
2024-07-17T09:26:23.419Z cypress:cli is Verified ? true
2024-07-17T09:26:23.419Z cypress:cli:run processing run options { key: null, spec: null, reporter: null, reporterOptions: null, project: 'C:\\Workspace\\cypress-audio-context-bug' }
2024-07-17T09:26:23.420Z cypress:cli:run --key is not set, looking up environment variable CYPRESS_RECORD_KEY
2024-07-17T09:26:23.420Z cypress:cli:run run to spawn.start args ["--run-project","C:\\Workspace\\cypress-audio-context-bug"]
2024-07-17T09:26:23.420Z cypress:cli needs to start own Xvfb? false
2024-07-17T09:26:23.420Z cypress:cli spawning, should retry on display problem? false
2024-07-17T09:26:23.423Z cypress:cli spawn args [ '--', '--run-project', 'C:\\Workspace\\cypress-audio-context-bug', '--cwd', 'C:\\Workspace\\cypress-audio-context-bug', '--userNodePath', 'C:\\Users\\TMA\\AppData\\Local\\pnpm\\node.exe', '--userNodeVersion', '20.12.1' ] { detached: false, stdio: 'pipe', windowsHide: false }
2024-07-17T09:26:23.423Z cypress:cli spawning Cypress with executable: C:\Users\TMA\AppData\Local\Cypress\Cache\13.13.1\Cypress\Cypress.exe
2024-07-17T09:26:23.434Z cypress:cli piping process STDIN into child STDIN
2024-07-17T09:26:23.435Z cypress:cli piping child STDOUT to process STDOUT
2024-07-17T09:26:23.435Z cypress:cli piping child STDERR to process STDERR

2024-07-17T09:26:23.859Z cypress:snapshot:info Caching 3518, defining 4326 modules! Using cache
2024-07-17T09:26:23.860Z cypress:snapshot:debug initializing packherd require
2024-07-17T09:26:23.980Z cypress:server:performance-benchmark elapsed time at v8-snapshot-startup-time: 128.052ms
2024-07-17T09:26:24.079Z cypress:server:appdata path: C:\Users\TMA\AppData\Roaming\Cypress\cy\production\browsers
2024-07-17T09:26:24.081Z cypress:server appending default switches for electron: [
  { name: '--test-type' },
  { name: '--ignore-certificate-errors' },
  { name: '--start-maximized' },
  { name: '--silent-debugger-extension-api' },
  { name: '--no-default-browser-check' },
  { name: '--no-first-run' },
  { name: '--noerrdialogs' },
  { name: '--enable-fixed-layout' },
  { name: '--disable-popup-blocking' },
  { name: '--disable-password-generation' },
  { name: '--disable-single-click-autofill' },
  { name: '--disable-prompt-on-repos' },
  { name: '--disable-background-timer-throttling' },
  { name: '--disable-renderer-backgrounding' },
  { name: '--disable-renderer-throttling' },
  { name: '--disable-backgrounding-occluded-windows' },
  { name: '--disable-restore-session-state' },
  { name: '--disable-new-profile-management' },
  { name: '--disable-new-avatar-menu' },
  { name: '--allow-insecure-localhost' },
  { name: '--reduce-security-for-testing' },
  { name: '--enable-automation' },
  { name: '--disable-print-preview' },
  { name: '--disable-component-extensions-with-background-pages' },
  { name: '--disable-device-discovery-notifications' },
  { name: '--autoplay-policy', value: 'no-user-gesture-required' },
  { name: '--disable-site-isolation-trials' },
  { name: '--metrics-recording-only' },
  { name: '--disable-prompt-on-repost' },
  { name: '--disable-hang-monitor' },
  { name: '--disable-sync' },
  { name: '--disable-web-resources' },
  { name: '--safebrowsing-disable-download-protection' },
  { name: '--disable-client-side-phishing-detection' },
  { name: '--disable-component-update' },
  {
    name: '--simulate-outdated-no-au',
    value: "'Tue, 31 Dec 2099 23:59:59 GMT'"
  },
  { name: '--disable-default-apps' },
  {
    name: '--disable-features',
    value: 'Translate,PrivacySandboxSettings4'
  },
  { name: '--use-fake-ui-for-media-stream' },
  { name: '--use-fake-device-for-media-stream' },
  { name: '--disable-ipc-flooding-protection' },
  { name: '--disable-backgrounding-occluded-window' },
  { name: '--disable-breakpad' },
  { name: '--password-store', value: 'basic' },
  { name: '--use-mock-keychain' },
  { name: '--disable-dev-shm-usage' },
  { name: '--enable-precise-memory-info' }
]
2024-07-17T09:26:24.082Z cypress:server:cypress starting cypress with argv [ 'C:\\Users\\TMA\\AppData\\Local\\Cypress\\Cache\\13.13.1\\Cypress\\Cypress.exe', '--', '--run-project', 'C:\\Workspace\\cypress-audio-context-bug', '--cwd', 'C:\\Workspace\\cypress-audio-context-bug', '--userNodePath', 'C:\\Users\\TMA\\AppData\\Local\\pnpm\\node.exe', '--userNodeVersion', '20.12.1' ]
2024-07-17T09:26:24.083Z cypress:server:args argv array: [ 'C:\\Users\\TMA\\AppData\\Local\\Cypress\\Cache\\13.13.1\\Cypress\\Cypress.exe', '--run-project', 'C:\\Workspace\\cypress-audio-context-bug', '--cwd', 'C:\\Workspace\\cypress-audio-context-bug', '--userNodePath', 'C:\\Users\\TMA\\AppData\\Local\\pnpm\\node.exe', '--userNodeVersion', '20.12.1' ]
2024-07-17T09:26:24.084Z cypress:server:args parsed argv options { options: { _: [ 'C:\\Users\\TMA\\AppData\\Local\\Cypress\\Cache\\13.13.1\\Cypress\\Cypress.exe' ], 'run-project': 'C:\\Workspace\\cypress-audio-context-bug', runProject: 'C:\\Workspace\\cypress-audio-context-bug', cwd: 'C:\\Workspace\\cypress-audio-context-bug', userNodePath: 'C:\\Users\\TMA\\AppData\\Local\\pnpm\\node.exe', userNodeVersion: '20.12.1' } }
2024-07-17T09:26:24.086Z cypress:server:args argv parsed: { _: [ 'C:\\Users\\TMA\\AppData\\Local\\Cypress\\Cache\\13.13.1\\Cypress\\Cypress.exe' ], runProject: 'C:\\Workspace\\cypress-audio-context-bug', cwd: 'C:\\Workspace\\cypress-audio-context-bug', userNodePath: 'C:\\Users\\TMA\\AppData\\Local\\pnpm\\node.exe', userNodeVersion: '20.12.1', invokedFromCli: true }
2024-07-17T09:26:24.087Z cypress:server:util:proxy found proxy environment variables { npm_config_noproxy: '' }
2024-07-17T09:26:24.090Z cypress:server:util:proxy HTTP_PROXY is falsy, disabling HTTP_PROXY
2024-07-17T09:26:24.090Z cypress:server:util:proxy setting default NO_PROXY of ``
2024-07-17T09:26:24.090Z cypress:server:util:proxy <-loopback> not found, adding localhost to NO_PROXY
2024-07-17T09:26:24.090Z cypress:server:util:proxy normalized proxy environment variables { NO_PROXY: '127.0.0.1,::1,localhost' }
2024-07-17T09:26:24.092Z cypress:server:args options { _: [ 'C:\\Users\\TMA\\AppData\\Local\\Cypress\\Cache\\13.13.1\\Cypress\\Cypress.exe' ], runProject: 'C:\\Workspace\\cypress-audio-context-bug', cwd: 'C:\\Workspace\\cypress-audio-context-bug', userNodePath: 'C:\\Users\\TMA\\AppData\\Local\\pnpm\\node.exe', userNodeVersion: '20.12.1', invokedFromCli: true, config: {} }
2024-07-17T09:26:24.092Z cypress:server:args argv options: { _: [ 'C:\\Users\\TMA\\AppData\\Local\\Cypress\\Cache\\13.13.1\\Cypress\\Cypress.exe' ], runProject: 'C:\\Workspace\\cypress-audio-context-bug', cwd: 'C:\\Workspace\\cypress-audio-context-bug', userNodePath: 'C:\\Users\\TMA\\AppData\\Local\\pnpm\\node.exe', userNodeVersion: '20.12.1', invokedFromCli: true, config: {}, projectRoot: 'C:\\Workspace\\cypress-audio-context-bug' }
2024-07-17T09:26:24.092Z cypress:server:cypress from argv [ 'C:\\Users\\TMA\\AppData\\Local\\Cypress\\Cache\\13.13.1\\Cypress\\Cypress.exe', '--run-project', 'C:\\Workspace\\cypress-audio-context-bug', '--cwd', 'C:\\Workspace\\cypress-audio-context-bug', '--userNodePath', 'C:\\Users\\TMA\\AppData\\Local\\pnpm\\node.exe', '--userNodeVersion', '20.12.1' ] got options { _: [ 'C:\\Users\\TMA\\AppData\\Local\\Cypress\\Cache\\13.13.1\\Cypress\\Cypress.exe' ], runProject: 'C:\\Workspace\\cypress-audio-context-bug', cwd: 'C:\\Workspace\\cypress-audio-context-bug', userNodePath: 'C:\\Users\\TMA\\AppData\\Local\\pnpm\\node.exe', userNodeVersion: '20.12.1', invokedFromCli: true, config: {}, projectRoot: 'C:\\Workspace\\cypress-audio-context-bug' }
2024-07-17T09:26:24.092Z cypress:server:cypress scaling electron app in headless mode
2024-07-17T09:26:24.143Z cypress:server:appdata path: C:\Users\TMA\AppData\Roaming\Cypress\cy\production

DevTools listening on ws://127.0.0.1:60757/devtools/browser/effce9f1-0a9b-4894-8b1e-bf2a7104cf7b
2024-07-17T09:26:24.154Z cypress:server:cypress starting in mode run with options { _: [ 'C:\\Users\\TMA\\AppData\\Local\\Cypress\\Cache\\13.13.1\\Cypress\\Cypress.exe' ], runProject: 'C:\\Workspace\\cypress-audio-context-bug', cwd: 'C:\\Workspace\\cypress-audio-context-bug', userNodePath: 'C:\\Users\\TMA\\AppData\\Local\\pnpm\\node.exe', userNodeVersion: '20.12.1', invokedFromCli: true, config: {}, projectRoot: 'C:\\Workspace\\cypress-audio-context-bug' }
2024-07-17T09:26:24.155Z cypress:server:cypress running Electron currently
2024-07-17T09:26:24.259Z cypress:graphql:nexusDeferIfNotLoadedPlugin Adding nexusDeferIfNotLoadedPlugin for Query.cloudLatestRunUpdateSpecData
2024-07-17T09:26:24.259Z cypress:graphql:nexusDeferIfNotLoadedPlugin Adding nexusDeferIfNotLoadedPlugin for Query.cloudProjectBySlug
2024-07-17T09:26:24.259Z cypress:graphql:nexusDeferIfNotLoadedPlugin Adding nexusDeferIfNotLoadedPlugin for Query.cloudProjectsBySlugs
2024-07-17T09:26:24.259Z cypress:graphql:nexusDeferIfNotLoadedPlugin Adding nexusDeferIfNotLoadedPlugin for Query.cloudSpecByPath
2024-07-17T09:26:24.259Z cypress:graphql:nexusDeferIfNotLoadedPlugin Adding nexusDeferIfNotLoadedPlugin for Query.cloudViewer
2024-07-17T09:26:24.259Z cypress:graphql:nexusDeferIfNotLoadedPlugin Adding nexusDeferIfNotLoadedPlugin for Query.pollingIntervals
2024-07-17T09:26:24.259Z cypress:graphql:nexusDeferIfNotLoadedPlugin Adding nexusDeferIfNotLoadedPlugin for Query.versions
2024-07-17T09:26:24.260Z cypress:graphql:nexusDeferIfNotLoadedPlugin Adding nexusDeferIfNotLoadedPlugin for CurrentProject.cloudProject
2024-07-17T09:26:24.262Z cypress:graphql:nexusDeferIfNotLoadedPlugin Adding nexusDeferIfNotLoadedPlugin for RelevantRunInfo.status
2024-07-17T09:26:24.264Z cypress:graphql:nexusDeferIfNotLoadedPlugin Adding nexusDeferIfNotLoadedPlugin for RemoteFetchableCloudProjectResult.data
2024-07-17T09:26:24.264Z cypress:graphql:nexusDeferIfNotLoadedPlugin Adding nexusDeferIfNotLoadedPlugin for RemoteFetchableCloudProjectSpecResult.data
2024-07-17T09:26:24.309Z cypress:server:browsers:utils getBrowsers
2024-07-17T09:26:24.310Z cypress:launcher:detect detecting if the following browsers are present [ { name: 'chrome', family: 'chromium', channel: 'stable', displayName: 'Chrome', versionRegex: /Google Chrome (\S+)/m, binary: [ 'google-chrome', 'chrome', 'google-chrome-stable' ], minSupportedVersion: 64 }, { name: 'chromium', family: 'chromium', channel: 'stable', displayName: 'Chromium', versionRegex: /Chromium (\S+)/m, binary: [ 'chromium-browser', 'chromium' ], minSupportedVersion: 64 }, { name: 'chrome', family: 'chromium', channel: 'beta', displayName: 'Chrome Beta', versionRegex: /Google Chrome (\S+) beta/m, binary: 'google-chrome-beta', minSupportedVersion: 64 }, { name: 'chrome', family: 'chromium', channel: 'canary', displayName: 'Canary', versionRegex: /Google Chrome Canary (\S+)/m, binary: 'google-chrome-canary', minSupportedVersion: 64 }, { name: 'firefox', family: 'firefox', channel: 'stable', displayName: 'Firefox', versionRegex: /^Mozilla Firefox ([^\sab]+)$/m, binary: 'firefox', minSupportedVersion: 86, validator: [Function: validator] }, { name: 'firefox', family: 'firefox', channel: 'dev', displayName: 'Firefox Developer Edition', versionRegex: /^Mozilla Firefox (\S+b\S*)$/m, binary: [ 'firefox-developer-edition', 'firefox' ], minSupportedVersion: 86 }, { name: 'firefox', family: 'firefox', channel: 'nightly', displayName: 'Firefox Nightly', versionRegex: /^Mozilla Firefox (\S+a\S*)$/m, binary: [ 'firefox-nightly', 'firefox-trunk' ], minSupportedVersion: 86 }, { name: 'edge', family: 'chromium', channel: 'stable', displayName: 'Edge', versionRegex: /Microsoft Edge (\S+)/im, binary: [ 'edge', 'microsoft-edge' ], minSupportedVersion: 79 }, { name: 'edge', family: 'chromium', channel: 'canary', displayName: 'Edge Canary', versionRegex: /Microsoft Edge.+?(\S*(?= canary)|(?<=canary )\S*)/im, binary: [ 'edge-canary', 'microsoft-edge-canary' ], minSupportedVersion: 79 }, { name: 'edge', family: 'chromium', channel: 'beta', displayName: 'Edge Beta', versionRegex: /Microsoft Edge.+?(\S*(?= beta)|(?<=beta )\S*)/im, binary: [ 'edge-beta', 'microsoft-edge-beta' ], minSupportedVersion: 79 }, { name: 'edge', family: 'chromium', channel: 'dev', displayName: 'Edge Dev', versionRegex: /Microsoft Edge.+?(\S*(?= dev)|(?<=dev )\S*)/im, binary: [ 'edge-dev', 'microsoft-edge-dev' ], minSupportedVersion: 79 } ]
2024-07-17T09:26:24.312Z cypress:server:browsers:utils WebKit is enabled, but there was an error constructing the WebKit browser: { err: Error: Cannot find module 'playwright-webkit' Require stack: - C:\Users\TMA\AppData\Local\Cypress\Cache\13.13.1\Cypress\resources\app\packages\server\lib\browsers\utils.ts at node:internal/modules/cjs/loader:1084:15 at Function._resolveFilename (node:electron/js2c/browser_init:2:116118) at resolve (node:internal/modules/cjs/helpers:127:19) at Function.resolve (evalmachine.<anonymous>:1:801904) at q (<embedded>:2792:98016) at Object.I [as getBrowsers] (<embedded>:2792:98851) at b.machineBrowsers (<embedded>:2369:74746) at S._setCurrentProject (<embedded>:2748:66779) at new S (<embedded>:2748:59724) at new E (<embedded>:2748:121247) at P (<embedded>:2883:42712) at s.exports (<embedded>:2883:99439) at <embedded>:2890:3280 at tryCatcher (C:\Users\TMA\AppData\Local\Cypress\Cache\13.13.1\Cypress\resources\app\node_modules\bluebird\js\release\util.js:16:23) at Function.<anonymous> (C:\Users\TMA\AppData\Local\Cypress\Cache\13.13.1\Cypress\resources\app\node_modules\bluebird\js\release\method.js:39:29) at Object.runElectron (<embedded>:2890:3050) at Object.startInMode (<embedded>:2890:5738) at <embedded>:2890:4826 at tryCatcher (C:\Users\TMA\AppData\Local\Cypress\Cache\13.13.1\Cypress\resources\app\node_modules\bluebird\js\release\util.js:16:23) at Promise._settlePromiseFromHandler (C:\Users\TMA\AppData\Local\Cypress\Cache\13.13.1\Cypress\resources\app\node_modules\bluebird\js\release\promise.js:512:31) at Promise._settlePromise (C:\Users\TMA\AppData\Local\Cypress\Cache\13.13.1\Cypress\resources\app\node_modules\bluebird\js\release\promise.js:569:18) at Promise._settlePromise0 (C:\Users\TMA\AppData\Local\Cypress\Cache\13.13.1\Cypress\resources\app\node_modules\bluebird\js\release\promise.js:614:10) at Promise._settlePromises (C:\Users\TMA\AppData\Local\Cypress\Cache\13.13.1\Cypress\resources\app\node_modules\bluebird\js\release\promise.js:694:18) at Promise._fulfill (C:\Users\TMA\AppData\Local\Cypress\Cache\13.13.1\Cypress\resources\app\node_modules\bluebird\js\release\promise.js:638:18) at PromiseArray._resolve (C:\Users\TMA\AppData\Local\Cypress\Cache\13.13.1\Cypress\resources\app\node_modules\bluebird\js\release\promise_array.js:126:19) at PromiseArray._promiseFulfilled (C:\Users\TMA\AppData\Local\Cypress\Cache\13.13.1\Cypress\resources\app\node_modules\bluebird\js\release\promise_array.js:144:14) at Promise._settlePromise (C:\Users\TMA\AppData\Local\Cypress\Cache\13.13.1\Cypress\resources\app\node_modules\bluebird\js\release\promise.js:574:26) at Promise._settlePromise0 (C:\Users\TMA\AppData\Local\Cypress\Cache\13.13.1\Cypress\resources\app\node_modules\bluebird\js\release\promise.js:614:10) at Promise._settlePromises (C:\Users\TMA\AppData\Local\Cypress\Cache\13.13.1\Cypress\resources\app\node_modules\bluebird\js\release\promise.js:694:18) at Promise._fulfill (C:\Users\TMA\AppData\Local\Cypress\Cache\13.13.1\Cypress\resources\app\node_modules\bluebird\js\release\promise.js:638:18) at Promise._settlePromise (C:\Users\TMA\AppData\Local\Cypress\Cache\13.13.1\Cypress\resources\app\node_modules\bluebird\js\release\promise.js:582:21) at Promise._settlePromise0 (C:\Users\TMA\AppData\Local\Cypress\Cache\13.13.1\Cypress\resources\app\node_modules\bluebird\js\release\promise.js:614:10) at Promise._settlePromises (C:\Users\TMA\AppData\Local\Cypress\Cache\13.13.1\Cypress\resources\app\node_modules\bluebird\js\release\promise.js:694:18) at Promise._fulfill (C:\Users\TMA\AppData\Local\Cypress\Cache\13.13.1\Cypress\resources\app\node_modules\bluebird\js\release\promise.js:638:18) at Promise._settlePromise (C:\Users\TMA\AppData\Local\Cypress\Cache\13.13.1\Cypress\resources\app\node_modules\bluebird\js\release\promise.js:582:21) at Promise._settlePromise0 (C:\Users\TMA\AppData\Local\Cypress\Cache\13.13.1\Cypress\resources\app\node_modules\bluebird\js\release\promise.js:614:10) at Promise._settlePromises (C:\Users\TMA\AppData\Local\Cypress\Cache\13.13.1\Cypress\resources\app\node_modules\bluebird\js\release\promise.js:694:18) at Promise._fulfill (C:\Users\TMA\AppData\Local\Cypress\Cache\13.13.1\Cypress\resources\app\node_modules\bluebird\js\release\promise.js:638:18) at PromiseArray._resolve (C:\Users\TMA\AppData\Local\Cypress\Cache\13.13.1\Cypress\resources\app\node_modules\bluebird\js\release\promise_array.js:126:19) at PromiseArray._promiseFulfilled (C:\Users\TMA\AppData\Local\Cypress\Cache\13.13.1\Cypress\resources\app\node_modules\bluebird\js\release\promise_array.js:144:14) at Promise._settlePromise (C:\Users\TMA\AppData\Local\Cypress\Cache\13.13.1\Cypress\resources\app\node_modules\bluebird\js\release\promise.js:574:26) at Promise._settlePromise0 (C:\Users\TMA\AppData\Local\Cypress\Cache\13.13.1\Cypress\resources\app\node_modules\bluebird\js\release\promise.js:614:10) at Promise._settlePromises (C:\Users\TMA\AppData\Local\Cypress\Cache\13.13.1\Cypress\resources\app\node_modules\bluebird\js\release\promise.js:694:18) at Promise._fulfill (C:\Users\TMA\AppData\Local\Cypress\Cache\13.13.1\Cypress\resources\app\node_modules\bluebird\js\release\promise.js:638:18) at C:\Users\TMA\AppData\Local\Cypress\Cache\13.13.1\Cypress\resources\app\node_modules\bluebird\js\release\nodeback.js:42:21 at <embedded>:420:121737 { code: 'MODULE_NOT_FOUND', requireStack: [ 'C:\\Users\\TMA\\AppData\\Local\\Cypress\\Cache\\13.13.1\\Cypress\\resources\\app\\packages\\server\\lib\\browsers\\utils.ts' ] } }
2024-07-17T09:26:24.313Z cypress:data-context:sources:GitDataSource config: { isRunMode: true, projectRoot: 'C:\\Workspace\\cypress-audio-context-bug', onError: [Function (anonymous)], onBranchChange: [Function: onBranchChange], onGitInfoChange: [Function: onGitInfoChange], onGitLogChange: [AsyncFunction: onGitLogChange] }
2024-07-17T09:26:24.325Z cypress:scaffold-config:detect Checking for default Cypress config file
2024-07-17T09:26:24.326Z cypress:scaffold-config:detect Detected cypress.config.js - using JS
2024-07-17T09:26:24.355Z cypress:server:video using ffmpeg from C:\Users\TMA\AppData\Local\Cypress\Cache\13.13.1\Cypress\resources\app\node_modules\@ffmpeg-installer\win32-x64\ffmpeg.exe
2024-07-17T09:26:24.359Z cypress:server:run run start
2024-07-17T09:26:24.375Z cypress:lifecycle:ProjectConfigIpc fork child process { CHILD_PROCESS_FILE_PATH: 'C:\\Users\\TMA\\AppData\\Local\\Cypress\\Cache\\13.13.1\\Cypress\\resources\\app\\node_modules\\@packages\\server\\lib\\plugins\\child\\require_async_child.js', configProcessArgs: [ '--projectRoot', 'C:\\Workspace\\cypress-audio-context-bug', '--file', 'C:\\Workspace\\cypress-audio-context-bug\\cypress.config.js' ], childOptions: { stdio: 'pipe', cwd: 'C:\\Workspace\\cypress-audio-context-bug', execPath: 'C:\\Users\\TMA\\AppData\\Local\\pnpm\\node.exe' } }
2024-07-17T09:26:24.376Z cypress:lifecycle:ProjectConfigIpc no typescript found, just use regular Node.js
2024-07-17T09:26:24.388Z cypress:lifecycle:ProjectConfigIpc trigger the load of the file
2024-07-17T09:26:24.397Z cypress:launcher:windows got version string for chrome: { exePath: 'C:\\Program Files (x86)\\Google\\Chrome\\Application\\chrome.exe', version: '126.0.6478.127' }
2024-07-17T09:26:24.405Z cypress:launcher:windows error while looking up exe, trying next exePath { exePath: 'C:\\Program Files (x86)\\Google\\chrome-win32\\chrome.exe', exePaths: [], err: Error: Browser not installed: chromium at r (<embedded>:2761:133619) at a (<embedded>:2761:147033) at <embedded>:2761:147378 { notInstalled: true } }
2024-07-17T09:26:24.406Z cypress:launcher:windows error while looking up exe, trying next exePath { exePath: 'C:\\Program Files\\Google\\Chrome Beta\\Application\\chrome.exe', exePaths: [], err: Error: Browser not installed: chrome at r (<embedded>:2761:133619) at a (<embedded>:2761:147033) at <embedded>:2761:147378 { notInstalled: true } }
2024-07-17T09:26:24.407Z cypress:launcher:windows error while looking up exe, trying next exePath { exePath: 'C:\\Program Files (x86)\\Google\\Chrome Beta\\Application\\chrome.exe', exePaths: [], err: Error: Browser not installed: chrome at r (<embedded>:2761:133619) at a (<embedded>:2761:147033) at <embedded>:2761:147483 { notInstalled: true } }
2024-07-17T09:26:24.407Z cypress:launcher:windows error while looking up exe, trying next exePath { exePath: 'C:\\Users\\TMA\\AppData\\Local\\Google\\Chrome SxS\\Application\\chrome.exe', exePaths: [], err: Error: Browser not installed: chrome at r (<embedded>:2761:133619) at a (<embedded>:2761:147033) at <embedded>:2761:147378 { notInstalled: true } }
2024-07-17T09:26:24.408Z cypress:launcher:windows got version string for firefox: { exePath: 'C:\\Program Files\\Mozilla Firefox\\firefox.exe', version: '127.0' }
2024-07-17T09:26:24.410Z cypress:launcher:windows error while looking up exe, trying next exePath { exePath: 'C:\\Users\\TMA\\AppData\\Local\\Firefox Developer Edition\\firefox.exe', exePaths: [], err: Error: Browser not installed: firefox at r (<embedded>:2761:133619) at a (<embedded>:2761:147033) at <embedded>:2761:147378 { notInstalled: true } }
2024-07-17T09:26:24.410Z cypress:launcher:windows error while looking up exe, trying next exePath { exePath: 'C:\\Program Files (x86)\\Firefox Developer Edition\\firefox.exe', exePaths: [], err: Error: Browser not installed: firefox at r (<embedded>:2761:133619) at a (<embedded>:2761:147033) at <embedded>:2761:147483 { notInstalled: true } }
2024-07-17T09:26:24.410Z cypress:launcher:windows error while looking up exe, trying next exePath { exePath: 'C:\\Program Files\\Firefox Developer Edition\\firefox.exe', exePaths: [], err: Error: Browser not installed: firefox at r (<embedded>:2761:133619) at a (<embedded>:2761:147033) at <embedded>:2761:147483 { notInstalled: true } }
2024-07-17T09:26:24.412Z cypress:launcher:windows error while looking up exe, trying next exePath { exePath: 'C:\\Users\\TMA\\AppData\\Local\\Firefox Nightly\\firefox.exe', exePaths: [], err: Error: Browser not installed: firefox at r (<embedded>:2761:133619) at a (<embedded>:2761:147033) at <embedded>:2761:147378 { notInstalled: true } }
2024-07-17T09:26:24.412Z cypress:launcher:windows error while looking up exe, trying next exePath { exePath: 'C:\\Program Files (x86)\\Firefox Nightly\\firefox.exe', exePaths: [], err: Error: Browser not installed: firefox at r (<embedded>:2761:133619) at a (<embedded>:2761:147033) at <embedded>:2761:147483 { notInstalled: true } }
2024-07-17T09:26:24.412Z cypress:launcher:windows error while looking up exe, trying next exePath { exePath: 'C:\\Program Files\\Firefox Nightly\\firefox.exe', exePaths: [], err: Error: Browser not installed: firefox at r (<embedded>:2761:133619) at a (<embedded>:2761:147033) at <embedded>:2761:147483 { notInstalled: true } }
2024-07-17T09:26:24.414Z cypress:launcher:windows got version string for edge: { exePath: 'C:\\Program Files (x86)\\Microsoft\\Edge\\Application\\msedge.exe', version: '126.0.2592.61' }
2024-07-17T09:26:24.414Z cypress:launcher:windows error while looking up exe, trying next exePath { exePath: 'C:\\Users\\TMA\\AppData\\Local\\Microsoft\\Edge SxS\\Application\\msedge.exe', exePaths: [], err: Error: Browser not installed: edge at r (<embedded>:2761:133619) at a (<embedded>:2761:147033) at <embedded>:2761:147378 { notInstalled: true } }
2024-07-17T09:26:24.415Z cypress:launcher:windows error while looking up exe, trying next exePath { exePath: 'C:\\Program Files (x86)\\Microsoft\\Edge Beta\\Application\\msedge.exe', exePaths: [], err: Error: Browser not installed: edge at r (<embedded>:2761:133619) at a (<embedded>:2761:147033) at <embedded>:2761:147378 { notInstalled: true } }
2024-07-17T09:26:24.416Z cypress:launcher:windows error while looking up exe, trying next exePath { exePath: 'C:\\Program Files (x86)\\Microsoft\\Edge Dev\\Application\\msedge.exe', exePaths: [], err: Error: Browser not installed: edge at r (<embedded>:2761:133619) at a (<embedded>:2761:147033) at <embedded>:2761:147378 { notInstalled: true } }
2024-07-17T09:26:24.416Z cypress:server:browsers:utils found browsers { browsers: [ { name: 'chrome', family: 'chromium', channel: 'stable', displayName: 'Chrome', version: '126.0.6478.127', path: 'C:\\Program Files (x86)\\Google\\Chrome\\Application\\chrome.exe', minSupportedVersion: 64, majorVersion: '126' }, { name: 'firefox', family: 'firefox', channel: 'stable', displayName: 'Firefox', version: '127.0', path: 'C:\\Program Files\\Mozilla Firefox\\firefox.exe', minSupportedVersion: 86, majorVersion: '127' }, { name: 'edge', family: 'chromium', channel: 'stable', displayName: 'Edge', version: '126.0.2592.61', path: 'C:\\Program Files (x86)\\Microsoft\\Edge\\Application\\msedge.exe', minSupportedVersion: 79, majorVersion: '126' } ] }
2024-07-17T09:26:24.788Z cypress:lifecycle:child:run_require_async_child:19012 configFile: C:\Workspace\cypress-audio-context-bug\cypress.config.js
2024-07-17T09:26:24.790Z cypress:lifecycle:child:run_require_async_child:19012 projectRoot: C:\Workspace\cypress-audio-context-bug
2024-07-17T09:26:24.791Z cypress:lifecycle:child:run_require_async_child:19012 try loading C:\Workspace\cypress-audio-context-bug\cypress.config.js
2024-07-17T09:26:24.791Z cypress:lifecycle:child:run_require_async_child:19012 Loading file C:\Workspace\cypress-audio-context-bug\cypress.config.js
2024-07-17T09:26:25.028Z cypress:cli exporting Cypress module interface
2024-07-17T09:26:25.331Z cypress:lifecycle:child:run_require_async_child:19012 loaded config file C:\Workspace\cypress-audio-context-bug\cypress.config.js
2024-07-17T09:26:25.332Z cypress:lifecycle:ProjectConfigIpc loadConfig:reply
2024-07-17T09:26:25.333Z cypress:lifecycle:ProjectConfigManager config is loaded for file C:\Workspace\cypress-audio-context-bug\cypress.config.js null
2024-07-17T09:26:25.333Z cypress:config:browser validating configuration { e2e: {} }
2024-07-17T09:26:25.334Z cypress:lifecycle:child:run_require_async_child:19012 loaded config from C:\Workspace\cypress-audio-context-bug\cypress.config.js { e2e: {} }
2024-07-17T09:26:25.339Z cypress:config:browser validating configuration {}
2024-07-17T09:26:25.340Z cypress:config:project setting config object { cliConfig: {}, projectName: 'cypress-audio-context-bug', projectRoot: 'C:\\Workspace\\cypress-audio-context-bug', repoRoot: 'C:/Workspace/cypress-audio-context-bug', config: { e2e: {} }, envFile: {}, options: { _: [ 'C:\\Users\\TMA\\AppData\\Local\\Cypress\\Cache\\13.13.1\\Cypress\\Cypress.exe' ], runProject: 'C:\\Workspace\\cypress-audio-context-bug', cwd: 'C:\\Workspace\\cypress-audio-context-bug', userNodePath: 'C:\\Users\\TMA\\AppData\\Local\\pnpm\\node.exe', userNodeVersion: '20.12.1', invokedFromCli: true, config: {}, projectRoot: 'C:\\Workspace\\cypress-audio-context-bug', socketId: 'fqkyvpac5e', isTextTerminal: true, browser: 'electron', quiet: false, morgan: false, report: true, testingType: 'e2e', configFile: 'cypress.config.js' }, configFile: 'cypress.config.js' }
2024-07-17T09:26:25.340Z cypress:config:project config is { e2e: {} }
2024-07-17T09:26:25.341Z cypress:config:project:utils merged config with options, got { e2e: {}, envFile: {}, projectRoot: 'C:\\Workspace\\cypress-audio-context-bug', projectName: 'cypress-audio-context-bug', repoRoot: 'C:/Workspace/cypress-audio-context-bug', rawJson: { e2e: {}, envFile: {}, projectRoot: 'C:\\Workspace\\cypress-audio-context-bug', projectName: 'cypress-audio-context-bug', repoRoot: 'C:/Workspace/cypress-audio-context-bug' }, configFile: 'cypress.config.js', morgan: false, isTextTerminal: true, socketId: 'fqkyvpac5e', report: true }
2024-07-17T09:26:25.344Z cypress:config:project:utils using CYPRESS_INTERNAL_ENV production
2024-07-17T09:26:25.344Z cypress:config:project:utils resolved config is { value: [], from: 'default' }
2024-07-17T09:26:25.344Z cypress:config:browser validating configuration {
  e2e: { specPattern: 'cypress/e2e/**/*.cy.{js,jsx,ts,tsx}' },
  projectRoot: 'C:\\Workspace\\cypress-audio-context-bug',
  projectName: 'cypress-audio-context-bug',
  repoRoot: 'C:/Workspace/cypress-audio-context-bug',
  rawJson: {
    e2e: {},
    envFile: {},
    projectRoot: 'C:\\Workspace\\cypress-audio-context-bug',
    projectName: 'cypress-audio-context-bug',
    repoRoot: 'C:/Workspace/cypress-audio-context-bug'
  },
  configFile: 'cypress.config.js',
  morgan: false,
  isTextTerminal: true,
  socketId: 'fqkyvpac5e',
  report: true,
  animationDistanceThreshold: 5,
  arch: 'x64',
  baseUrl: null,
  blockHosts: null,
  chromeWebSecurity: true,
  clientCertificates: [],
  component: {
    specPattern: '**/*.cy.{js,jsx,ts,tsx}',
    indexHtmlFile: 'cypress/support/component-index.html'
  },
  defaultCommandTimeout: 4000,
  downloadsFolder: 'cypress/downloads',
  env: {},
  execTimeout: 60000,
  experimentalCspAllowList: false,
  experimentalFetchPolyfill: false,
  experimentalInteractiveRunEvents: false,
  experimentalRunAllSpecs: false,
  experimentalMemoryManagement: false,
  experimentalModifyObstructiveThirdPartyCode: false,
  experimentalSkipDomainInjection: null,
  experimentalOriginDependencies: false,
  experimentalSourceRewriting: false,
  experimentalSingleTabRunMode: false,
  experimentalStudio: false,
  experimentalWebKitSupport: false,
  fileServerFolder: '',
  fixturesFolder: 'cypress/fixtures',
  excludeSpecPattern: '*.hot-update.js',
  includeShadowDom: false,
  keystrokeDelay: 0,
  modifyObstructiveCode: true,
  numTestsKeptInMemory: 0,
  platform: 'win32',
  pageLoadTimeout: 60000,
  port: null,
  projectId: null,
  redirectionLimit: 20,
  reporter: 'spec',
  reporterOptions: null,
  requestTimeout: 5000,
  resolvedNodePath: null,
  resolvedNodeVersion: null,
  responseTimeout: 30000,
  retries: {
    runMode: 0,
    openMode: 0,
    experimentalStrategy: undefined,
    experimentalOptions: undefined
  },
  screenshotOnRunFailure: true,
  screenshotsFolder: 'cypress/screenshots',
  slowTestThreshold: 10000,
  scrollBehavior: 'top',
  supportFile: 'cypress/support/e2e.{js,jsx,ts,tsx}',
  supportFolder: false,
  taskTimeout: 60000,
  testIsolation: true,
  trashAssetsBeforeRuns: true,
  userAgent: null,
  video: false,
  videoCompression: false,
  videosFolder: 'cypress/videos',
  viewportHeight: 660,
  viewportWidth: 1000,
  waitForAnimations: true,
  watchForFileChanges: false,
  specPattern: 'cypress/e2e/**/*.cy.{js,jsx,ts,tsx}',
  additionalIgnorePattern: [],
  autoOpen: false,
  clientRoute: '/__/',
  cypressBinaryRoot: 'C:\\Users\\TMA\\AppData\\Local\\Cypress\\Cache\\13.13.1\\Cypress\\resources\\app',
  devServerPublicPathRoute: '/__cypress/src',
  hosts: null,
  isInteractive: true,
  namespace: '__cypress',
  reporterRoute: '/__cypress/reporter',
  socketIoCookie: '__socket',
  socketIoRoute: '/__socket',
  version: '13.13.1',
  protocolEnabled: false,
  hideCommandLog: false,
  hideRunnerUi: false,
  cypressEnv: 'production',
  resolved: {
    animationDistanceThreshold: { value: 5, from: 'default' },
    arch: { value: 'x64', from: 'default' },
    baseUrl: { value: null, from: 'default' },
    blockHosts: { value: null, from: 'default' },
    chromeWebSecurity: { value: true, from: 'default' },
    clientCertificates: { value: [], from: 'default' },
    component: { value: [Object], from: 'default' },
    defaultCommandTimeout: { value: 4000, from: 'default' },
    downloadsFolder: { value: 'cypress/downloads', from: 'default' },
    e2e: { value: [Object], from: 'default' },
    env: {},
    execTimeout: { value: 60000, from: 'default' },
    experimentalCspAllowList: { value: false, from: 'default' },
    experimentalFetchPolyfill: { value: false, from: 'default' },
    experimentalInteractiveRunEvents: { value: false, from: 'default' },
    experimentalRunAllSpecs: { value: false, from: 'default' },
    experimentalMemoryManagement: { value: false, from: 'default' },
    experimentalModifyObstructiveThirdPartyCode: { value: false, from: 'default' },
    experimentalSkipDomainInjection: { value: null, from: 'default' },
    experimentalOriginDependencies: { value: false, from: 'default' },
    experimentalSourceRewriting: { value: false, from: 'default' },
    experimentalSingleTabRunMode: { value: false, from: 'default' },
    experimentalStudio: { value: false, from: 'default' },
    experimentalWebKitSupport: { value: false, from: 'default' },
    fileServerFolder: { value: '', from: 'default' },
    fixturesFolder: { value: 'cypress/fixtures', from: 'default' },
    excludeSpecPattern: { value: '*.hot-update.js', from: 'default' },
    includeShadowDom: { value: false, from: 'default' },
    keystrokeDelay: { value: 0, from: 'default' },
    modifyObstructiveCode: { value: true, from: 'default' },
    numTestsKeptInMemory: { value: 0, from: 'config' },
    platform: { value: 'win32', from: 'default' },
    pageLoadTimeout: { value: 60000, from: 'default' },
    port: { value: null, from: 'default' },
    projectId: { value: null, from: 'default' },
    redirectionLimit: { value: 20, from: 'default' },
    reporter: { value: 'spec', from: 'default' },
    reporterOptions: { value: null, from: 'default' },
    requestTimeout: { value: 5000, from: 'default' },
    resolvedNodePath: { value: null, from: 'default' },
    resolvedNodeVersion: { value: null, from: 'default' },
    responseTimeout: { value: 30000, from: 'default' },
    retries: { value: [Object], from: 'default' },
    screenshotOnRunFailure: { value: true, from: 'default' },
    screenshotsFolder: { value: 'cypress/screenshots', from: 'default' },
    slowTestThreshold: { value: 10000, from: 'default' },
    scrollBehavior: { value: 'top', from: 'default' },
    supportFile: { value: 'cypress/support/e2e.{js,jsx,ts,tsx}', from: 'default' },
    supportFolder: { value: false, from: 'default' },
    taskTimeout: { value: 60000, from: 'default' },
    testIsolation: { value: true, from: 'default' },
    trashAssetsBeforeRuns: { value: true, from: 'default' },
    userAgent: { value: null, from: 'default' },
    video: { value: false, from: 'default' },
    videoCompression: { value: false, from: 'default' },
    videosFolder: { value: 'cypress/videos', from: 'default' },
    viewportHeight: { value: 660, from: 'default' },
    viewportWidth: { value: 1000, from: 'default' },
    waitForAnimations: { value: true, from: 'default' },
    watchForFileChanges: { value: false, from: 'config' },
    specPattern: { value: 'cypress/e2e/**/*.cy.{js,jsx,ts,tsx}', from: 'default' },
    browsers: { value: [], from: 'default' },
    hosts: { value: null, from: 'default' },
    isInteractive: { value: true, from: 'default' }
  }
}
2024-07-17T09:26:25.345Z cypress:server:validation clientCerts: []
2024-07-17T09:26:25.346Z cypress:config:project:utils validate that there is no breaking config options before setupNodeEvents
2024-07-17T09:26:25.346Z cypress:data-context:sources:FileDataSource updating glob patterns to POSIX
2024-07-17T09:26:25.346Z cypress:data-context:sources:FileDataSource globbing pattern(s): [ 'cypress/support/e2e.{js,jsx,ts,tsx}' ]
2024-07-17T09:26:25.346Z cypress:data-context:sources:FileDataSource within directory: C:\Workspace\cypress-audio-context-bug
2024-07-17T09:26:25.356Z cypress:config:project:utils setting support file C:/Workspace/cypress-audio-context-bug/cypress/support/e2e.js
2024-07-17T09:26:25.356Z cypress:config:project:utils for project root C:\Workspace\cypress-audio-context-bug
2024-07-17T09:26:25.357Z cypress:config:project:utils resolved support file C:\Workspace\cypress-audio-context-bug\cypress\support\e2e.js
2024-07-17T09:26:25.358Z cypress:config:project:utils require.resolve switched support folder from C:/Workspace/cypress-audio-context-bug/cypress/support/e2e.js to C:\Workspace\cypress-audio-context-bug\cypress\support\e2e.js
2024-07-17T09:26:25.358Z cypress:config:project:utils switching to found file C:\Workspace\cypress-audio-context-bug\cypress\support\e2e.js
2024-07-17T09:26:25.358Z cypress:config:project:utils set support folder C:\Workspace\cypress-audio-context-bug\cypress\support
2024-07-17T09:26:25.358Z cypress:config:browser validating configuration {
  projectRoot: 'C:\\Workspace\\cypress-audio-context-bug',
  projectName: 'cypress-audio-context-bug',
  repoRoot: 'C:/Workspace/cypress-audio-context-bug',
  rawJson: {
    e2e: {},
    envFile: {},
    projectRoot: 'C:\\Workspace\\cypress-audio-context-bug',
    projectName: 'cypress-audio-context-bug',
    repoRoot: 'C:/Workspace/cypress-audio-context-bug'
  },
  configFile: 'cypress.config.js',
  morgan: false,
  isTextTerminal: true,
  socketId: 'fqkyvpac5e',
  report: true,
  animationDistanceThreshold: 5,
  arch: 'x64',
  baseUrl: null,
  blockHosts: null,
  chromeWebSecurity: true,
  clientCertificates: [],
  defaultCommandTimeout: 4000,
  downloadsFolder: 'C:\\Workspace\\cypress-audio-context-bug\\cypress\\downloads',
  env: {},
  execTimeout: 60000,
  experimentalCspAllowList: false,
  experimentalFetchPolyfill: false,
  experimentalInteractiveRunEvents: false,
  experimentalRunAllSpecs: false,
  experimentalMemoryManagement: false,
  experimentalModifyObstructiveThirdPartyCode: false,
  experimentalSkipDomainInjection: null,
  experimentalOriginDependencies: false,
  experimentalSourceRewriting: false,
  experimentalSingleTabRunMode: false,
  experimentalStudio: false,
  experimentalWebKitSupport: false,
  fileServerFolder: 'C:\\Workspace\\cypress-audio-context-bug',
  fixturesFolder: 'C:\\Workspace\\cypress-audio-context-bug\\cypress\\fixtures',
  excludeSpecPattern: '*.hot-update.js',
  includeShadowDom: false,
  keystrokeDelay: 0,
  modifyObstructiveCode: true,
  numTestsKeptInMemory: 0,
  platform: 'win32',
  pageLoadTimeout: 60000,
  port: null,
  projectId: null,
  redirectionLimit: 20,
  reporter: 'spec',
  reporterOptions: null,
  requestTimeout: 5000,
  resolvedNodePath: 'C:\\Users\\TMA\\AppData\\Local\\pnpm\\node.exe',
  resolvedNodeVersion: '20.12.1',
  responseTimeout: 30000,
  retries: {
    runMode: 0,
    openMode: 0,
    experimentalStrategy: undefined,
    experimentalOptions: undefined
  },
  screenshotOnRunFailure: true,
  screenshotsFolder: 'C:\\Workspace\\cypress-audio-context-bug\\cypress\\screenshots',
  slowTestThreshold: 10000,
  scrollBehavior: 'top',
  supportFile: 'C:\\Workspace\\cypress-audio-context-bug\\cypress\\support\\e2e.js',
  supportFolder: 'C:\\Workspace\\cypress-audio-context-bug\\cypress\\support',
  taskTimeout: 60000,
  testIsolation: true,
  trashAssetsBeforeRuns: true,
  userAgent: null,
  video: false,
  videoCompression: false,
  videosFolder: 'C:\\Workspace\\cypress-audio-context-bug\\cypress\\videos',
  viewportHeight: 660,
  viewportWidth: 1000,
  waitForAnimations: true,
  watchForFileChanges: false,
  specPattern: 'cypress/e2e/**/*.cy.{js,jsx,ts,tsx}',
  additionalIgnorePattern: [],
  autoOpen: false,
  browsers: [
    {
      name: 'chrome',
      family: 'chromium',
      channel: 'stable',
      displayName: 'Chrome',
      version: '126.0.6478.127',
      path: 'C:\\Program Files (x86)\\Google\\Chrome\\Application\\chrome.exe',
      minSupportedVersion: 64,
      majorVersion: '126'
    },
    {
      name: 'firefox',
      family: 'firefox',
      channel: 'stable',
      displayName: 'Firefox',
      version: '127.0',
      path: 'C:\\Program Files\\Mozilla Firefox\\firefox.exe',
      minSupportedVersion: 86,
      majorVersion: '127'
    },
    {
      name: 'edge',
      family: 'chromium',
      channel: 'stable',
      displayName: 'Edge',
      version: '126.0.2592.61',
      path: 'C:\\Program Files (x86)\\Microsoft\\Edge\\Application\\msedge.exe',
      minSupportedVersion: 79,
      majorVersion: '126'
    },
    {
      name: 'electron',
      channel: 'stable',
      family: 'chromium',
      displayName: 'Electron',
      version: '118.0.5993.159',
      path: '',
      majorVersion: 118
    }
  ],
  clientRoute: '/__/',
  cypressBinaryRoot: 'C:\\Users\\TMA\\AppData\\Local\\Cypress\\Cache\\13.13.1\\Cypress\\resources\\app',
  devServerPublicPathRoute: '/__cypress/src',
  hosts: null,
  isInteractive: true,
  namespace: '__cypress',
  reporterRoute: '/__cypress/reporter',
  socketIoCookie: '__socket',
  socketIoRoute: '/__socket',
  version: '13.13.1',
  protocolEnabled: false,
  hideCommandLog: false,
  hideRunnerUi: false,
  cypressEnv: 'production',
  resolved: {
    animationDistanceThreshold: { value: 5, from: 'default' },
    arch: { value: 'x64', from: 'default' },
    baseUrl: { value: null, from: 'default' },
    blockHosts: { value: null, from: 'default' },
    chromeWebSecurity: { value: true, from: 'default' },
    clientCertificates: { value: [], from: 'default' },
    defaultCommandTimeout: { value: 4000, from: 'default' },
    downloadsFolder: { value: 'cypress/downloads', from: 'default' },
    env: {},
    execTimeout: { value: 60000, from: 'default' },
    experimentalCspAllowList: { value: false, from: 'default' },
    experimentalFetchPolyfill: { value: false, from: 'default' },
    experimentalInteractiveRunEvents: { value: false, from: 'default' },
    experimentalRunAllSpecs: { value: false, from: 'default' },
    experimentalMemoryManagement: { value: false, from: 'default' },
    experimentalModifyObstructiveThirdPartyCode: { value: false, from: 'default' },
    experimentalSkipDomainInjection: { value: null, from: 'default' },
    experimentalOriginDependencies: { value: false, from: 'default' },
    experimentalSourceRewriting: { value: false, from: 'default' },
    experimentalSingleTabRunMode: { value: false, from: 'default' },
    experimentalStudio: { value: false, from: 'default' },
    experimentalWebKitSupport: { value: false, from: 'default' },
    fileServerFolder: { value: '', from: 'default' },
    fixturesFolder: { value: 'cypress/fixtures', from: 'default' },
    excludeSpecPattern: { value: '*.hot-update.js', from: 'default' },
    includeShadowDom: { value: false, from: 'default' },
    keystrokeDelay: { value: 0, from: 'default' },
    modifyObstructiveCode: { value: true, from: 'default' },
    numTestsKeptInMemory: { value: 0, from: 'config' },
    platform: { value: 'win32', from: 'default' },
    pageLoadTimeout: { value: 60000, from: 'default' },
    port: { value: null, from: 'default' },
    projectId: { value: null, from: 'default' },
    redirectionLimit: { value: 20, from: 'default' },
    reporter: { value: 'spec', from: 'default' },
    reporterOptions: { value: null, from: 'default' },
    requestTimeout: { value: 5000, from: 'default' },
    resolvedNodePath: { value: null, from: 'default' },
    resolvedNodeVersion: { value: null, from: 'default' },
    responseTimeout: { value: 30000, from: 'default' },
    retries: { value: [Object], from: 'default' },
    screenshotOnRunFailure: { value: true, from: 'default' },
    screenshotsFolder: { value: 'cypress/screenshots', from: 'default' },
    slowTestThreshold: { value: 10000, from: 'default' },
    scrollBehavior: { value: 'top', from: 'default' },
    supportFile: { value: 'cypress/support/e2e.{js,jsx,ts,tsx}', from: 'default' },
    supportFolder: { value: false, from: 'default' },
    taskTimeout: { value: 60000, from: 'default' },
    testIsolation: { value: true, from: 'default' },
    trashAssetsBeforeRuns: { value: true, from: 'default' },
    userAgent: { value: null, from: 'default' },
    video: { value: false, from: 'default' },
    videoCompression: { value: false, from: 'default' },
    videosFolder: { value: 'cypress/videos', from: 'default' },
    viewportHeight: { value: 660, from: 'default' },
    viewportWidth: { value: 1000, from: 'default' },
    waitForAnimations: { value: true, from: 'default' },
    watchForFileChanges: { value: false, from: 'config' },
    specPattern: { value: 'cypress/e2e/**/*.cy.{js,jsx,ts,tsx}', from: 'default' },
    browsers: { value: [Array], from: 'runtime' },
    hosts: { value: null, from: 'default' },
    isInteractive: { value: true, from: 'default' }
  }
}
2024-07-17T09:26:25.359Z cypress:server:validation clientCerts: []
2024-07-17T09:26:25.359Z cypress:server:validation browsers [ { name: 'chrome', family: 'chromium', channel: 'stable', displayName: 'Chrome', version: '126.0.6478.127', path: 'C:\\Program Files (x86)\\Google\\Chrome\\Application\\chrome.exe', minSupportedVersion: 64, majorVersion: '126' }, { name: 'firefox', family: 'firefox', channel: 'stable', displayName: 'Firefox', version: '127.0', path: 'C:\\Program Files\\Mozilla Firefox\\firefox.exe', minSupportedVersion: 86, majorVersion: '127' }, { name: 'edge', family: 'chromium', channel: 'stable', displayName: 'Edge', version: '126.0.2592.61', path: 'C:\\Program Files (x86)\\Microsoft\\Edge\\Application\\msedge.exe', minSupportedVersion: 79, majorVersion: '126' }, { name: 'electron', channel: 'stable', family: 'chromium', displayName: 'Electron', version: '118.0.5993.159', path: '', majorVersion: 118 } ]
2024-07-17T09:26:25.363Z cypress:lifecycle:child:run_require_async_child:19012 setupTestingType e2e { additionalIgnorePattern: [], animationDistanceThreshold: 5, arch: 'x64', autoOpen: false, baseUrl: null, blockHosts: null, browsers: [ { name: 'chrome', family: 'chromium', channel: 'stable', displayName: 'Chrome', version: '126.0.6478.127', path: 'C:\\Program Files (x86)\\Google\\Chrome\\Application\\chrome.exe', minSupportedVersion: 64, majorVersion: '126' }, { name: 'firefox', family: 'firefox', channel: 'stable', displayName: 'Firefox', version: '127.0', path: 'C:\\Program Files\\Mozilla Firefox\\firefox.exe', minSupportedVersion: 86, majorVersion: '127' }, { name: 'edge', family: 'chromium', channel: 'stable', displayName: 'Edge', version: '126.0.2592.61', path: 'C:\\Program Files (x86)\\Microsoft\\Edge\\Application\\msedge.exe', minSupportedVersion: 79, majorVersion: '126' }, { name: 'electron', channel: 'stable', family: 'chromium', displayName: 'Electron', version: '118.0.5993.159', path: '', majorVersion: 118 } ], chromeWebSecurity: true, clientCertificates: [], clientRoute: '/__/', configFile: 'C:\\Workspace\\cypress-audio-context-bug\\cypress.config.js', cypressBinaryRoot: 'C:\\Users\\TMA\\AppData\\Local\\Cypress\\Cache\\13.13.1\\Cypress\\resources\\app', cypressEnv: 'production', defaultCommandTimeout: 4000, devServerPublicPathRoute: '/__cypress/src', downloadsFolder: 'C:\\Workspace\\cypress-audio-context-bug\\cypress\\downloads', env: {}, excludeSpecPattern: '*.hot-update.js', execTimeout: 60000, experimentalCspAllowList: false, experimentalFetchPolyfill: false, experimentalInteractiveRunEvents: false, experimentalMemoryManagement: false, experimentalModifyObstructiveThirdPartyCode: false, experimentalOriginDependencies: false, experimentalRunAllSpecs: false, experimentalSingleTabRunMode: false, experimentalSkipDomainInjection: null, experimentalSourceRewriting: false, experimentalStudio: false, experimentalWebKitSupport: false, fileServerFolder: 'C:\\Workspace\\cypress-audio-context-bug', fixturesFolder: 'C:\\Workspace\\cypress-audio-context-bug\\cypress\\fixtures', hideCommandLog: false, hideRunnerUi: false, hosts: null, includeShadowDom: false, isInteractive: true, isTextTerminal: true, keystrokeDelay: 0, modifyObstructiveCode: true, morgan: false, namespace: '__cypress', numTestsKeptInMemory: 0, pageLoadTimeout: 60000, platform: 'win32', port: null, projectId: null, projectName: 'cypress-audio-context-bug', projectRoot: 'C:\\Workspace\\cypress-audio-context-bug', protocolEnabled: false, rawJson: { e2e: {}, envFile: {}, projectRoot: 'C:\\Workspace\\cypress-audio-context-bug', projectName: 'cypress-audio-context-bug', repoRoot: 'C:/Workspace/cypress-audio-context-bug' }, redirectionLimit: 20, repoRoot: 'C:/Workspace/cypress-audio-context-bug', report: true, reporter: 'spec', reporterOptions: null, reporterRoute: '/__cypress/reporter', requestTimeout: 5000, resolved: { animationDistanceThreshold: { value: 5, from: 'default' }, arch: { value: 'x64', from: 'default' }, baseUrl: { value: null, from: 'default' }, blockHosts: { value: null, from: 'default' }, chromeWebSecurity: { value: true, from: 'default' }, clientCertificates: { value: [], from: 'default' }, defaultCommandTimeout: { value: 4000, from: 'default' }, downloadsFolder: { value: 'cypress/downloads', from: 'default' }, env: {}, execTimeout: { value: 60000, from: 'default' }, experimentalCspAllowList: { value: false, from: 'default' }, experimentalFetchPolyfill: { value: false, from: 'default' }, experimentalInteractiveRunEvents: { value: false, from: 'default' }, experimentalRunAllSpecs: { value: false, from: 'default' }, experimentalMemoryManagement: { value: false, from: 'default' }, experimentalModifyObstructiveThirdPartyCode: { value: false, from: 'default' }, experimentalSkipDomainInjection: { value: null, from: 'default' }, experimentalOriginDependencies: { value: false, from: 'default' }, experimentalSourceRewriting: { value: false, from: 'default' }, experimentalSingleTabRunMode: { value: false, from: 'default' }, experimentalStudio: { value: false, from: 'default' }, experimentalWebKitSupport: { value: false, from: 'default' }, fileServerFolder: { value: '', from: 'default' }, fixturesFolder: { value: 'cypress/fixtures', from: 'default' }, excludeSpecPattern: { value: '*.hot-update.js', from: 'default' }, includeShadowDom: { value: false, from: 'default' }, keystrokeDelay: { value: 0, from: 'default' }, modifyObstructiveCode: { value: true, from: 'default' }, numTestsKeptInMemory: { value: 0, from: 'config' }, platform: { value: 'win32', from: 'default' }, pageLoadTimeout: { value: 60000, from: 'default' }, port: { value: null, from: 'default' }, projectId: { value: null, from: 'default' }, redirectionLimit: { value: 20, from: 'default' }, reporter: { value: 'spec', from: 'default' }, reporterOptions: { value: null, from: 'default' }, requestTimeout: { value: 5000, from: 'default' }, resolvedNodePath: { value: null, from: 'default' }, resolvedNodeVersion: { value: null, from: 'default' }, responseTimeout: { value: 30000, from: 'default' }, retries: { value: [Object], from: 'default' }, screenshotOnRunFailure: { value: true, from: 'default' }, screenshotsFolder: { value: 'cypress/screenshots', from: 'default' }, slowTestThreshold: { value: 10000, from: 'default' }, scrollBehavior: { value: 'top', from: 'default' }, supportFile: { value: 'cypress/support/e2e.{js,jsx,ts,tsx}', from: 'default' }, supportFolder: { value: false, from: 'default' }, taskTimeout: { value: 60000, from: 'default' }, testIsolation: { value: true, from: 'default' }, trashAssetsBeforeRuns: { value: true, from: 'default' }, userAgent: { value: null, from: 'default' }, video: { value: false, from: 'default' }, videoCompression: { value: false, from: 'default' }, videosFolder: { value: 'cypress/videos', from: 'default' }, viewportHeight: { value: 660, from: 'default' }, viewportWidth: { value: 1000, from: 'default' }, waitForAnimations: { value: true, from: 'default' }, watchForFileChanges: { value: false, from: 'config' }, specPattern: { value: 'cypress/e2e/**/*.cy.{js,jsx,ts,tsx}', from: 'default' }, browsers: { value: [Array], from: 'runtime' }, hosts: { value: null, from: 'default' }, isInteractive: { value: true, from: 'default' } }, resolvedNodePath: 'C:\\Users\\TMA\\AppData\\Local\\pnpm\\node.exe', resolvedNodeVersion: '20.12.1', responseTimeout: 30000, retries: { runMode: 0, openMode: 0 }, screenshotOnRunFailure: true, screenshotsFolder: 'C:\\Workspace\\cypress-audio-context-bug\\cypress\\screenshots', scrollBehavior: 'top', slowTestThreshold: 10000, socketId: 'fqkyvpac5e', socketIoCookie: '__socket', socketIoRoute: '/__socket', specPattern: 'cypress/e2e/**/*.cy.{js,jsx,ts,tsx}', supportFile: 'C:\\Workspace\\cypress-audio-context-bug\\cypress\\support\\e2e.js', supportFolder: 'C:\\Workspace\\cypress-audio-context-bug\\cypress\\support', taskTimeout: 60000, testIsolation: true, trashAssetsBeforeRuns: true, userAgent: null, version: '13.13.1', video: false, videoCompression: false, videosFolder: 'C:\\Workspace\\cypress-audio-context-bug\\cypress\\videos', viewportHeight: 660, viewportWidth: 1000, waitForAnimations: true, watchForFileChanges: false, testingType: 'e2e' }
2024-07-17T09:26:25.363Z cypress:lifecycle:child:RunPlugins:19012 project root: C:\Workspace\cypress-audio-context-bug
2024-07-17T09:26:25.364Z cypress:lifecycle:child:RunPlugins:19012 passing config { additionalIgnorePattern: [], animationDistanceThreshold: 5, arch: 'x64', autoOpen: false, baseUrl: null, blockHosts: null, browsers: [ { name: 'chrome', family: 'chromium', channel: 'stable', displayName: 'Chrome', version: '126.0.6478.127', path: 'C:\\Program Files (x86)\\Google\\Chrome\\Application\\chrome.exe', minSupportedVersion: 64, majorVersion: '126' }, { name: 'firefox', family: 'firefox', channel: 'stable', displayName: 'Firefox', version: '127.0', path: 'C:\\Program Files\\Mozilla Firefox\\firefox.exe', minSupportedVersion: 86, majorVersion: '127' }, { name: 'edge', family: 'chromium', channel: 'stable', displayName: 'Edge', version: '126.0.2592.61', path: 'C:\\Program Files (x86)\\Microsoft\\Edge\\Application\\msedge.exe', minSupportedVersion: 79, majorVersion: '126' }, { name: 'electron', channel: 'stable', family: 'chromium', displayName: 'Electron', version: '118.0.5993.159', path: '', majorVersion: 118 } ], chromeWebSecurity: true, clientCertificates: [], clientRoute: '/__/', configFile: 'C:\\Workspace\\cypress-audio-context-bug\\cypress.config.js', cypressBinaryRoot: 'C:\\Users\\TMA\\AppData\\Local\\Cypress\\Cache\\13.13.1\\Cypress\\resources\\app', cypressEnv: 'production', defaultCommandTimeout: 4000, devServerPublicPathRoute: '/__cypress/src', downloadsFolder: 'C:\\Workspace\\cypress-audio-context-bug\\cypress\\downloads', env: {}, excludeSpecPattern: '*.hot-update.js', execTimeout: 60000, experimentalCspAllowList: false, experimentalFetchPolyfill: false, experimentalInteractiveRunEvents: false, experimentalMemoryManagement: false, experimentalModifyObstructiveThirdPartyCode: false, experimentalOriginDependencies: false, experimentalRunAllSpecs: false, experimentalSingleTabRunMode: false, experimentalSkipDomainInjection: null, experimentalSourceRewriting: false, experimentalStudio: false, experimentalWebKitSupport: false, fileServerFolder: 'C:\\Workspace\\cypress-audio-context-bug', fixturesFolder: 'C:\\Workspace\\cypress-audio-context-bug\\cypress\\fixtures', hideCommandLog: false, hideRunnerUi: false, hosts: null, includeShadowDom: false, isInteractive: true, isTextTerminal: true, keystrokeDelay: 0, modifyObstructiveCode: true, morgan: false, namespace: '__cypress', numTestsKeptInMemory: 0, pageLoadTimeout: 60000, platform: 'win32', port: null, projectId: null, projectName: 'cypress-audio-context-bug', projectRoot: 'C:\\Workspace\\cypress-audio-context-bug', protocolEnabled: false, rawJson: { e2e: {}, envFile: {}, projectRoot: 'C:\\Workspace\\cypress-audio-context-bug', projectName: 'cypress-audio-context-bug', repoRoot: 'C:/Workspace/cypress-audio-context-bug' }, redirectionLimit: 20, repoRoot: 'C:/Workspace/cypress-audio-context-bug', report: true, reporter: 'spec', reporterOptions: null, reporterRoute: '/__cypress/reporter', requestTimeout: 5000, resolved: { animationDistanceThreshold: { value: 5, from: 'default' }, arch: { value: 'x64', from: 'default' }, baseUrl: { value: null, from: 'default' }, blockHosts: { value: null, from: 'default' }, chromeWebSecurity: { value: true, from: 'default' }, clientCertificates: { value: [], from: 'default' }, defaultCommandTimeout: { value: 4000, from: 'default' }, downloadsFolder: { value: 'cypress/downloads', from: 'default' }, env: {}, execTimeout: { value: 60000, from: 'default' }, experimentalCspAllowList: { value: false, from: 'default' }, experimentalFetchPolyfill: { value: false, from: 'default' }, experimentalInteractiveRunEvents: { value: false, from: 'default' }, experimentalRunAllSpecs: { value: false, from: 'default' }, experimentalMemoryManagement: { value: false, from: 'default' }, experimentalModifyObstructiveThirdPartyCode: { value: false, from: 'default' }, experimentalSkipDomainInjection: { value: null, from: 'default' }, experimentalOriginDependencies: { value: false, from: 'default' }, experimentalSourceRewriting: { value: false, from: 'default' }, experimentalSingleTabRunMode: { value: false, from: 'default' }, experimentalStudio: { value: false, from: 'default' }, experimentalWebKitSupport: { value: false, from: 'default' }, fileServerFolder: { value: '', from: 'default' }, fixturesFolder: { value: 'cypress/fixtures', from: 'default' }, excludeSpecPattern: { value: '*.hot-update.js', from: 'default' }, includeShadowDom: { value: false, from: 'default' }, keystrokeDelay: { value: 0, from: 'default' }, modifyObstructiveCode: { value: true, from: 'default' }, numTestsKeptInMemory: { value: 0, from: 'config' }, platform: { value: 'win32', from: 'default' }, pageLoadTimeout: { value: 60000, from: 'default' }, port: { value: null, from: 'default' }, projectId: { value: null, from: 'default' }, redirectionLimit: { value: 20, from: 'default' }, reporter: { value: 'spec', from: 'default' }, reporterOptions: { value: null, from: 'default' }, requestTimeout: { value: 5000, from: 'default' }, resolvedNodePath: { value: null, from: 'default' }, resolvedNodeVersion: { value: null, from: 'default' }, responseTimeout: { value: 30000, from: 'default' }, retries: { value: [Object], from: 'default' }, screenshotOnRunFailure: { value: true, from: 'default' }, screenshotsFolder: { value: 'cypress/screenshots', from: 'default' }, slowTestThreshold: { value: 10000, from: 'default' }, scrollBehavior: { value: 'top', from: 'default' }, supportFile: { value: 'cypress/support/e2e.{js,jsx,ts,tsx}', from: 'default' }, supportFolder: { value: false, from: 'default' }, taskTimeout: { value: 60000, from: 'default' }, testIsolation: { value: true, from: 'default' }, trashAssetsBeforeRuns: { value: true, from: 'default' }, userAgent: { value: null, from: 'default' }, video: { value: false, from: 'default' }, videoCompression: { value: false, from: 'default' }, videosFolder: { value: 'cypress/videos', from: 'default' }, viewportHeight: { value: 660, from: 'default' }, viewportWidth: { value: 1000, from: 'default' }, waitForAnimations: { value: true, from: 'default' }, watchForFileChanges: { value: false, from: 'config' }, specPattern: { value: 'cypress/e2e/**/*.cy.{js,jsx,ts,tsx}', from: 'default' }, browsers: { value: [Array], from: 'runtime' }, hosts: { value: null, from: 'default' }, isInteractive: { value: true, from: 'default' } }, resolvedNodePath: 'C:\\Users\\TMA\\AppData\\Local\\pnpm\\node.exe', resolvedNodeVersion: '20.12.1', responseTimeout: 30000, retries: { runMode: 0, openMode: 0 }, screenshotOnRunFailure: true, screenshotsFolder: 'C:\\Workspace\\cypress-audio-context-bug\\cypress\\screenshots', scrollBehavior: 'top', slowTestThreshold: 10000, socketId: 'fqkyvpac5e', socketIoCookie: '__socket', socketIoRoute: '/__socket', specPattern: 'cypress/e2e/**/*.cy.{js,jsx,ts,tsx}', supportFile: 'C:\\Workspace\\cypress-audio-context-bug\\cypress\\support\\e2e.js', supportFolder: 'C:\\Workspace\\cypress-audio-context-bug\\cypress\\support', taskTimeout: 60000, testIsolation: true, trashAssetsBeforeRuns: true, userAgent: null, version: '13.13.1', video: false, videoCompression: false, videosFolder: 'C:\\Workspace\\cypress-audio-context-bug\\cypress\\videos', viewportHeight: 660, viewportWidth: 1000, waitForAnimations: true, watchForFileChanges: false, testingType: 'e2e' }
2024-07-17T09:26:25.364Z cypress:lifecycle:child:RunPlugins:19012 Loading the RunPlugins
2024-07-17T09:26:25.364Z cypress:lifecycle:child:RunPlugins:19012 register event _get:task:body with id 0
2024-07-17T09:26:25.364Z cypress:lifecycle:child:RunPlugins:19012 register event _get:task:keys with id 1
2024-07-17T09:26:25.364Z cypress:lifecycle:child:RunPlugins:19012 register event _process:cross:origin:callback with id 2
2024-07-17T09:26:25.364Z cypress:lifecycle:child:RunPlugins:19012 Calling setupNodeEvents
2024-07-17T09:26:25.365Z cypress:lifecycle:child:RunPlugins:19012 register default preprocessor
2024-07-17T09:26:25.366Z cypress:server:plugins resolving typescript with projectRoot 'C:\\Workspace\\cypress-audio-context-bug'
2024-07-17T09:26:25.366Z cypress:server:plugins could not resolve typescript, error: Cannot find module 'typescript'
Require stack:
- C:\Users\TMA\AppData\Local\Cypress\Cache\13.13.1\Cypress\resources\app\node_modules\@packages\server\lib\util\resolve.js
- C:\Users\TMA\AppData\Local\Cypress\Cache\13.13.1\Cypress\resources\app\node_modules\@packages\server\lib\plugins\child\run_plugins.js
- C:\Users\TMA\AppData\Local\Cypress\Cache\13.13.1\Cypress\resources\app\node_modules\@packages\server\lib\plugins\child\run_require_async_child.js
- C:\Users\TMA\AppData\Local\Cypress\Cache\13.13.1\Cypress\resources\app\node_modules\@packages\server\lib\plugins\child\require_async_child.js
2024-07-17T09:26:25.366Z cypress:lifecycle:child:RunPlugins:19012 creating webpack preprocessor with options {}
2024-07-17T09:26:25.467Z cypress:lifecycle:child:RunPlugins:19012 register event file:preprocessor with id 3
2024-07-17T09:26:25.468Z cypress:lifecycle:child:RunPlugins:19012 plugins file successfully loaded
2024-07-17T09:26:25.468Z cypress:lifecycle:ProjectConfigManager register plugins process event _get:task:body with id 0
2024-07-17T09:26:25.469Z cypress:lifecycle:EventRegistrar register event '_get:task:body'
2024-07-17T09:26:25.469Z cypress:lifecycle:ProjectConfigManager register plugins process event _get:task:keys with id 1
2024-07-17T09:26:25.469Z cypress:lifecycle:EventRegistrar register event '_get:task:keys'
2024-07-17T09:26:25.469Z cypress:lifecycle:ProjectConfigManager register plugins process event _process:cross:origin:callback with id 2
2024-07-17T09:26:25.469Z cypress:lifecycle:EventRegistrar register event '_process:cross:origin:callback'
2024-07-17T09:26:25.469Z cypress:lifecycle:ProjectConfigManager register plugins process event file:preprocessor with id 3
2024-07-17T09:26:25.469Z cypress:lifecycle:EventRegistrar register event 'file:preprocessor'
2024-07-17T09:26:25.469Z cypress:config:browser validating configuration {}
2024-07-17T09:26:25.470Z cypress:config:project setting config object { cliConfig: {}, projectName: 'cypress-audio-context-bug', projectRoot: 'C:\\Workspace\\cypress-audio-context-bug', repoRoot: 'C:/Workspace/cypress-audio-context-bug', config: { e2e: {} }, envFile: {}, options: { _: [ 'C:\\Users\\TMA\\AppData\\Local\\Cypress\\Cache\\13.13.1\\Cypress\\Cypress.exe' ], runProject: 'C:\\Workspace\\cypress-audio-context-bug', cwd: 'C:\\Workspace\\cypress-audio-context-bug', userNodePath: 'C:\\Users\\TMA\\AppData\\Local\\pnpm\\node.exe', userNodeVersion: '20.12.1', invokedFromCli: true, config: {}, projectRoot: 'C:\\Workspace\\cypress-audio-context-bug', socketId: 'fqkyvpac5e', isTextTerminal: true, browser: 'electron', quiet: false, morgan: false, report: true, testingType: 'e2e', configFile: 'cypress.config.js' }, configFile: 'cypress.config.js' }
2024-07-17T09:26:25.470Z cypress:config:project config is { e2e: {} }
2024-07-17T09:26:25.470Z cypress:config:project:utils merged config with options, got { e2e: {}, envFile: {}, projectRoot: 'C:\\Workspace\\cypress-audio-context-bug', projectName: 'cypress-audio-context-bug', repoRoot: 'C:/Workspace/cypress-audio-context-bug', rawJson: { e2e: {}, envFile: {}, projectRoot: 'C:\\Workspace\\cypress-audio-context-bug', projectName: 'cypress-audio-context-bug', repoRoot: 'C:/Workspace/cypress-audio-context-bug' }, configFile: 'cypress.config.js', morgan: false, isTextTerminal: true, socketId: 'fqkyvpac5e', report: true }
2024-07-17T09:26:25.471Z cypress:config:project:utils using CYPRESS_INTERNAL_ENV production
2024-07-17T09:26:25.472Z cypress:config:project:utils resolved config is { value: [], from: 'default' }
2024-07-17T09:26:25.472Z cypress:config:browser validating configuration {
  e2e: { specPattern: 'cypress/e2e/**/*.cy.{js,jsx,ts,tsx}' },
  projectRoot: 'C:\\Workspace\\cypress-audio-context-bug',
  projectName: 'cypress-audio-context-bug',
  repoRoot: 'C:/Workspace/cypress-audio-context-bug',
  rawJson: {
    e2e: {},
    envFile: {},
    projectRoot: 'C:\\Workspace\\cypress-audio-context-bug',
    projectName: 'cypress-audio-context-bug',
    repoRoot: 'C:/Workspace/cypress-audio-context-bug'
  },
  configFile: 'cypress.config.js',
  morgan: false,
  isTextTerminal: true,
  socketId: 'fqkyvpac5e',
  report: true,
  animationDistanceThreshold: 5,
  arch: 'x64',
  baseUrl: null,
  blockHosts: null,
  chromeWebSecurity: true,
  clientCertificates: [],
  component: {
    specPattern: '**/*.cy.{js,jsx,ts,tsx}',
    indexHtmlFile: 'cypress/support/component-index.html'
  },
  defaultCommandTimeout: 4000,
  downloadsFolder: 'cypress/downloads',
  env: {},
  execTimeout: 60000,
  experimentalCspAllowList: false,
  experimentalFetchPolyfill: false,
  experimentalInteractiveRunEvents: false,
  experimentalRunAllSpecs: false,
  experimentalMemoryManagement: false,
  experimentalModifyObstructiveThirdPartyCode: false,
  experimentalSkipDomainInjection: null,
  experimentalOriginDependencies: false,
  experimentalSourceRewriting: false,
  experimentalSingleTabRunMode: false,
  experimentalStudio: false,
  experimentalWebKitSupport: false,
  fileServerFolder: '',
  fixturesFolder: 'cypress/fixtures',
  excludeSpecPattern: '*.hot-update.js',
  includeShadowDom: false,
  keystrokeDelay: 0,
  modifyObstructiveCode: true,
  numTestsKeptInMemory: 0,
  platform: 'win32',
  pageLoadTimeout: 60000,
  port: null,
  projectId: null,
  redirectionLimit: 20,
  reporter: 'spec',
  reporterOptions: null,
  requestTimeout: 5000,
  resolvedNodePath: null,
  resolvedNodeVersion: null,
  responseTimeout: 30000,
  retries: {
    runMode: 0,
    openMode: 0,
    experimentalStrategy: undefined,
    experimentalOptions: undefined
  },
  screenshotOnRunFailure: true,
  screenshotsFolder: 'cypress/screenshots',
  slowTestThreshold: 10000,
  scrollBehavior: 'top',
  supportFile: 'cypress/support/e2e.{js,jsx,ts,tsx}',
  supportFolder: false,
  taskTimeout: 60000,
  testIsolation: true,
  trashAssetsBeforeRuns: true,
  userAgent: null,
  video: false,
  videoCompression: false,
  videosFolder: 'cypress/videos',
  viewportHeight: 660,
  viewportWidth: 1000,
  waitForAnimations: true,
  watchForFileChanges: false,
  specPattern: 'cypress/e2e/**/*.cy.{js,jsx,ts,tsx}',
  additionalIgnorePattern: [],
  autoOpen: false,
  clientRoute: '/__/',
  cypressBinaryRoot: 'C:\\Users\\TMA\\AppData\\Local\\Cypress\\Cache\\13.13.1\\Cypress\\resources\\app',
  devServerPublicPathRoute: '/__cypress/src',
  hosts: null,
  isInteractive: true,
  namespace: '__cypress',
  reporterRoute: '/__cypress/reporter',
  socketIoCookie: '__socket',
  socketIoRoute: '/__socket',
  version: '13.13.1',
  protocolEnabled: false,
  hideCommandLog: false,
  hideRunnerUi: false,
  cypressEnv: 'production',
  resolved: {
    animationDistanceThreshold: { value: 5, from: 'default' },
    arch: { value: 'x64', from: 'default' },
    baseUrl: { value: null, from: 'default' },
    blockHosts: { value: null, from: 'default' },
    chromeWebSecurity: { value: true, from: 'default' },
    clientCertificates: { value: [], from: 'default' },
    component: { value: [Object], from: 'default' },
    defaultCommandTimeout: { value: 4000, from: 'default' },
    downloadsFolder: { value: 'cypress/downloads', from: 'default' },
    e2e: { value: [Object], from: 'default' },
    env: {},
    execTimeout: { value: 60000, from: 'default' },
    experimentalCspAllowList: { value: false, from: 'default' },
    experimentalFetchPolyfill: { value: false, from: 'default' },
    experimentalInteractiveRunEvents: { value: false, from: 'default' },
    experimentalRunAllSpecs: { value: false, from: 'default' },
    experimentalMemoryManagement: { value: false, from: 'default' },
    experimentalModifyObstructiveThirdPartyCode: { value: false, from: 'default' },
    experimentalSkipDomainInjection: { value: null, from: 'default' },
    experimentalOriginDependencies: { value: false, from: 'default' },
    experimentalSourceRewriting: { value: false, from: 'default' },
    experimentalSingleTabRunMode: { value: false, from: 'default' },
    experimentalStudio: { value: false, from: 'default' },
    experimentalWebKitSupport: { value: false, from: 'default' },
    fileServerFolder: { value: '', from: 'default' },
    fixturesFolder: { value: 'cypress/fixtures', from: 'default' },
    excludeSpecPattern: { value: '*.hot-update.js', from: 'default' },
    includeShadowDom: { value: false, from: 'default' },
    keystrokeDelay: { value: 0, from: 'default' },
    modifyObstructiveCode: { value: true, from: 'default' },
    numTestsKeptInMemory: { value: 0, from: 'config' },
    platform: { value: 'win32', from: 'default' },
    pageLoadTimeout: { value: 60000, from: 'default' },
    port: { value: null, from: 'default' },
    projectId: { value: null, from: 'default' },
    redirectionLimit: { value: 20, from: 'default' },
    reporter: { value: 'spec', from: 'default' },
    reporterOptions: { value: null, from: 'default' },
    requestTimeout: { value: 5000, from: 'default' },
    resolvedNodePath: { value: null, from: 'default' },
    resolvedNodeVersion: { value: null, from: 'default' },
    responseTimeout: { value: 30000, from: 'default' },
    retries: { value: [Object], from: 'default' },
    screenshotOnRunFailure: { value: true, from: 'default' },
    screenshotsFolder: { value: 'cypress/screenshots', from: 'default' },
    slowTestThreshold: { value: 10000, from: 'default' },
    scrollBehavior: { value: 'top', from: 'default' },
    supportFile: { value: 'cypress/support/e2e.{js,jsx,ts,tsx}', from: 'default' },
    supportFolder: { value: false, from: 'default' },
    taskTimeout: { value: 60000, from: 'default' },
    testIsolation: { value: true, from: 'default' },
    trashAssetsBeforeRuns: { value: true, from: 'default' },
    userAgent: { value: null, from: 'default' },
    video: { value: false, from: 'default' },
    videoCompression: { value: false, from: 'default' },
    videosFolder: { value: 'cypress/videos', from: 'default' },
    viewportHeight: { value: 660, from: 'default' },
    viewportWidth: { value: 1000, from: 'default' },
    waitForAnimations: { value: true, from: 'default' },
    watchForFileChanges: { value: false, from: 'config' },
    specPattern: { value: 'cypress/e2e/**/*.cy.{js,jsx,ts,tsx}', from: 'default' },
    browsers: { value: [], from: 'default' },
    hosts: { value: null, from: 'default' },
    isInteractive: { value: true, from: 'default' }
  }
}
2024-07-17T09:26:25.472Z cypress:server:validation clientCerts: []
2024-07-17T09:26:25.472Z cypress:config:project:utils validate that there is no breaking config options before setupNodeEvents
2024-07-17T09:26:25.472Z cypress:data-context:sources:FileDataSource updating glob patterns to POSIX
2024-07-17T09:26:25.472Z cypress:data-context:sources:FileDataSource globbing pattern(s): [ 'cypress/support/e2e.{js,jsx,ts,tsx}' ]
2024-07-17T09:26:25.472Z cypress:data-context:sources:FileDataSource within directory: C:\Workspace\cypress-audio-context-bug
2024-07-17T09:26:25.474Z cypress:config:project:utils setting support file C:/Workspace/cypress-audio-context-bug/cypress/support/e2e.js
2024-07-17T09:26:25.474Z cypress:config:project:utils for project root C:\Workspace\cypress-audio-context-bug
2024-07-17T09:26:25.474Z cypress:config:project:utils resolved support file C:\Workspace\cypress-audio-context-bug\cypress\support\e2e.js
2024-07-17T09:26:25.474Z cypress:config:project:utils require.resolve switched support folder from C:/Workspace/cypress-audio-context-bug/cypress/support/e2e.js to C:\Workspace\cypress-audio-context-bug\cypress\support\e2e.js
2024-07-17T09:26:25.474Z cypress:config:project:utils switching to found file C:\Workspace\cypress-audio-context-bug\cypress\support\e2e.js
2024-07-17T09:26:25.474Z cypress:config:project:utils set support folder C:\Workspace\cypress-audio-context-bug\cypress\support
2024-07-17T09:26:25.474Z cypress:config:browser validating configuration {
  projectRoot: 'C:\\Workspace\\cypress-audio-context-bug',
  projectName: 'cypress-audio-context-bug',
  repoRoot: 'C:/Workspace/cypress-audio-context-bug',
  rawJson: {
    e2e: {},
    envFile: {},
    projectRoot: 'C:\\Workspace\\cypress-audio-context-bug',
    projectName: 'cypress-audio-context-bug',
    repoRoot: 'C:/Workspace/cypress-audio-context-bug'
  },
  configFile: 'cypress.config.js',
  morgan: false,
  isTextTerminal: true,
  socketId: 'fqkyvpac5e',
  report: true,
  animationDistanceThreshold: 5,
  arch: 'x64',
  baseUrl: null,
  blockHosts: null,
  chromeWebSecurity: true,
  clientCertificates: [],
  defaultCommandTimeout: 4000,
  downloadsFolder: 'C:\\Workspace\\cypress-audio-context-bug\\cypress\\downloads',
  env: {},
  execTimeout: 60000,
  experimentalCspAllowList: false,
  experimentalFetchPolyfill: false,
  experimentalInteractiveRunEvents: false,
  experimentalRunAllSpecs: false,
  experimentalMemoryManagement: false,
  experimentalModifyObstructiveThirdPartyCode: false,
  experimentalSkipDomainInjection: null,
  experimentalOriginDependencies: false,
  experimentalSourceRewriting: false,
  experimentalSingleTabRunMode: false,
  experimentalStudio: false,
  experimentalWebKitSupport: false,
  fileServerFolder: 'C:\\Workspace\\cypress-audio-context-bug',
  fixturesFolder: 'C:\\Workspace\\cypress-audio-context-bug\\cypress\\fixtures',
  excludeSpecPattern: '*.hot-update.js',
  includeShadowDom: false,
  keystrokeDelay: 0,
  modifyObstructiveCode: true,
  numTestsKeptInMemory: 0,
  platform: 'win32',
  pageLoadTimeout: 60000,
  port: null,
  projectId: null,
  redirectionLimit: 20,
  reporter: 'spec',
  reporterOptions: null,
  requestTimeout: 5000,
  resolvedNodePath: 'C:\\Users\\TMA\\AppData\\Local\\pnpm\\node.exe',
  resolvedNodeVersion: '20.12.1',
  responseTimeout: 30000,
  retries: {
    runMode: 0,
    openMode: 0,
    experimentalStrategy: undefined,
    experimentalOptions: undefined
  },
  screenshotOnRunFailure: true,
  screenshotsFolder: 'C:\\Workspace\\cypress-audio-context-bug\\cypress\\screenshots',
  slowTestThreshold: 10000,
  scrollBehavior: 'top',
  supportFile: 'C:\\Workspace\\cypress-audio-context-bug\\cypress\\support\\e2e.js',
  supportFolder: 'C:\\Workspace\\cypress-audio-context-bug\\cypress\\support',
  taskTimeout: 60000,
  testIsolation: true,
  trashAssetsBeforeRuns: true,
  userAgent: null,
  video: false,
  videoCompression: false,
  videosFolder: 'C:\\Workspace\\cypress-audio-context-bug\\cypress\\videos',
  viewportHeight: 660,
  viewportWidth: 1000,
  waitForAnimations: true,
  watchForFileChanges: false,
  specPattern: 'cypress/e2e/**/*.cy.{js,jsx,ts,tsx}',
  additionalIgnorePattern: [],
  autoOpen: false,
  browsers: [
    {
      name: 'chrome',
      family: 'chromium',
      channel: 'stable',
      displayName: 'Chrome',
      version: '126.0.6478.127',
      path: 'C:\\Program Files (x86)\\Google\\Chrome\\Application\\chrome.exe',
      minSupportedVersion: 64,
      majorVersion: '126'
    },
    {
      name: 'firefox',
      family: 'firefox',
      channel: 'stable',
      displayName: 'Firefox',
      version: '127.0',
      path: 'C:\\Program Files\\Mozilla Firefox\\firefox.exe',
      minSupportedVersion: 86,
      majorVersion: '127'
    },
    {
      name: 'edge',
      family: 'chromium',
      channel: 'stable',
      displayName: 'Edge',
      version: '126.0.2592.61',
      path: 'C:\\Program Files (x86)\\Microsoft\\Edge\\Application\\msedge.exe',
      minSupportedVersion: 79,
      majorVersion: '126'
    },
    {
      name: 'electron',
      channel: 'stable',
      family: 'chromium',
      displayName: 'Electron',
      version: '118.0.5993.159',
      path: '',
      majorVersion: 118
    }
  ],
  clientRoute: '/__/',
  cypressBinaryRoot: 'C:\\Users\\TMA\\AppData\\Local\\Cypress\\Cache\\13.13.1\\Cypress\\resources\\app',
  devServerPublicPathRoute: '/__cypress/src',
  hosts: null,
  isInteractive: true,
  namespace: '__cypress',
  reporterRoute: '/__cypress/reporter',
  socketIoCookie: '__socket',
  socketIoRoute: '/__socket',
  version: '13.13.1',
  protocolEnabled: false,
  hideCommandLog: false,
  hideRunnerUi: false,
  cypressEnv: 'production',
  resolved: {
    animationDistanceThreshold: { value: 5, from: 'default' },
    arch: { value: 'x64', from: 'default' },
    baseUrl: { value: null, from: 'default' },
    blockHosts: { value: null, from: 'default' },
    chromeWebSecurity: { value: true, from: 'default' },
    clientCertificates: { value: [], from: 'default' },
    defaultCommandTimeout: { value: 4000, from: 'default' },
    downloadsFolder: { value: 'cypress/downloads', from: 'default' },
    env: {},
    execTimeout: { value: 60000, from: 'default' },
    experimentalCspAllowList: { value: false, from: 'default' },
    experimentalFetchPolyfill: { value: false, from: 'default' },
    experimentalInteractiveRunEvents: { value: false, from: 'default' },
    experimentalRunAllSpecs: { value: false, from: 'default' },
    experimentalMemoryManagement: { value: false, from: 'default' },
    experimentalModifyObstructiveThirdPartyCode: { value: false, from: 'default' },
    experimentalSkipDomainInjection: { value: null, from: 'default' },
    experimentalOriginDependencies: { value: false, from: 'default' },
    experimentalSourceRewriting: { value: false, from: 'default' },
    experimentalSingleTabRunMode: { value: false, from: 'default' },
    experimentalStudio: { value: false, from: 'default' },
    experimentalWebKitSupport: { value: false, from: 'default' },
    fileServerFolder: { value: '', from: 'default' },
    fixturesFolder: { value: 'cypress/fixtures', from: 'default' },
    excludeSpecPattern: { value: '*.hot-update.js', from: 'default' },
    includeShadowDom: { value: false, from: 'default' },
    keystrokeDelay: { value: 0, from: 'default' },
    modifyObstructiveCode: { value: true, from: 'default' },
    numTestsKeptInMemory: { value: 0, from: 'config' },
    platform: { value: 'win32', from: 'default' },
    pageLoadTimeout: { value: 60000, from: 'default' },
    port: { value: null, from: 'default' },
    projectId: { value: null, from: 'default' },
    redirectionLimit: { value: 20, from: 'default' },
    reporter: { value: 'spec', from: 'default' },
    reporterOptions: { value: null, from: 'default' },
    requestTimeout: { value: 5000, from: 'default' },
    resolvedNodePath: { value: null, from: 'default' },
    resolvedNodeVersion: { value: null, from: 'default' },
    responseTimeout: { value: 30000, from: 'default' },
    retries: { value: [Object], from: 'default' },
    screenshotOnRunFailure: { value: true, from: 'default' },
    screenshotsFolder: { value: 'cypress/screenshots', from: 'default' },
    slowTestThreshold: { value: 10000, from: 'default' },
    scrollBehavior: { value: 'top', from: 'default' },
    supportFile: { value: 'cypress/support/e2e.{js,jsx,ts,tsx}', from: 'default' },
    supportFolder: { value: false, from: 'default' },
    taskTimeout: { value: 60000, from: 'default' },
    testIsolation: { value: true, from: 'default' },
    trashAssetsBeforeRuns: { value: true, from: 'default' },
    userAgent: { value: null, from: 'default' },
    video: { value: false, from: 'default' },
    videoCompression: { value: false, from: 'default' },
    videosFolder: { value: 'cypress/videos', from: 'default' },
    viewportHeight: { value: 660, from: 'default' },
    viewportWidth: { value: 1000, from: 'default' },
    waitForAnimations: { value: true, from: 'default' },
    watchForFileChanges: { value: false, from: 'config' },
    specPattern: { value: 'cypress/e2e/**/*.cy.{js,jsx,ts,tsx}', from: 'default' },
    browsers: { value: [Array], from: 'runtime' },
    hosts: { value: null, from: 'default' },
    isInteractive: { value: true, from: 'default' }
  }
}
2024-07-17T09:26:25.475Z cypress:server:validation clientCerts: []
2024-07-17T09:26:25.475Z cypress:server:validation browsers [ { name: 'chrome', family: 'chromium', channel: 'stable', displayName: 'Chrome', version: '126.0.6478.127', path: 'C:\\Program Files (x86)\\Google\\Chrome\\Application\\chrome.exe', minSupportedVersion: 64, majorVersion: '126' }, { name: 'firefox', family: 'firefox', channel: 'stable', displayName: 'Firefox', version: '127.0', path: 'C:\\Program Files\\Mozilla Firefox\\firefox.exe', minSupportedVersion: 86, majorVersion: '127' }, { name: 'edge', family: 'chromium', channel: 'stable', displayName: 'Edge', version: '126.0.2592.61', path: 'C:\\Program Files (x86)\\Microsoft\\Edge\\Application\\msedge.exe', minSupportedVersion: 79, majorVersion: '126' }, { name: 'electron', channel: 'stable', family: 'chromium', displayName: 'Electron', version: '118.0.5993.159', path: '', majorVersion: 118 } ]
2024-07-17T09:26:25.475Z cypress:config:project updateWithPluginValues { cfg: { projectRoot: 'C:\\Workspace\\cypress-audio-context-bug', projectName: 'cypress-audio-context-bug', repoRoot: 'C:/Workspace/cypress-audio-context-bug', rawJson: { e2e: {}, envFile: {}, projectRoot: 'C:\\Workspace\\cypress-audio-context-bug', projectName: 'cypress-audio-context-bug', repoRoot: 'C:/Workspace/cypress-audio-context-bug' }, configFile: 'cypress.config.js', morgan: false, isTextTerminal: true, socketId: 'fqkyvpac5e', report: true, animationDistanceThreshold: 5, arch: 'x64', baseUrl: null, blockHosts: null, chromeWebSecurity: true, clientCertificates: [], defaultCommandTimeout: 4000, downloadsFolder: 'C:\\Workspace\\cypress-audio-context-bug\\cypress\\downloads', env: {}, execTimeout: 60000, experimentalCspAllowList: false, experimentalFetchPolyfill: false, experimentalInteractiveRunEvents: false, experimentalRunAllSpecs: false, experimentalMemoryManagement: false, experimentalModifyObstructiveThirdPartyCode: false, experimentalSkipDomainInjection: null, experimentalOriginDependencies: false, experimentalSourceRewriting: false, experimentalSingleTabRunMode: false, experimentalStudio: false, experimentalWebKitSupport: false, fileServerFolder: 'C:\\Workspace\\cypress-audio-context-bug', fixturesFolder: 'C:\\Workspace\\cypress-audio-context-bug\\cypress\\fixtures', excludeSpecPattern: '*.hot-update.js', includeShadowDom: false, keystrokeDelay: 0, modifyObstructiveCode: true, numTestsKeptInMemory: 0, platform: 'win32', pageLoadTimeout: 60000, port: null, projectId: null, redirectionLimit: 20, reporter: 'spec', reporterOptions: null, requestTimeout: 5000, resolvedNodePath: 'C:\\Users\\TMA\\AppData\\Local\\pnpm\\node.exe', resolvedNodeVersion: '20.12.1', responseTimeout: 30000, retries: { runMode: 0, openMode: 0, experimentalStrategy: undefined, experimentalOptions: undefined }, screenshotOnRunFailure: true, screenshotsFolder: 'C:\\Workspace\\cypress-audio-context-bug\\cypress\\screenshots', slowTestThreshold: 10000, scrollBehavior: 'top', supportFile: 'C:\\Workspace\\cypress-audio-context-bug\\cypress\\support\\e2e.js', supportFolder: 'C:\\Workspace\\cypress-audio-context-bug\\cypress\\support', taskTimeout: 60000, testIsolation: true, trashAssetsBeforeRuns: true, userAgent: null, video: false, videoCompression: false, videosFolder: 'C:\\Workspace\\cypress-audio-context-bug\\cypress\\videos', viewportHeight: 660, viewportWidth: 1000, waitForAnimations: true, watchForFileChanges: false, specPattern: 'cypress/e2e/**/*.cy.{js,jsx,ts,tsx}', additionalIgnorePattern: [], autoOpen: false, browsers: [ [Object], [Object], [Object], [Object] ], clientRoute: '/__/', cypressBinaryRoot: 'C:\\Users\\TMA\\AppData\\Local\\Cypress\\Cache\\13.13.1\\Cypress\\resources\\app', devServerPublicPathRoute: '/__cypress/src', hosts: null, isInteractive: true, namespace: '__cypress', reporterRoute: '/__cypress/reporter', socketIoCookie: '__socket', socketIoRoute: '/__socket', version: '13.13.1', protocolEnabled: false, hideCommandLog: false, hideRunnerUi: false, cypressEnv: 'production', resolved: { animationDistanceThreshold: [Object], arch: [Object], baseUrl: [Object], blockHosts: [Object], chromeWebSecurity: [Object], clientCertificates: [Object], defaultCommandTimeout: [Object], downloadsFolder: [Object], env: {}, execTimeout: [Object], experimentalCspAllowList: [Object], experimentalFetchPolyfill: [Object], experimentalInteractiveRunEvents: [Object], experimentalRunAllSpecs: [Object], experimentalMemoryManagement: [Object], experimentalModifyObstructiveThirdPartyCode: [Object], experimentalSkipDomainInjection: [Object], experimentalOriginDependencies: [Object], experimentalSourceRewriting: [Object], experimentalSingleTabRunMode: [Object], experimentalStudio: [Object], experimentalWebKitSupport: [Object], fileServerFolder: [Object], fixturesFolder: [Object], excludeSpecPattern: [Object], includeShadowDom: [Object], keystrokeDelay: [Object], modifyObstructiveCode: [Object], numTestsKeptInMemory: [Object], platform: [Object], pageLoadTimeout: [Object], port: [Object], projectId: [Object], redirectionLimit: [Object], reporter: [Object], reporterOptions: [Object], requestTimeout: [Object], resolvedNodePath: [Object], resolvedNodeVersion: [Object], responseTimeout: [Object], retries: [Object], screenshotOnRunFailure: [Object], screenshotsFolder: [Object], slowTestThreshold: [Object], scrollBehavior: [Object], supportFile: [Object], supportFolder: [Object], taskTimeout: [Object], testIsolation: [Object], trashAssetsBeforeRuns: [Object], userAgent: [Object], video: [Object], videoCompression: [Object], videosFolder: [Object], viewportHeight: [Object], viewportWidth: [Object], waitForAnimations: [Object], watchForFileChanges: [Object], specPattern: [Object], browsers: [Object], hosts: [Object], isInteractive: [Object] } }, modifiedConfig: {} }
2024-07-17T09:26:25.476Z cypress:config:browser validating configuration {}
2024-07-17T09:26:25.476Z cypress:config:project validate that there is no breaking config options added by setupNodeEvents
2024-07-17T09:26:25.476Z cypress:config:project config diffs null
2024-07-17T09:26:25.477Z cypress:config:project merged config object { projectRoot: 'C:\\Workspace\\cypress-audio-context-bug', projectName: 'cypress-audio-context-bug', repoRoot: 'C:/Workspace/cypress-audio-context-bug', rawJson: { e2e: {}, envFile: {}, projectRoot: 'C:\\Workspace\\cypress-audio-context-bug', projectName: 'cypress-audio-context-bug', repoRoot: 'C:/Workspace/cypress-audio-context-bug' }, configFile: 'cypress.config.js', morgan: false, isTextTerminal: true, socketId: 'fqkyvpac5e', report: true, animationDistanceThreshold: 5, arch: 'x64', baseUrl: null, blockHosts: null, chromeWebSecurity: true, clientCertificates: [], defaultCommandTimeout: 4000, downloadsFolder: 'C:\\Workspace\\cypress-audio-context-bug\\cypress\\downloads', env: {}, execTimeout: 60000, experimentalCspAllowList: false, experimentalFetchPolyfill: false, experimentalInteractiveRunEvents: false, experimentalRunAllSpecs: false, experimentalMemoryManagement: false, experimentalModifyObstructiveThirdPartyCode: false, experimentalSkipDomainInjection: null, experimentalOriginDependencies: false, experimentalSourceRewriting: false, experimentalSingleTabRunMode: false, experimentalStudio: false, experimentalWebKitSupport: false, fileServerFolder: 'C:\\Workspace\\cypress-audio-context-bug', fixturesFolder: 'C:\\Workspace\\cypress-audio-context-bug\\cypress\\fixtures', excludeSpecPattern: '*.hot-update.js', includeShadowDom: false, keystrokeDelay: 0, modifyObstructiveCode: true, numTestsKeptInMemory: 0, platform: 'win32', pageLoadTimeout: 60000, port: null, projectId: null, redirectionLimit: 20, reporter: 'spec', reporterOptions: null, requestTimeout: 5000, resolvedNodePath: 'C:\\Users\\TMA\\AppData\\Local\\pnpm\\node.exe', resolvedNodeVersion: '20.12.1', responseTimeout: 30000, retries: { runMode: 0, openMode: 0, experimentalStrategy: undefined, experimentalOptions: undefined }, screenshotOnRunFailure: true, screenshotsFolder: 'C:\\Workspace\\cypress-audio-context-bug\\cypress\\screenshots', slowTestThreshold: 10000, scrollBehavior: 'top', supportFile: 'C:\\Workspace\\cypress-audio-context-bug\\cypress\\support\\e2e.js', supportFolder: 'C:\\Workspace\\cypress-audio-context-bug\\cypress\\support', taskTimeout: 60000, testIsolation: true, trashAssetsBeforeRuns: true, userAgent: null, video: false, videoCompression: false, videosFolder: 'C:\\Workspace\\cypress-audio-context-bug\\cypress\\videos', viewportHeight: 660, viewportWidth: 1000, waitForAnimations: true, watchForFileChanges: false, specPattern: 'cypress/e2e/**/*.cy.{js,jsx,ts,tsx}', additionalIgnorePattern: [], autoOpen: false, browsers: [ { name: 'chrome', family: 'chromium', channel: 'stable', displayName: 'Chrome', version: '126.0.6478.127', path: 'C:\\Program Files (x86)\\Google\\Chrome\\Application\\chrome.exe', minSupportedVersion: 64, majorVersion: '126' }, { name: 'firefox', family: 'firefox', channel: 'stable', displayName: 'Firefox', version: '127.0', path: 'C:\\Program Files\\Mozilla Firefox\\firefox.exe', minSupportedVersion: 86, majorVersion: '127' }, { name: 'edge', family: 'chromium', channel: 'stable', displayName: 'Edge', version: '126.0.2592.61', path: 'C:\\Program Files (x86)\\Microsoft\\Edge\\Application\\msedge.exe', minSupportedVersion: 79, majorVersion: '126' }, { name: 'electron', channel: 'stable', family: 'chromium', displayName: 'Electron', version: '118.0.5993.159', path: '', majorVersion: 118 } ], clientRoute: '/__/', cypressBinaryRoot: 'C:\\Users\\TMA\\AppData\\Local\\Cypress\\Cache\\13.13.1\\Cypress\\resources\\app', devServerPublicPathRoute: '/__cypress/src', hosts: null, isInteractive: true, namespace: '__cypress', reporterRoute: '/__cypress/reporter', socketIoCookie: '__socket', socketIoRoute: '/__socket', version: '13.13.1', protocolEnabled: false, hideCommandLog: false, hideRunnerUi: false, cypressEnv: 'production', resolved: { animationDistanceThreshold: { value: 5, from: 'default' }, arch: { value: 'x64', from: 'default' }, baseUrl: { value: null, from: 'default' }, blockHosts: { value: null, from: 'default' }, chromeWebSecurity: { value: true, from: 'default' }, clientCertificates: { value: [], from: 'default' }, defaultCommandTimeout: { value: 4000, from: 'default' }, downloadsFolder: { value: 'cypress/downloads', from: 'default' }, env: {}, execTimeout: { value: 60000, from: 'default' }, experimentalCspAllowList: { value: false, from: 'default' }, experimentalFetchPolyfill: { value: false, from: 'default' }, experimentalInteractiveRunEvents: { value: false, from: 'default' }, experimentalRunAllSpecs: { value: false, from: 'default' }, experimentalMemoryManagement: { value: false, from: 'default' }, experimentalModifyObstructiveThirdPartyCode: { value: false, from: 'default' }, experimentalSkipDomainInjection: { value: null, from: 'default' }, experimentalOriginDependencies: { value: false, from: 'default' }, experimentalSourceRewriting: { value: false, from: 'default' }, experimentalSingleTabRunMode: { value: false, from: 'default' }, experimentalStudio: { value: false, from: 'default' }, experimentalWebKitSupport: { value: false, from: 'default' }, fileServerFolder: { value: '', from: 'default' }, fixturesFolder: { value: 'cypress/fixtures', from: 'default' }, excludeSpecPattern: { value: '*.hot-update.js', from: 'default' }, includeShadowDom: { value: false, from: 'default' }, keystrokeDelay: { value: 0, from: 'default' }, modifyObstructiveCode: { value: true, from: 'default' }, numTestsKeptInMemory: { value: 0, from: 'config' }, platform: { value: 'win32', from: 'default' }, pageLoadTimeout: { value: 60000, from: 'default' }, port: { value: null, from: 'default' }, projectId: { value: null, from: 'default' }, redirectionLimit: { value: 20, from: 'default' }, reporter: { value: 'spec', from: 'default' }, reporterOptions: { value: null, from: 'default' }, requestTimeout: { value: 5000, from: 'default' }, resolvedNodePath: { value: null, from: 'default' }, resolvedNodeVersion: { value: null, from: 'default' }, responseTimeout: { value: 30000, from: 'default' }, retries: { value: [Object], from: 'default' }, screenshotOnRunFailure: { value: true, from: 'default' }, screenshotsFolder: { value: 'cypress/screenshots', from: 'default' }, slowTestThreshold: { value: 10000, from: 'default' }, scrollBehavior: { value: 'top', from: 'default' }, supportFile: { value: 'cypress/support/e2e.{js,jsx,ts,tsx}', from: 'default' }, supportFolder: { value: false, from: 'default' }, taskTimeout: { value: 60000, from: 'default' }, testIsolation: { value: true, from: 'default' }, trashAssetsBeforeRuns: { value: true, from: 'default' }, userAgent: { value: null, from: 'default' }, video: { value: false, from: 'default' }, videoCompression: { value: false, from: 'default' }, videosFolder: { value: 'cypress/videos', from: 'default' }, viewportHeight: { value: 660, from: 'default' }, viewportWidth: { value: 1000, from: 'default' }, waitForAnimations: { value: true, from: 'default' }, watchForFileChanges: { value: false, from: 'config' }, specPattern: { value: 'cypress/e2e/**/*.cy.{js,jsx,ts,tsx}', from: 'default' }, browsers: { value: [Array], from: 'runtime' }, hosts: { value: null, from: 'default' }, isInteractive: { value: true, from: 'default' } } }
2024-07-17T09:26:25.477Z cypress:config:project merged plugins config { projectRoot: 'C:\\Workspace\\cypress-audio-context-bug', projectName: 'cypress-audio-context-bug', repoRoot: 'C:/Workspace/cypress-audio-context-bug', rawJson: { e2e: {}, envFile: {}, projectRoot: 'C:\\Workspace\\cypress-audio-context-bug', projectName: 'cypress-audio-context-bug', repoRoot: 'C:/Workspace/cypress-audio-context-bug' }, configFile: 'cypress.config.js', morgan: false, isTextTerminal: true, socketId: 'fqkyvpac5e', report: true, animationDistanceThreshold: 5, arch: 'x64', baseUrl: null, blockHosts: null, chromeWebSecurity: true, clientCertificates: [], defaultCommandTimeout: 4000, downloadsFolder: 'C:\\Workspace\\cypress-audio-context-bug\\cypress\\downloads', env: {}, execTimeout: 60000, experimentalCspAllowList: false, experimentalFetchPolyfill: false, experimentalInteractiveRunEvents: false, experimentalRunAllSpecs: false, experimentalMemoryManagement: false, experimentalModifyObstructiveThirdPartyCode: false, experimentalSkipDomainInjection: null, experimentalOriginDependencies: false, experimentalSourceRewriting: false, experimentalSingleTabRunMode: false, experimentalStudio: false, experimentalWebKitSupport: false, fileServerFolder: 'C:\\Workspace\\cypress-audio-context-bug', fixturesFolder: 'C:\\Workspace\\cypress-audio-context-bug\\cypress\\fixtures', excludeSpecPattern: '*.hot-update.js', includeShadowDom: false, keystrokeDelay: 0, modifyObstructiveCode: true, numTestsKeptInMemory: 0, platform: 'win32', pageLoadTimeout: 60000, port: null, projectId: null, redirectionLimit: 20, reporter: 'spec', reporterOptions: null, requestTimeout: 5000, resolvedNodePath: 'C:\\Users\\TMA\\AppData\\Local\\pnpm\\node.exe', resolvedNodeVersion: '20.12.1', responseTimeout: 30000, retries: { runMode: 0, openMode: 0, experimentalStrategy: undefined, experimentalOptions: undefined }, screenshotOnRunFailure: true, screenshotsFolder: 'C:\\Workspace\\cypress-audio-context-bug\\cypress\\screenshots', slowTestThreshold: 10000, scrollBehavior: 'top', supportFile: 'C:\\Workspace\\cypress-audio-context-bug\\cypress\\support\\e2e.js', supportFolder: 'C:\\Workspace\\cypress-audio-context-bug\\cypress\\support', taskTimeout: 60000, testIsolation: true, trashAssetsBeforeRuns: true, userAgent: null, video: false, videoCompression: false, videosFolder: 'C:\\Workspace\\cypress-audio-context-bug\\cypress\\videos', viewportHeight: 660, viewportWidth: 1000, waitForAnimations: true, watchForFileChanges: false, specPattern: 'cypress/e2e/**/*.cy.{js,jsx,ts,tsx}', additionalIgnorePattern: [], autoOpen: false, browsers: [ { name: 'chrome', family: 'chromium', channel: 'stable', displayName: 'Chrome', version: '126.0.6478.127', path: 'C:\\Program Files (x86)\\Google\\Chrome\\Application\\chrome.exe', minSupportedVersion: 64, majorVersion: '126' }, { name: 'firefox', family: 'firefox', channel: 'stable', displayName: 'Firefox', version: '127.0', path: 'C:\\Program Files\\Mozilla Firefox\\firefox.exe', minSupportedVersion: 86, majorVersion: '127' }, { name: 'edge', family: 'chromium', channel: 'stable', displayName: 'Edge', version: '126.0.2592.61', path: 'C:\\Program Files (x86)\\Microsoft\\Edge\\Application\\msedge.exe', minSupportedVersion: 79, majorVersion: '126' }, { name: 'electron', channel: 'stable', family: 'chromium', displayName: 'Electron', version: '118.0.5993.159', path: '', majorVersion: 118 } ], clientRoute: '/__/', cypressBinaryRoot: 'C:\\Users\\TMA\\AppData\\Local\\Cypress\\Cache\\13.13.1\\Cypress\\resources\\app', devServerPublicPathRoute: '/__cypress/src', hosts: null, isInteractive: true, namespace: '__cypress', reporterRoute: '/__cypress/reporter', socketIoCookie: '__socket', socketIoRoute: '/__socket', version: '13.13.1', protocolEnabled: false, hideCommandLog: false, hideRunnerUi: false, cypressEnv: 'production', resolved: { animationDistanceThreshold: { value: 5, from: 'default' }, arch: { value: 'x64', from: 'default' }, baseUrl: { value: null, from: 'default' }, blockHosts: { value: null, from: 'default' }, chromeWebSecurity: { value: true, from: 'default' }, clientCertificates: { value: [], from: 'default' }, defaultCommandTimeout: { value: 4000, from: 'default' }, downloadsFolder: { value: 'cypress/downloads', from: 'default' }, env: {}, execTimeout: { value: 60000, from: 'default' }, experimentalCspAllowList: { value: false, from: 'default' }, experimentalFetchPolyfill: { value: false, from: 'default' }, experimentalInteractiveRunEvents: { value: false, from: 'default' }, experimentalRunAllSpecs: { value: false, from: 'default' }, experimentalMemoryManagement: { value: false, from: 'default' }, experimentalModifyObstructiveThirdPartyCode: { value: false, from: 'default' }, experimentalSkipDomainInjection: { value: null, from: 'default' }, experimentalOriginDependencies: { value: false, from: 'default' }, experimentalSourceRewriting: { value: false, from: 'default' }, experimentalSingleTabRunMode: { value: false, from: 'default' }, experimentalStudio: { value: false, from: 'default' }, experimentalWebKitSupport: { value: false, from: 'default' }, fileServerFolder: { value: '', from: 'default' }, fixturesFolder: { value: 'cypress/fixtures', from: 'default' }, excludeSpecPattern: { value: '*.hot-update.js', from: 'default' }, includeShadowDom: { value: false, from: 'default' }, keystrokeDelay: { value: 0, from: 'default' }, modifyObstructiveCode: { value: true, from: 'default' }, numTestsKeptInMemory: { value: 0, from: 'config' }, platform: { value: 'win32', from: 'default' }, pageLoadTimeout: { value: 60000, from: 'default' }, port: { value: null, from: 'default' }, projectId: { value: null, from: 'default' }, redirectionLimit: { value: 20, from: 'default' }, reporter: { value: 'spec', from: 'default' }, reporterOptions: { value: null, from: 'default' }, requestTimeout: { value: 5000, from: 'default' }, resolvedNodePath: { value: null, from: 'default' }, resolvedNodeVersion: { value: null, from: 'default' }, responseTimeout: { value: 30000, from: 'default' }, retries: { value: [Object], from: 'default' }, screenshotOnRunFailure: { value: true, from: 'default' }, screenshotsFolder: { value: 'cypress/screenshots', from: 'default' }, slowTestThreshold: { value: 10000, from: 'default' }, scrollBehavior: { value: 'top', from: 'default' }, supportFile: { value: 'cypress/support/e2e.{js,jsx,ts,tsx}', from: 'default' }, supportFolder: { value: false, from: 'default' }, taskTimeout: { value: 60000, from: 'default' }, testIsolation: { value: true, from: 'default' }, trashAssetsBeforeRuns: { value: true, from: 'default' }, userAgent: { value: null, from: 'default' }, video: { value: false, from: 'default' }, videoCompression: { value: false, from: 'default' }, videosFolder: { value: 'cypress/videos', from: 'default' }, viewportHeight: { value: 660, from: 'default' }, viewportWidth: { value: 1000, from: 'default' }, waitForAnimations: { value: true, from: 'default' }, watchForFileChanges: { value: false, from: 'config' }, specPattern: { value: 'cypress/e2e/**/*.cy.{js,jsx,ts,tsx}', from: 'default' }, browsers: { value: [Array], from: 'runtime' }, hosts: { value: null, from: 'default' }, isInteractive: { value: true, from: 'default' } } }
2024-07-17T09:26:25.478Z cypress:data-context:sources:FileDataSource updating glob patterns to POSIX
2024-07-17T09:26:25.478Z cypress:data-context:sources:FileDataSource globbing pattern(s): [ 'cypress/e2e/**/*.cy.{js,jsx,ts,tsx}' ]
2024-07-17T09:26:25.478Z cypress:data-context:sources:FileDataSource within directory: C:\Workspace\cypress-audio-context-bug
2024-07-17T09:26:25.481Z cypress:data-context:sources:ProjectDataSource found specs [ 'C:/Workspace/cypress-audio-context-bug/cypress/e2e/audio-context/add-module.cy.js' ]
2024-07-17T09:26:25.482Z cypress:data-context:sources:GitDataSource getting git info for [ 'C:/Workspace/cypress-audio-context-bug/cypress/e2e/audio-context/add-module.cy.js' ]:
2024-07-17T09:26:25.482Z cypress:data-context:sources:GitDataSource executing command: `FOR %x in ("C:\Workspace\cypress-audio-context-bug\cypress\e2e\audio-context\add-module.cy.js") DO (git log --max-count=1 --pretty="format:%ci %ar %an|%h|%s" %x)`
2024-07-17T09:26:25.482Z cypress:data-context:sources:GitDataSource cwd: `C:/Workspace/cypress-audio-context-bug`
2024-07-17T09:26:25.493Z cypress:data-context:codegen:code-generator hasNonExampleSpec - calling with template directory "C:\Users\TMA\AppData\Local\Cypress\Cache\13.13.1\Cypress\resources\app\packages\example\cypress\e2e" and 1
2024-07-17T09:26:25.501Z cypress:server:browsers:utils searching for browser { nameOrPath: 'electron', filter: { name: 'electron', channel: 'stable' }, knownBrowsers: [ { name: 'chrome', family: 'chromium', channel: 'stable', displayName: 'Chrome', version: '126.0.6478.127', path: 'C:\\Program Files (x86)\\Google\\Chrome\\Application\\chrome.exe', minSupportedVersion: 64, majorVersion: '126' }, { name: 'firefox', family: 'firefox', channel: 'stable', displayName: 'Firefox', version: '127.0', path: 'C:\\Program Files\\Mozilla Firefox\\firefox.exe', minSupportedVersion: 86, majorVersion: '127' }, { name: 'edge', family: 'chromium', channel: 'stable', displayName: 'Edge', version: '126.0.2592.61', path: 'C:\\Program Files (x86)\\Microsoft\\Edge\\Application\\msedge.exe', minSupportedVersion: 79, majorVersion: '126' }, { name: 'electron', channel: 'stable', family: 'chromium', displayName: 'Electron', version: '118.0.5993.159', path: '', majorVersion: 118 } ] }
2024-07-17T09:26:25.501Z cypress:data-context browser found to set electron
2024-07-17T09:26:25.502Z cypress:server:appdata path: C:\Users\TMA\AppData\Roaming\Cypress\cy\production\cache
2024-07-17T09:26:25.506Z cypress:server:saved_state making saved state from C:\Users\TMA\AppData\Local\Cypress\Cache\13.13.1\Cypress\resources\app\packages\server
2024-07-17T09:26:25.506Z cypress:server:saved_state missing project path, looking for project here
2024-07-17T09:26:25.508Z cypress:server:saved_state state path for global mode
2024-07-17T09:26:25.508Z cypress:server:appdata path: C:\Users\TMA\AppData\Roaming\Cypress\cy\production\projects\__global__\state.json
2024-07-17T09:26:25.508Z cypress:server:saved_state full state path C:\Users\TMA\AppData\Roaming\Cypress\cy\production\projects\__global__\state.json
2024-07-17T09:26:25.508Z cypress:server:saved_state making new state file around C:\Users\TMA\AppData\Roaming\Cypress\cy\production\projects\__global__\state.json
2024-07-17T09:26:25.511Z cypress:data-context:codegen:code-generator hasNonExampleSpec - checking for spec add-module.cy.js
2024-07-17T09:26:25.514Z cypress:server:run run mode ready with options { _: [ 'C:\\Users\\TMA\\AppData\\Local\\Cypress\\Cache\\13.13.1\\Cypress\\Cypress.exe' ], runProject: 'C:\\Workspace\\cypress-audio-context-bug', cwd: 'C:\\Workspace\\cypress-audio-context-bug', userNodePath: 'C:\\Users\\TMA\\AppData\\Local\\pnpm\\node.exe', userNodeVersion: '20.12.1', invokedFromCli: true, config: {}, projectRoot: 'C:\\Workspace\\cypress-audio-context-bug', socketId: 'fqkyvpac5e', isTextTerminal: true, browser: 'electron', quiet: false, morgan: false, report: true, testingType: 'e2e' }
2024-07-17T09:26:25.514Z cypress:server:browsers:utils getBrowsers
2024-07-17T09:26:25.515Z cypress:launcher:detect detecting if the following browsers are present [ { name: 'chrome', family: 'chromium', channel: 'stable', displayName: 'Chrome', versionRegex: /Google Chrome (\S+)/m, binary: [ 'google-chrome', 'chrome', 'google-chrome-stable' ], minSupportedVersion: 64 }, { name: 'chromium', family: 'chromium', channel: 'stable', displayName: 'Chromium', versionRegex: /Chromium (\S+)/m, binary: [ 'chromium-browser', 'chromium' ], minSupportedVersion: 64 }, { name: 'chrome', family: 'chromium', channel: 'beta', displayName: 'Chrome Beta', versionRegex: /Google Chrome (\S+) beta/m, binary: 'google-chrome-beta', minSupportedVersion: 64 }, { name: 'chrome', family: 'chromium', channel: 'canary', displayName: 'Canary', versionRegex: /Google Chrome Canary (\S+)/m, binary: 'google-chrome-canary', minSupportedVersion: 64 }, { name: 'firefox', family: 'firefox', channel: 'stable', displayName: 'Firefox', versionRegex: /^Mozilla Firefox ([^\sab]+)$/m, binary: 'firefox', minSupportedVersion: 86, validator: [Function: validator] }, { name: 'firefox', family: 'firefox', channel: 'dev', displayName: 'Firefox Developer Edition', versionRegex: /^Mozilla Firefox (\S+b\S*)$/m, binary: [ 'firefox-developer-edition', 'firefox' ], minSupportedVersion: 86 }, { name: 'firefox', family: 'firefox', channel: 'nightly', displayName: 'Firefox Nightly', versionRegex: /^Mozilla Firefox (\S+a\S*)$/m, binary: [ 'firefox-nightly', 'firefox-trunk' ], minSupportedVersion: 86 }, { name: 'edge', family: 'chromium', channel: 'stable', displayName: 'Edge', versionRegex: /Microsoft Edge (\S+)/im, binary: [ 'edge', 'microsoft-edge' ], minSupportedVersion: 79 }, { name: 'edge', family: 'chromium', channel: 'canary', displayName: 'Edge Canary', versionRegex: /Microsoft Edge.+?(\S*(?= canary)|(?<=canary )\S*)/im, binary: [ 'edge-canary', 'microsoft-edge-canary' ], minSupportedVersion: 79 }, { name: 'edge', family: 'chromium', channel: 'beta', displayName: 'Edge Beta', versionRegex: /Microsoft Edge.+?(\S*(?= beta)|(?<=beta )\S*)/im, binary: [ 'edge-beta', 'microsoft-edge-beta' ], minSupportedVersion: 79 }, { name: 'edge', family: 'chromium', channel: 'dev', displayName: 'Edge Dev', versionRegex: /Microsoft Edge.+?(\S*(?= dev)|(?<=dev )\S*)/im, binary: [ 'edge-dev', 'microsoft-edge-dev' ], minSupportedVersion: 79 } ]
2024-07-17T09:26:25.515Z cypress:server:browsers:utils WebKit is enabled, but there was an error constructing the WebKit browser: { err: Error: Cannot find module 'playwright-webkit' Require stack: - C:\Users\TMA\AppData\Local\Cypress\Cache\13.13.1\Cypress\resources\app\packages\server\lib\browsers\utils.ts at node:internal/modules/cjs/loader:1084:15 at Function._resolveFilename (node:electron/js2c/browser_init:2:116118) at resolve (node:internal/modules/cjs/helpers:127:19) at Function.resolve (evalmachine.<anonymous>:1:801904) at q (<embedded>:2792:98016) at Object.I [as get] (<embedded>:2792:98851) at H (<embedded>:2883:92117) at Object.W (<embedded>:2883:94645) { code: 'MODULE_NOT_FOUND', requireStack: [ 'C:\\Users\\TMA\\AppData\\Local\\Cypress\\Cache\\13.13.1\\Cypress\\resources\\app\\packages\\server\\lib\\browsers\\utils.ts' ] } }
2024-07-17T09:26:25.517Z cypress:launcher:windows got version string for chrome: { exePath: 'C:\\Program Files (x86)\\Google\\Chrome\\Application\\chrome.exe', version: '126.0.6478.127' }
2024-07-17T09:26:25.518Z cypress:launcher:windows error while looking up exe, trying next exePath { exePath: 'C:\\Program Files (x86)\\Google\\chrome-win32\\chrome.exe', exePaths: [], err: Error: Browser not installed: chromium at r (<embedded>:2761:133619) at a (<embedded>:2761:147033) at <embedded>:2761:147378 { notInstalled: true } }
2024-07-17T09:26:25.518Z cypress:launcher:windows error while looking up exe, trying next exePath { exePath: 'C:\\Program Files\\Google\\Chrome Beta\\Application\\chrome.exe', exePaths: [], err: Error: Browser not installed: chrome at r (<embedded>:2761:133619) at a (<embedded>:2761:147033) at <embedded>:2761:147378 { notInstalled: true } }
2024-07-17T09:26:25.518Z cypress:launcher:windows error while looking up exe, trying next exePath { exePath: 'C:\\Program Files (x86)\\Google\\Chrome Beta\\Application\\chrome.exe', exePaths: [], err: Error: Browser not installed: chrome at r (<embedded>:2761:133619) at a (<embedded>:2761:147033) at <embedded>:2761:147483 { notInstalled: true } }
2024-07-17T09:26:25.519Z cypress:launcher:windows error while looking up exe, trying next exePath { exePath: 'C:\\Users\\TMA\\AppData\\Local\\Google\\Chrome SxS\\Application\\chrome.exe', exePaths: [], err: Error: Browser not installed: chrome at r (<embedded>:2761:133619) at a (<embedded>:2761:147033) at <embedded>:2761:147378 { notInstalled: true } }
2024-07-17T09:26:25.520Z cypress:launcher:windows got version string for firefox: { exePath: 'C:\\Program Files\\Mozilla Firefox\\firefox.exe', version: '127.0' }
2024-07-17T09:26:25.521Z cypress:launcher:windows error while looking up exe, trying next exePath { exePath: 'C:\\Users\\TMA\\AppData\\Local\\Firefox Developer Edition\\firefox.exe', exePaths: [], err: Error: Browser not installed: firefox at r (<embedded>:2761:133619) at a (<embedded>:2761:147033) at <embedded>:2761:147378 { notInstalled: true } }
2024-07-17T09:26:25.521Z cypress:launcher:windows error while looking up exe, trying next exePath { exePath: 'C:\\Program Files (x86)\\Firefox Developer Edition\\firefox.exe', exePaths: [], err: Error: Browser not installed: firefox at r (<embedded>:2761:133619) at a (<embedded>:2761:147033) at <embedded>:2761:147483 { notInstalled: true } }
2024-07-17T09:26:25.521Z cypress:launcher:windows error while looking up exe, trying next exePath { exePath: 'C:\\Program Files\\Firefox Developer Edition\\firefox.exe', exePaths: [], err: Error: Browser not installed: firefox at r (<embedded>:2761:133619) at a (<embedded>:2761:147033) at <embedded>:2761:147483 { notInstalled: true } }
2024-07-17T09:26:25.522Z cypress:launcher:windows error while looking up exe, trying next exePath { exePath: 'C:\\Users\\TMA\\AppData\\Local\\Firefox Nightly\\firefox.exe', exePaths: [], err: Error: Browser not installed: firefox at r (<embedded>:2761:133619) at a (<embedded>:2761:147033) at <embedded>:2761:147378 { notInstalled: true } }
2024-07-17T09:26:25.524Z cypress:launcher:windows error while looking up exe, trying next exePath { exePath: 'C:\\Program Files (x86)\\Firefox Nightly\\firefox.exe', exePaths: [], err: Error: Browser not installed: firefox at r (<embedded>:2761:133619) at a (<embedded>:2761:147033) at <embedded>:2761:147483 { notInstalled: true } }
2024-07-17T09:26:25.524Z cypress:launcher:windows error while looking up exe, trying next exePath { exePath: 'C:\\Program Files\\Firefox Nightly\\firefox.exe', exePaths: [], err: Error: Browser not installed: firefox at r (<embedded>:2761:133619) at a (<embedded>:2761:147033) at <embedded>:2761:147483 { notInstalled: true } }
2024-07-17T09:26:25.525Z cypress:launcher:windows got version string for edge: { exePath: 'C:\\Program Files (x86)\\Microsoft\\Edge\\Application\\msedge.exe', version: '126.0.2592.61' }
2024-07-17T09:26:25.526Z cypress:launcher:windows error while looking up exe, trying next exePath { exePath: 'C:\\Users\\TMA\\AppData\\Local\\Microsoft\\Edge SxS\\Application\\msedge.exe', exePaths: [], err: Error: Browser not installed: edge at r (<embedded>:2761:133619) at a (<embedded>:2761:147033) at <embedded>:2761:147378 { notInstalled: true } }
2024-07-17T09:26:25.526Z cypress:launcher:windows error while looking up exe, trying next exePath { exePath: 'C:\\Program Files (x86)\\Microsoft\\Edge Beta\\Application\\msedge.exe', exePaths: [], err: Error: Browser not installed: edge at r (<embedded>:2761:133619) at a (<embedded>:2761:147033) at <embedded>:2761:147378 { notInstalled: true } }
2024-07-17T09:26:25.527Z cypress:launcher:windows error while looking up exe, trying next exePath { exePath: 'C:\\Program Files (x86)\\Microsoft\\Edge Dev\\Application\\msedge.exe', exePaths: [], err: Error: Browser not installed: edge at r (<embedded>:2761:133619) at a (<embedded>:2761:147033) at <embedded>:2761:147378 { notInstalled: true } }
2024-07-17T09:26:25.527Z cypress:server:browsers:utils found browsers { browsers: [ { name: 'chrome', family: 'chromium', channel: 'stable', displayName: 'Chrome', version: '126.0.6478.127', path: 'C:\\Program Files (x86)\\Google\\Chrome\\Application\\chrome.exe', minSupportedVersion: 64, majorVersion: '126' }, { name: 'firefox', family: 'firefox', channel: 'stable', displayName: 'Firefox', version: '127.0', path: 'C:\\Program Files\\Mozilla Firefox\\firefox.exe', minSupportedVersion: 86, majorVersion: '127' }, { name: 'edge', family: 'chromium', channel: 'stable', displayName: 'Edge', version: '126.0.2592.61', path: 'C:\\Program Files (x86)\\Microsoft\\Edge\\Application\\msedge.exe', minSupportedVersion: 79, majorVersion: '126' } ] }
2024-07-17T09:26:25.527Z cypress:server:run found all system browsers [ { channel: 'stable', displayName: 'Chrome', family: 'chromium', majorVersion: '126', name: 'chrome', path: 'C:\\Program Files (x86)\\Google\\Chrome\\Application\\chrome.exe', version: '126.0.6478.127' }, { channel: 'stable', displayName: 'Firefox', family: 'firefox', majorVersion: '127', name: 'firefox', path: 'C:\\Program Files\\Mozilla Firefox\\firefox.exe', version: '127.0' }, { channel: 'stable', displayName: 'Edge', family: 'chromium', majorVersion: '126', name: 'edge', path: 'C:\\Program Files (x86)\\Microsoft\\Edge\\Application\\msedge.exe', version: '126.0.2592.61' }, { channel: 'stable', displayName: 'Electron', family: 'chromium', majorVersion: 118, name: 'electron', path: '', version: '118.0.5993.159' } ]
2024-07-17T09:26:25.528Z cypress:server:open_project open_project create C:\Workspace\cypress-audio-context-bug
2024-07-17T09:26:25.528Z cypress:server:open_project opening project C:\Workspace\cypress-audio-context-bug
2024-07-17T09:26:25.528Z cypress:server:open_project and options { socketId: 'fqkyvpac5e', morgan: false, report: true, isTextTerminal: true, browsers: [ { name: 'chrome', family: 'chromium', channel: 'stable', displayName: 'Chrome', version: '126.0.6478.127', path: 'C:\\Program Files (x86)\\Google\\Chrome\\Application\\chrome.exe', minSupportedVersion: 64, majorVersion: '126' }, { name: 'firefox', family: 'firefox', channel: 'stable', displayName: 'Firefox', version: '127.0', path: 'C:\\Program Files\\Mozilla Firefox\\firefox.exe', minSupportedVersion: 86, majorVersion: '127' }, { name: 'edge', family: 'chromium', channel: 'stable', displayName: 'Edge', version: '126.0.2592.61', path: 'C:\\Program Files (x86)\\Microsoft\\Edge\\Application\\msedge.exe', minSupportedVersion: 79, majorVersion: '126' }, { name: 'electron', channel: 'stable', family: 'chromium', displayName: 'Electron', version: '118.0.5993.159', path: '', majorVersion: 118 } ], onWarning: [Function: F], spec: undefined, onError: [Function (anonymous)], onReloadBrowser: [Function: onReloadBrowser], args: { _: [ 'C:\\Users\\TMA\\AppData\\Local\\Cypress\\Cache\\13.13.1\\Cypress\\Cypress.exe' ], runProject: 'C:\\Workspace\\cypress-audio-context-bug', cwd: 'C:\\Workspace\\cypress-audio-context-bug', userNodePath: 'C:\\Users\\TMA\\AppData\\Local\\pnpm\\node.exe', userNodeVersion: '20.12.1', invokedFromCli: true, config: {}, projectRoot: 'C:\\Workspace\\cypress-audio-context-bug', socketId: 'fqkyvpac5e', isTextTerminal: true, browser: 'electron', quiet: false, morgan: false, report: true, testingType: 'e2e', onError: [Function (anonymous)], browsers: [ [Object], [Object], [Object], [Object] ] } }
2024-07-17T09:26:25.528Z cypress:server:project Project created { testingType: 'e2e', projectRoot: 'C:\\Workspace\\cypress-audio-context-bug' }
2024-07-17T09:26:25.528Z cypress:server:project opening project instance C:\Workspace\cypress-audio-context-bug
2024-07-17T09:26:25.529Z cypress:server:project project open options { report: true, onFocusTests: [Function: onFocusTests], onError: [Function (anonymous)], onWarning: [Function: F], socketId: 'fqkyvpac5e', morgan: false, isTextTerminal: true, browsers: [ { name: 'chrome', family: 'chromium', channel: 'stable', displayName: 'Chrome', version: '126.0.6478.127', path: 'C:\\Program Files (x86)\\Google\\Chrome\\Application\\chrome.exe', minSupportedVersion: 64, majorVersion: '126' }, { name: 'firefox', family: 'firefox', channel: 'stable', displayName: 'Firefox', version: '127.0', path: 'C:\\Program Files\\Mozilla Firefox\\firefox.exe', minSupportedVersion: 86, majorVersion: '127' }, { name: 'edge', family: 'chromium', channel: 'stable', displayName: 'Edge', version: '126.0.2592.61', path: 'C:\\Program Files (x86)\\Microsoft\\Edge\\Application\\msedge.exe', minSupportedVersion: 79, majorVersion: '126' }, { name: 'electron', channel: 'stable', family: 'chromium', displayName: 'Electron', version: '118.0.5993.159', path: '', majorVersion: 118 } ], spec: undefined, onReloadBrowser: [Function: onReloadBrowser], args: { _: [ 'C:\\Users\\TMA\\AppData\\Local\\Cypress\\Cache\\13.13.1\\Cypress\\Cypress.exe' ], runProject: 'C:\\Workspace\\cypress-audio-context-bug', cwd: 'C:\\Workspace\\cypress-audio-context-bug', userNodePath: 'C:\\Users\\TMA\\AppData\\Local\\pnpm\\node.exe', userNodeVersion: '20.12.1', invokedFromCli: true, config: {}, projectRoot: 'C:\\Workspace\\cypress-audio-context-bug', socketId: 'fqkyvpac5e', isTextTerminal: true, browser: 'electron', quiet: false, morgan: false, report: true, testingType: 'e2e', onError: [Function (anonymous)], browsers: [ [Object], [Object], [Object], [Object] ] }, testingType: 'e2e' }
2024-07-17T09:26:25.529Z cypress:server:project project has config { projectRoot: 'C:\\Workspace\\cypress-audio-context-bug', projectName: 'cypress-audio-context-bug', repoRoot: 'C:/Workspace/cypress-audio-context-bug', rawJson: { e2e: {}, envFile: {}, projectRoot: 'C:\\Workspace\\cypress-audio-context-bug', projectName: 'cypress-audio-context-bug', repoRoot: 'C:/Workspace/cypress-audio-context-bug' }, configFile: 'cypress.config.js', morgan: false, isTextTerminal: true, socketId: 'fqkyvpac5e', report: true, animationDistanceThreshold: 5, arch: 'x64', baseUrl: null, blockHosts: null, chromeWebSecurity: true, clientCertificates: [], defaultCommandTimeout: 4000, downloadsFolder: 'C:\\Workspace\\cypress-audio-context-bug\\cypress\\downloads', env: {}, execTimeout: 60000, experimentalCspAllowList: false, experimentalFetchPolyfill: false, experimentalInteractiveRunEvents: false, experimentalRunAllSpecs: false, experimentalMemoryManagement: false, experimentalModifyObstructiveThirdPartyCode: false, experimentalSkipDomainInjection: null, experimentalOriginDependencies: false, experimentalSourceRewriting: false, experimentalSingleTabRunMode: false, experimentalStudio: false, experimentalWebKitSupport: false, fileServerFolder: 'C:\\Workspace\\cypress-audio-context-bug', fixturesFolder: 'C:\\Workspace\\cypress-audio-context-bug\\cypress\\fixtures', excludeSpecPattern: '*.hot-update.js', includeShadowDom: false, keystrokeDelay: 0, modifyObstructiveCode: true, numTestsKeptInMemory: 0, platform: 'win32', pageLoadTimeout: 60000, port: null, projectId: null, redirectionLimit: 20, reporter: 'spec', reporterOptions: null, requestTimeout: 5000, resolvedNodePath: 'C:\\Users\\TMA\\AppData\\Local\\pnpm\\node.exe', resolvedNodeVersion: '20.12.1', responseTimeout: 30000, retries: { runMode: 0, openMode: 0, experimentalStrategy: undefined, experimentalOptions: undefined }, screenshotOnRunFailure: true, screenshotsFolder: 'C:\\Workspace\\cypress-audio-context-bug\\cypress\\screenshots', slowTestThreshold: 10000, scrollBehavior: 'top', supportFile: 'C:\\Workspace\\cypress-audio-context-bug\\cypress\\support\\e2e.js', supportFolder: 'C:\\Workspace\\cypress-audio-context-bug\\cypress\\support', taskTimeout: 60000, testIsolation: true, trashAssetsBeforeRuns: true, userAgent: null, video: false, videoCompression: false, videosFolder: 'C:\\Workspace\\cypress-audio-context-bug\\cypress\\videos', viewportHeight: 660, viewportWidth: 1000, waitForAnimations: true, watchForFileChanges: false, specPattern: 'cypress/e2e/**/*.cy.{js,jsx,ts,tsx}', additionalIgnorePattern: [], autoOpen: false, browsers: [ { name: 'chrome', family: 'chromium', channel: 'stable', displayName: 'Chrome', version: '126.0.6478.127', path: 'C:\\Program Files (x86)\\Google\\Chrome\\Application\\chrome.exe', minSupportedVersion: 64, majorVersion: '126' }, { name: 'firefox', family: 'firefox', channel: 'stable', displayName: 'Firefox', version: '127.0', path: 'C:\\Program Files\\Mozilla Firefox\\firefox.exe', minSupportedVersion: 86, majorVersion: '127' }, { name: 'edge', family: 'chromium', channel: 'stable', displayName: 'Edge', version: '126.0.2592.61', path: 'C:\\Program Files (x86)\\Microsoft\\Edge\\Application\\msedge.exe', minSupportedVersion: 79, majorVersion: '126' }, { name: 'electron', channel: 'stable', family: 'chromium', displayName: 'Electron', version: '118.0.5993.159', path: '', majorVersion: 118 } ], clientRoute: '/__/', cypressBinaryRoot: 'C:\\Users\\TMA\\AppData\\Local\\Cypress\\Cache\\13.13.1\\Cypress\\resources\\app', devServerPublicPathRoute: '/__cypress/src', hosts: null, isInteractive: true, namespace: '__cypress', reporterRoute: '/__cypress/reporter', socketIoCookie: '__socket', socketIoRoute: '/__socket', version: '13.13.1', protocolEnabled: false, hideCommandLog: false, hideRunnerUi: false, cypressEnv: 'production', resolved: { animationDistanceThreshold: { value: 5, from: 'default' }, arch: { value: 'x64', from: 'default' }, baseUrl: { value: null, from: 'default' }, blockHosts: { value: null, from: 'default' }, chromeWebSecurity: { value: true, from: 'default' }, clientCertificates: { value: [], from: 'default' }, defaultCommandTimeout: { value: 4000, from: 'default' }, downloadsFolder: { value: 'cypress/downloads', from: 'default' }, env: {}, execTimeout: { value: 60000, from: 'default' }, experimentalCspAllowList: { value: false, from: 'default' }, experimentalFetchPolyfill: { value: false, from: 'default' }, experimentalInteractiveRunEvents: { value: false, from: 'default' }, experimentalRunAllSpecs: { value: false, from: 'default' }, experimentalMemoryManagement: { value: false, from: 'default' }, experimentalModifyObstructiveThirdPartyCode: { value: false, from: 'default' }, experimentalSkipDomainInjection: { value: null, from: 'default' }, experimentalOriginDependencies: { value: false, from: 'default' }, experimentalSourceRewriting: { value: false, from: 'default' }, experimentalSingleTabRunMode: { value: false, from: 'default' }, experimentalStudio: { value: false, from: 'default' }, experimentalWebKitSupport: { value: false, from: 'default' }, fileServerFolder: { value: '', from: 'default' }, fixturesFolder: { value: 'cypress/fixtures', from: 'default' }, excludeSpecPattern: { value: '*.hot-update.js', from: 'default' }, includeShadowDom: { value: false, from: 'default' }, keystrokeDelay: { value: 0, from: 'default' }, modifyObstructiveCode: { value: true, from: 'default' }, numTestsKeptInMemory: { value: 0, from: 'config' }, platform: { value: 'win32', from: 'default' }, pageLoadTimeout: { value: 60000, from: 'default' }, port: { value: null, from: 'default' }, projectId: { value: null, from: 'default' }, redirectionLimit: { value: 20, from: 'default' }, reporter: { value: 'spec', from: 'default' }, reporterOptions: { value: null, from: 'default' }, requestTimeout: { value: 5000, from: 'default' }, resolvedNodePath: { value: null, from: 'default' }, resolvedNodeVersion: { value: null, from: 'default' }, responseTimeout: { value: 30000, from: 'default' }, retries: { value: [Object], from: 'default' }, screenshotOnRunFailure: { value: true, from: 'default' }, screenshotsFolder: { value: 'cypress/screenshots', from: 'default' }, slowTestThreshold: { value: 10000, from: 'default' }, scrollBehavior: { value: 'top', from: 'default' }, supportFile: { value: 'cypress/support/e2e.{js,jsx,ts,tsx}', from: 'default' }, supportFolder: { value: false, from: 'default' }, taskTimeout: { value: 60000, from: 'default' }, testIsolation: { value: true, from: 'default' }, trashAssetsBeforeRuns: { value: true, from: 'default' }, userAgent: { value: null, from: 'default' }, video: { value: false, from: 'default' }, videoCompression: { value: false, from: 'default' }, videosFolder: { value: 'cypress/videos', from: 'default' }, viewportHeight: { value: 660, from: 'default' }, viewportWidth: { value: 1000, from: 'default' }, waitForAnimations: { value: true, from: 'default' }, watchForFileChanges: { value: false, from: 'config' }, specPattern: { value: 'cypress/e2e/**/*.cy.{js,jsx,ts,tsx}', from: 'default' }, browsers: { value: [Array], from: 'runtime' }, hosts: { value: null, from: 'default' }, isInteractive: { value: true, from: 'default' } }, testingType: 'e2e' }
2024-07-17T09:26:25.535Z cypress:server:server-base server open
2024-07-17T09:26:25.542Z cypress:network:client-certificates loaded client certificates for 0 URL(s)
2024-07-17T09:26:25.551Z cypress:server:server-base createServer connecting to server
2024-07-17T09:26:25.562Z cypress:server:server-base Server listening on  { address: '127.0.0.1', family: 'IPv4', port: 60759 }
2024-07-17T09:26:25.562Z cypress:server:appdata path: C:\Users\TMA\AppData\Roaming\Cypress\cy\production\proxy
2024-07-17T09:26:25.580Z cypress:https-proxy:ca checking CA version { actualVersion: 1, CA_VERSION: 1 }
2024-07-17T09:26:25.591Z cypress:https-proxy Created SNI HTTPS Proxy Server { port: 60761 }
2024-07-17T09:26:25.592Z cypress:network:cors Parsed URL { port: '80', protocol: null, subdomain: null, domain: '', tld: '' }
2024-07-17T09:26:25.593Z cypress:network:cors Parsed URL { port: '60759', protocol: 'http:', subdomain: null, domain: '', tld: 'localhost' }
2024-07-17T09:26:25.593Z cypress:server:remote-states setting remote state { auth: undefined, origin: 'http://localhost:60759', strategy: 'file', fileServer: 'http://localhost:60760', domainName: 'localhost', props: null } for http://localhost:60759
2024-07-17T09:26:25.593Z cypress:network:cors Parsed URL { port: '60759', protocol: 'http:', subdomain: null, domain: '', tld: 'localhost' }
2024-07-17T09:26:25.593Z cypress:server:remote-states getting remote state: { auth: undefined, origin: 'http://localhost:60759', strategy: 'file', fileServer: 'http://localhost:60760', domainName: 'localhost', props: null } for: http://localhost:60759
2024-07-17T09:26:25.594Z cypress:server:project project config: { projectRoot: 'C:\\Workspace\\cypress-audio-context-bug', projectName: 'cypress-audio-context-bug', repoRoot: 'C:/Workspace/cypress-audio-context-bug', rawJson: { e2e: {}, envFile: {}, projectRoot: 'C:\\Workspace\\cypress-audio-context-bug', projectName: 'cypress-audio-context-bug', repoRoot: 'C:/Workspace/cypress-audio-context-bug' }, configFile: 'cypress.config.js', morgan: false, isTextTerminal: true, socketId: 'fqkyvpac5e', report: true, animationDistanceThreshold: 5, arch: 'x64', baseUrl: null, blockHosts: null, chromeWebSecurity: true, clientCertificates: [], defaultCommandTimeout: 4000, downloadsFolder: 'C:\\Workspace\\cypress-audio-context-bug\\cypress\\downloads', env: {}, execTimeout: 60000, experimentalCspAllowList: false, experimentalFetchPolyfill: false, experimentalInteractiveRunEvents: false, experimentalRunAllSpecs: false, experimentalMemoryManagement: false, experimentalModifyObstructiveThirdPartyCode: false, experimentalSkipDomainInjection: null, experimentalOriginDependencies: false, experimentalSourceRewriting: false, experimentalSingleTabRunMode: false, experimentalStudio: false, experimentalWebKitSupport: false, fileServerFolder: 'C:\\Workspace\\cypress-audio-context-bug', fixturesFolder: 'C:\\Workspace\\cypress-audio-context-bug\\cypress\\fixtures', excludeSpecPattern: '*.hot-update.js', includeShadowDom: false, keystrokeDelay: 0, modifyObstructiveCode: true, numTestsKeptInMemory: 0, platform: 'win32', pageLoadTimeout: 60000, port: 60759, projectId: null, redirectionLimit: 20, reporter: 'spec', reporterOptions: null, requestTimeout: 5000, resolvedNodePath: 'C:\\Users\\TMA\\AppData\\Local\\pnpm\\node.exe', resolvedNodeVersion: '20.12.1', responseTimeout: 30000, retries: { runMode: 0, openMode: 0, experimentalStrategy: undefined, experimentalOptions: undefined }, screenshotOnRunFailure: true, screenshotsFolder: 'C:\\Workspace\\cypress-audio-context-bug\\cypress\\screenshots', slowTestThreshold: 10000, scrollBehavior: 'top', supportFile: 'C:\\Workspace\\cypress-audio-context-bug\\cypress\\support\\e2e.js', supportFolder: 'C:\\Workspace\\cypress-audio-context-bug\\cypress\\support', taskTimeout: 60000, testIsolation: true, trashAssetsBeforeRuns: true, userAgent: null, video: false, videoCompression: false, videosFolder: 'C:\\Workspace\\cypress-audio-context-bug\\cypress\\videos', viewportHeight: 660, viewportWidth: 1000, waitForAnimations: true, watchForFileChanges: false, specPattern: 'cypress/e2e/**/*.cy.{js,jsx,ts,tsx}', additionalIgnorePattern: [], autoOpen: false, browsers: [ { name: 'chrome', family: 'chromium', channel: 'stable', displayName: 'Chrome', version: '126.0.6478.127', path: 'C:\\Program Files (x86)\\Google\\Chrome\\Application\\chrome.exe', minSupportedVersion: 64, majorVersion: '126' }, { name: 'firefox', family: 'firefox', channel: 'stable', displayName: 'Firefox', version: '127.0', path: 'C:\\Program Files\\Mozilla Firefox\\firefox.exe', minSupportedVersion: 86, majorVersion: '127' }, { name: 'edge', family: 'chromium', channel: 'stable', displayName: 'Edge', version: '126.0.2592.61', path: 'C:\\Program Files (x86)\\Microsoft\\Edge\\Application\\msedge.exe', minSupportedVersion: 79, majorVersion: '126' }, { name: 'electron', channel: 'stable', family: 'chromium', displayName: 'Electron', version: '118.0.5993.159', path: '', majorVersion: 118 } ], clientRoute: '/__/', cypressBinaryRoot: 'C:\\Users\\TMA\\AppData\\Local\\Cypress\\Cache\\13.13.1\\Cypress\\resources\\app', devServerPublicPathRoute: '/__cypress/src', hosts: null, isInteractive: true, namespace: '__cypress', reporterRoute: '/__cypress/reporter', socketIoCookie: '__socket', socketIoRoute: '/__socket', version: '13.13.1', protocolEnabled: false, hideCommandLog: false, hideRunnerUi: false, cypressEnv: 'production', testingType: 'e2e', remote: {}, browser: null, specs: [], proxyUrl: 'http://localhost:60759', browserUrl: 'http://localhost:60759/__/', reporterUrl: 'http://localhost:60759/__cypress/reporter', proxyServer: 'http://localhost:60759' }
2024-07-17T09:26:25.594Z cypress:server:reporter trying to load reporter: spec
2024-07-17T09:26:25.594Z cypress:server:reporter spec is Mocha reporter
2024-07-17T09:26:25.599Z cypress:server:saved_state noop saved state
2024-07-17T09:26:25.600Z cypress:server:project project has config { projectRoot: 'C:\\Workspace\\cypress-audio-context-bug', projectName: 'cypress-audio-context-bug', repoRoot: 'C:/Workspace/cypress-audio-context-bug', rawJson: { e2e: {}, envFile: {}, projectRoot: 'C:\\Workspace\\cypress-audio-context-bug', projectName: 'cypress-audio-context-bug', repoRoot: 'C:/Workspace/cypress-audio-context-bug' }, configFile: 'cypress.config.js', morgan: false, isTextTerminal: true, socketId: 'fqkyvpac5e', report: true, animationDistanceThreshold: 5, arch: 'x64', baseUrl: null, blockHosts: null, chromeWebSecurity: true, clientCertificates: [], defaultCommandTimeout: 4000, downloadsFolder: 'C:\\Workspace\\cypress-audio-context-bug\\cypress\\downloads', env: {}, execTimeout: 60000, experimentalCspAllowList: false, experimentalFetchPolyfill: false, experimentalInteractiveRunEvents: false, experimentalRunAllSpecs: false, experimentalMemoryManagement: false, experimentalModifyObstructiveThirdPartyCode: false, experimentalSkipDomainInjection: null, experimentalOriginDependencies: false, experimentalSourceRewriting: false, experimentalSingleTabRunMode: false, experimentalStudio: false, experimentalWebKitSupport: false, fileServerFolder: 'C:\\Workspace\\cypress-audio-context-bug', fixturesFolder: 'C:\\Workspace\\cypress-audio-context-bug\\cypress\\fixtures', excludeSpecPattern: '*.hot-update.js', includeShadowDom: false, keystrokeDelay: 0, modifyObstructiveCode: true, numTestsKeptInMemory: 0, platform: 'win32', pageLoadTimeout: 60000, port: 60759, projectId: null, redirectionLimit: 20, reporter: 'spec', reporterOptions: null, requestTimeout: 5000, resolvedNodePath: 'C:\\Users\\TMA\\AppData\\Local\\pnpm\\node.exe', resolvedNodeVersion: '20.12.1', responseTimeout: 30000, retries: { runMode: 0, openMode: 0, experimentalStrategy: undefined, experimentalOptions: undefined }, screenshotOnRunFailure: true, screenshotsFolder: 'C:\\Workspace\\cypress-audio-context-bug\\cypress\\screenshots', slowTestThreshold: 10000, scrollBehavior: 'top', supportFile: 'C:\\Workspace\\cypress-audio-context-bug\\cypress\\support\\e2e.js', supportFolder: 'C:\\Workspace\\cypress-audio-context-bug\\cypress\\support', taskTimeout: 60000, testIsolation: true, trashAssetsBeforeRuns: true, userAgent: null, video: false, videoCompression: false, videosFolder: 'C:\\Workspace\\cypress-audio-context-bug\\cypress\\videos', viewportHeight: 660, viewportWidth: 1000, waitForAnimations: true, watchForFileChanges: false, specPattern: 'cypress/e2e/**/*.cy.{js,jsx,ts,tsx}', additionalIgnorePattern: [], autoOpen: false, browsers: [ { name: 'chrome', family: 'chromium', channel: 'stable', displayName: 'Chrome', version: '126.0.6478.127', path: 'C:\\Program Files (x86)\\Google\\Chrome\\Application\\chrome.exe', minSupportedVersion: 64, majorVersion: '126' }, { name: 'firefox', family: 'firefox', channel: 'stable', displayName: 'Firefox', version: '127.0', path: 'C:\\Program Files\\Mozilla Firefox\\firefox.exe', minSupportedVersion: 86, majorVersion: '127' }, { name: 'edge', family: 'chromium', channel: 'stable', displayName: 'Edge', version: '126.0.2592.61', path: 'C:\\Program Files (x86)\\Microsoft\\Edge\\Application\\msedge.exe', minSupportedVersion: 79, majorVersion: '126' }, { name: 'electron', channel: 'stable', family: 'chromium', displayName: 'Electron', version: '118.0.5993.159', path: '', majorVersion: 118 } ], clientRoute: '/__/', cypressBinaryRoot: 'C:\\Users\\TMA\\AppData\\Local\\Cypress\\Cache\\13.13.1\\Cypress\\resources\\app', devServerPublicPathRoute: '/__cypress/src', hosts: null, isInteractive: true, namespace: '__cypress', reporterRoute: '/__cypress/reporter', socketIoCookie: '__socket', socketIoRoute: '/__socket', version: '13.13.1', protocolEnabled: false, hideCommandLog: false, hideRunnerUi: false, cypressEnv: 'production', resolved: { animationDistanceThreshold: { value: 5, from: 'default' }, arch: { value: 'x64', from: 'default' }, baseUrl: { value: null, from: 'default' }, blockHosts: { value: null, from: 'default' }, chromeWebSecurity: { value: true, from: 'default' }, clientCertificates: { value: [], from: 'default' }, defaultCommandTimeout: { value: 4000, from: 'default' }, downloadsFolder: { value: 'cypress/downloads', from: 'default' }, env: {}, execTimeout: { value: 60000, from: 'default' }, experimentalCspAllowList: { value: false, from: 'default' }, experimentalFetchPolyfill: { value: false, from: 'default' }, experimentalInteractiveRunEvents: { value: false, from: 'default' }, experimentalRunAllSpecs: { value: false, from: 'default' }, experimentalMemoryManagement: { value: false, from: 'default' }, experimentalModifyObstructiveThirdPartyCode: { value: false, from: 'default' }, experimentalSkipDomainInjection: { value: null, from: 'default' }, experimentalOriginDependencies: { value: false, from: 'default' }, experimentalSourceRewriting: { value: false, from: 'default' }, experimentalSingleTabRunMode: { value: false, from: 'default' }, experimentalStudio: { value: false, from: 'default' }, experimentalWebKitSupport: { value: false, from: 'default' }, fileServerFolder: { value: '', from: 'default' }, fixturesFolder: { value: 'cypress/fixtures', from: 'default' }, excludeSpecPattern: { value: '*.hot-update.js', from: 'default' }, includeShadowDom: { value: false, from: 'default' }, keystrokeDelay: { value: 0, from: 'default' }, modifyObstructiveCode: { value: true, from: 'default' }, numTestsKeptInMemory: { value: 0, from: 'config' }, platform: { value: 'win32', from: 'default' }, pageLoadTimeout: { value: 60000, from: 'default' }, port: { value: null, from: 'default' }, projectId: { value: null, from: 'default' }, redirectionLimit: { value: 20, from: 'default' }, reporter: { value: 'spec', from: 'default' }, reporterOptions: { value: null, from: 'default' }, requestTimeout: { value: 5000, from: 'default' }, resolvedNodePath: { value: null, from: 'default' }, resolvedNodeVersion: { value: null, from: 'default' }, responseTimeout: { value: 30000, from: 'default' }, retries: { value: [Object], from: 'default' }, screenshotOnRunFailure: { value: true, from: 'default' }, screenshotsFolder: { value: 'cypress/screenshots', from: 'default' }, slowTestThreshold: { value: 10000, from: 'default' }, scrollBehavior: { value: 'top', from: 'default' }, supportFile: { value: 'cypress/support/e2e.{js,jsx,ts,tsx}', from: 'default' }, supportFolder: { value: false, from: 'default' }, taskTimeout: { value: 60000, from: 'default' }, testIsolation: { value: true, from: 'default' }, trashAssetsBeforeRuns: { value: true, from: 'default' }, userAgent: { value: null, from: 'default' }, video: { value: false, from: 'default' }, videoCompression: { value: false, from: 'default' }, videosFolder: { value: 'cypress/videos', from: 'default' }, viewportHeight: { value: 660, from: 'default' }, viewportWidth: { value: 1000, from: 'default' }, waitForAnimations: { value: true, from: 'default' }, watchForFileChanges: { value: false, from: 'config' }, specPattern: { value: 'cypress/e2e/**/*.cy.{js,jsx,ts,tsx}', from: 'default' }, browsers: { value: [Array], from: 'runtime' }, hosts: { value: null, from: 'default' }, isInteractive: { value: true, from: 'default' } }, testingType: 'e2e', remote: {}, browser: null, specs: [], proxyUrl: 'http://localhost:60759', browserUrl: 'http://localhost:60759/__/', reporterUrl: 'http://localhost:60759/__cypress/reporter', proxyServer: 'http://localhost:60759', state: {} }
2024-07-17T09:26:25.600Z cypress:network:cors Parsed URL { port: '60759', protocol: 'http:', subdomain: null, domain: '', tld: 'localhost' }
2024-07-17T09:26:25.600Z cypress:server:remote-states getting remote state: { auth: undefined, origin: 'http://localhost:60759', strategy: 'file', fileServer: 'http://localhost:60760', domainName: 'localhost', props: null } for: http://localhost:60759
2024-07-17T09:26:25.601Z cypress:server:run project created and opened with config { projectRoot: 'C:\\Workspace\\cypress-audio-context-bug', projectName: 'cypress-audio-context-bug', configFile: 'cypress.config.js', isTextTerminal: true, animationDistanceThreshold: 5, arch: 'x64', baseUrl: null, blockHosts: null, chromeWebSecurity: true, clientCertificates: [], defaultCommandTimeout: 4000, downloadsFolder: 'C:\\Workspace\\cypress-audio-context-bug\\cypress\\downloads', env: {}, execTimeout: 60000, experimentalCspAllowList: false, experimentalFetchPolyfill: false, experimentalInteractiveRunEvents: false, experimentalRunAllSpecs: false, experimentalMemoryManagement: false, experimentalModifyObstructiveThirdPartyCode: false, experimentalSkipDomainInjection: null, experimentalOriginDependencies: false, experimentalSourceRewriting: false, experimentalSingleTabRunMode: false, experimentalStudio: false, experimentalWebKitSupport: false, fileServerFolder: 'C:\\Workspace\\cypress-audio-context-bug', fixturesFolder: 'C:\\Workspace\\cypress-audio-context-bug\\cypress\\fixtures', excludeSpecPattern: '*.hot-update.js', includeShadowDom: false, keystrokeDelay: 0, modifyObstructiveCode: true, numTestsKeptInMemory: 0, platform: 'win32', pageLoadTimeout: 60000, port: 60759, projectId: null, redirectionLimit: 20, reporter: 'spec', reporterOptions: null, requestTimeout: 5000, resolvedNodePath: 'C:\\Users\\TMA\\AppData\\Local\\pnpm\\node.exe', resolvedNodeVersion: '20.12.1', responseTimeout: 30000, retries: { runMode: 0, openMode: 0, experimentalStrategy: undefined, experimentalOptions: undefined }, screenshotOnRunFailure: true, screenshotsFolder: 'C:\\Workspace\\cypress-audio-context-bug\\cypress\\screenshots', slowTestThreshold: 10000, scrollBehavior: 'top', supportFile: 'C:\\Workspace\\cypress-audio-context-bug\\cypress\\support\\e2e.js', taskTimeout: 60000, testIsolation: true, trashAssetsBeforeRuns: true, userAgent: null, video: false, videoCompression: false, videosFolder: 'C:\\Workspace\\cypress-audio-context-bug\\cypress\\videos', viewportHeight: 660, viewportWidth: 1000, waitForAnimations: true, watchForFileChanges: false, specPattern: 'cypress/e2e/**/*.cy.{js,jsx,ts,tsx}', browsers: [ { channel: 'stable', displayName: 'Chrome', family: 'chromium', majorVersion: '126', name: 'chrome', path: 'C:\\Program Files (x86)\\Google\\Chrome\\Application\\chrome.exe', version: '126.0.6478.127' }, { channel: 'stable', displayName: 'Firefox', family: 'firefox', majorVersion: '127', name: 'firefox', path: 'C:\\Program Files\\Mozilla Firefox\\firefox.exe', version: '127.0' }, { channel: 'stable', displayName: 'Edge', family: 'chromium', majorVersion: '126', name: 'edge', path: 'C:\\Program Files (x86)\\Microsoft\\Edge\\Application\\msedge.exe', version: '126.0.2592.61' }, { channel: 'stable', displayName: 'Electron', family: 'chromium', majorVersion: 118, name: 'electron', path: '', version: '118.0.5993.159' } ], cypressBinaryRoot: 'C:\\Users\\TMA\\AppData\\Local\\Cypress\\Cache\\13.13.1\\Cypress\\resources\\app', hosts: null, isInteractive: true, version: '13.13.1', testingType: 'e2e', browser: null, cypressInternalEnv: 'production' }
2024-07-17T09:26:25.601Z cypress:server:browsers:utils searching for browser { nameOrPath: 'electron', filter: { name: 'electron', channel: 'stable' }, knownBrowsers: [ { name: 'chrome', family: 'chromium', channel: 'stable', displayName: 'Chrome', version: '126.0.6478.127', path: 'C:\\Program Files (x86)\\Google\\Chrome\\Application\\chrome.exe', minSupportedVersion: 64, majorVersion: '126' }, { name: 'firefox', family: 'firefox', channel: 'stable', displayName: 'Firefox', version: '127.0', path: 'C:\\Program Files\\Mozilla Firefox\\firefox.exe', minSupportedVersion: 86, majorVersion: '127' }, { name: 'edge', family: 'chromium', channel: 'stable', displayName: 'Edge', version: '126.0.2592.61', path: 'C:\\Program Files (x86)\\Microsoft\\Edge\\Application\\msedge.exe', minSupportedVersion: 79, majorVersion: '126' }, { name: 'electron', channel: 'stable', family: 'chromium', displayName: 'Electron', version: '118.0.5993.159', path: '', majorVersion: 118 } ] }
2024-07-17T09:26:25.607Z cypress:server:profilecleaner found 1 profile folders: [ 'C:/Users/TMA/AppData/Roaming/Cypress/Partitions/run-54540' ]
2024-07-17T09:26:25.607Z cypress:server:profilecleaner finding process by pid: 54540
2024-07-17T09:26:25.630Z cypress:server:profilecleaner found 0 root level profile matches: []
2024-07-17T09:26:25.630Z cypress:server:profilecleaner found 0 profile folders: []
2024-07-17T09:26:26.623Z cypress:server:util:process_profiler current & mean memory and CPU usage by process group:
┌─────────┬───────────┬──────────────┬──────────────────────────────┬────────────┬────────────────┬──────────┬──────────────┬─────────────┐
│ (index) │   group   │ processCount │             pids             │ cpuPercent │ meanCpuPercent │ memRssMb │ meanMemRssMb │ maxMemRssMb │
├─────────┼───────────┼──────────────┼──────────────────────────────┼────────────┼────────────────┼──────────┼──────────────┼─────────────┤
│    0    │ 'cypress' │      1       │           '53568'            │     0      │       0        │  348.64  │    348.64    │   348.64    │
│    1    │  'other'  │      4       │ '31224, 47936, 23092, 43868' │     0      │       0        │  198.29  │    198.29    │   198.29    │
│    2    │ 'plugin'  │      2       │        '19012, 39412'        │     0      │       0        │  77.06   │    77.06     │    77.06    │
│    3    │  'TOTAL'  │      7       │             '-'              │     0      │       0        │  623.99  │    623.99    │   623.99    │
└─────────┴───────────┴──────────────┴──────────────────────────────┴────────────┴────────────────┴──────────┴──────────────┴─────────────┘
2024-07-17T09:26:27.287Z cypress:server:profilecleaner removing old profile { pid: 54540, folder: 'C:/Users/TMA/AppData/Roaming/Cypress/Partitions/run-54540' }
2024-07-17T09:26:27.300Z cypress:server:chrome_policy_check running chrome policy check
2024-07-17T09:26:27.301Z cypress:server:chrome_policy_check received policies { policies: [], badPolicyNames: [ 'ProxySettings', 'ProxyMode', 'ProxyServerMode', 'ProxyServer', 'ProxyPacUrl', 'ProxyBypassList', 'ExtensionInstallBlacklist', 'ExtensionInstallWhitelist', 'ExtensionInstallForcelist', 'ExtensionInstallSources', 'ExtensionAllowedTypes', 'ExtensionAllowInsecureUpdates', 'ExtensionSettings', 'UninstallBlacklistedExtensions' ] }

====================================================================================================

  (Run Starting)

  ┌────────────────────────────────────────────────────────────────────────────────────────────────┐
  │ Cypress:        13.13.1                                                                        │
  │ Browser:        Electron 118 (headless)                                                        │
  │ Node Version:   v20.12.1 (C:\Users\TMA\AppData\Local\pnpm\node.exe)                            │
  │ Specs:          1 found (add-module.cy.js)                                                     │
  │ Searched:       cypress/e2e/**/*.cy.{js,jsx,ts,tsx}                                            │
  └────────────────────────────────────────────────────────────────────────────────────────────────┘

2024-07-17T09:26:27.349Z cypress:lifecycle:EventRegistrar plugin event registered? { eventName: 'before:run', isRegistered: false }

────────────────────────────────────────────────────────────────────────────────────────────────────
                                                                                                    
  Running:  add-module.cy.js                                                                (1 of 1)
2024-07-17T09:26:27.350Z cypress:server:run about to run spec { spec: { absolute: 'C:/Workspace/cypress-audio-context-bug/cypress/e2e/audio-context/add-module.cy.js', fileExtension: '.js', fileName: 'add-module', name: 'add-module.cy.js', relative: 'cypress\\e2e\\audio-context\\add-module.cy.js' }, isHeadless: true, browser: { channel: 'stable', displayName: 'Electron', family: 'chromium', majorVersion: 118, name: 'electron', path: '', version: '118.0.5993.159' } }
2024-07-17T09:26:27.351Z cypress:util:crash_handling waiting for early exit
2024-07-17T09:26:27.351Z cypress:server:run waiting for socket to connect and browser to launch...
2024-07-17T09:26:27.351Z cypress:server:run waiting for socket connection... { id: 'fqkyvpac5e' }
2024-07-17T09:26:27.352Z cypress:server:open_project resetting project state, preparing to launch browser electron for spec { fileExtension: '.js', baseName: 'add-module.cy.js', fileName: 'add-module', specFileExtension: '.cy.js', relativeToCommonRoot: 'add-module.cy.js', specType: 'integration', name: 'cypress/e2e/audio-context/add-module.cy.js', relative: 'cypress\\e2e\\audio-context\\add-module.cy.js', absolute: 'C:/Workspace/cypress-audio-context-bug/cypress/e2e/audio-context/add-module.cy.js' } options { protocolManager: undefined, projectRoot: 'C:\\Workspace\\cypress-audio-context-bug', shouldLaunchNewTab: false, onError: [Function (anonymous)], videoApi: undefined, automationMiddleware: { onBeforeRequest: [Function: onBeforeRequest], onAfterResponse: [Function: onAfterResponse] }, onWarning: [Function: onWarning] }
2024-07-17T09:26:27.352Z cypress:server:project resetting project instance C:\Workspace\cypress-audio-context-bug
2024-07-17T09:26:27.352Z cypress:proxy:http:util:buffers resetting buffers
2024-07-17T09:26:27.352Z cypress:network:cors Parsed URL { port: '80', protocol: null, subdomain: null, domain: '', tld: '' }
2024-07-17T09:26:27.353Z cypress:network:cors Parsed URL { port: '60759', protocol: 'http:', subdomain: null, domain: '', tld: 'localhost' }
2024-07-17T09:26:27.353Z cypress:server:remote-states setting remote state { auth: undefined, origin: 'http://localhost:60759', strategy: 'file', fileServer: 'http://localhost:60760', domainName: 'localhost', props: null } for http://localhost:60759
2024-07-17T09:26:27.353Z cypress:network:cors Parsed URL { port: '60759', protocol: 'http:', subdomain: null, domain: '', tld: 'localhost' }
2024-07-17T09:26:27.353Z cypress:server:remote-states getting remote state: { auth: undefined, origin: 'http://localhost:60759', strategy: 'file', fileServer: 'http://localhost:60760', domainName: 'localhost', props: null } for: http://localhost:60759
2024-07-17T09:26:27.353Z cypress:server:project_utils returning spec url http://localhost:60759/__/#/specs/runner?file=cypress\e2e\audio-context\add-module.cy.js
2024-07-17T09:26:27.353Z cypress:server:open_project open project url http://localhost:60759/__/#/specs/runner?file=cypress\e2e\audio-context\add-module.cy.js
2024-07-17T09:26:27.354Z cypress:server:project project has config { projectRoot: 'C:\\Workspace\\cypress-audio-context-bug', projectName: 'cypress-audio-context-bug', repoRoot: 'C:/Workspace/cypress-audio-context-bug', rawJson: { e2e: {}, envFile: {}, projectRoot: 'C:\\Workspace\\cypress-audio-context-bug', projectName: 'cypress-audio-context-bug', repoRoot: 'C:/Workspace/cypress-audio-context-bug' }, configFile: 'cypress.config.js', morgan: false, isTextTerminal: true, socketId: 'fqkyvpac5e', report: true, animationDistanceThreshold: 5, arch: 'x64', baseUrl: null, blockHosts: null, chromeWebSecurity: true, clientCertificates: [], defaultCommandTimeout: 4000, downloadsFolder: 'C:\\Workspace\\cypress-audio-context-bug\\cypress\\downloads', env: {}, execTimeout: 60000, experimentalCspAllowList: false, experimentalFetchPolyfill: false, experimentalInteractiveRunEvents: false, experimentalRunAllSpecs: false, experimentalMemoryManagement: false, experimentalModifyObstructiveThirdPartyCode: false, experimentalSkipDomainInjection: null, experimentalOriginDependencies: false, experimentalSourceRewriting: false, experimentalSingleTabRunMode: false, experimentalStudio: false, experimentalWebKitSupport: false, fileServerFolder: 'C:\\Workspace\\cypress-audio-context-bug', fixturesFolder: 'C:\\Workspace\\cypress-audio-context-bug\\cypress\\fixtures', excludeSpecPattern: '*.hot-update.js', includeShadowDom: false, keystrokeDelay: 0, modifyObstructiveCode: true, numTestsKeptInMemory: 0, platform: 'win32', pageLoadTimeout: 60000, port: 60759, projectId: null, redirectionLimit: 20, reporter: 'spec', reporterOptions: null, requestTimeout: 5000, resolvedNodePath: 'C:\\Users\\TMA\\AppData\\Local\\pnpm\\node.exe', resolvedNodeVersion: '20.12.1', responseTimeout: 30000, retries: { runMode: 0, openMode: 0, experimentalStrategy: undefined, experimentalOptions: undefined }, screenshotOnRunFailure: true, screenshotsFolder: 'C:\\Workspace\\cypress-audio-context-bug\\cypress\\screenshots', slowTestThreshold: 10000, scrollBehavior: 'top', supportFile: 'C:\\Workspace\\cypress-audio-context-bug\\cypress\\support\\e2e.js', supportFolder: 'C:\\Workspace\\cypress-audio-context-bug\\cypress\\support', taskTimeout: 60000, testIsolation: true, trashAssetsBeforeRuns: true, userAgent: null, video: false, videoCompression: false, videosFolder: 'C:\\Workspace\\cypress-audio-context-bug\\cypress\\videos', viewportHeight: 660, viewportWidth: 1000, waitForAnimations: true, watchForFileChanges: false, specPattern: 'cypress/e2e/**/*.cy.{js,jsx,ts,tsx}', additionalIgnorePattern: [], autoOpen: false, browsers: [ { name: 'chrome', family: 'chromium', channel: 'stable', displayName: 'Chrome', version: '126.0.6478.127', path: 'C:\\Program Files (x86)\\Google\\Chrome\\Application\\chrome.exe', minSupportedVersion: 64, majorVersion: '126' }, { name: 'firefox', family: 'firefox', channel: 'stable', displayName: 'Firefox', version: '127.0', path: 'C:\\Program Files\\Mozilla Firefox\\firefox.exe', minSupportedVersion: 86, majorVersion: '127' }, { name: 'edge', family: 'chromium', channel: 'stable', displayName: 'Edge', version: '126.0.2592.61', path: 'C:\\Program Files (x86)\\Microsoft\\Edge\\Application\\msedge.exe', minSupportedVersion: 79, majorVersion: '126' }, { name: 'electron', channel: 'stable', family: 'chromium', displayName: 'Electron', version: '118.0.5993.159', path: '', majorVersion: 118 } ], clientRoute: '/__/', cypressBinaryRoot: 'C:\\Users\\TMA\\AppData\\Local\\Cypress\\Cache\\13.13.1\\Cypress\\resources\\app', devServerPublicPathRoute: '/__cypress/src', hosts: null, isInteractive: true, namespace: '__cypress', reporterRoute: '/__cypress/reporter', socketIoCookie: '__socket', socketIoRoute: '/__socket', version: '13.13.1', protocolEnabled: false, hideCommandLog: false, hideRunnerUi: false, cypressEnv: 'production', resolved: { animationDistanceThreshold: { value: 5, from: 'default' }, arch: { value: 'x64', from: 'default' }, baseUrl: { value: null, from: 'default' }, blockHosts: { value: null, from: 'default' }, chromeWebSecurity: { value: true, from: 'default' }, clientCertificates: { value: [], from: 'default' }, defaultCommandTimeout: { value: 4000, from: 'default' }, downloadsFolder: { value: 'cypress/downloads', from: 'default' }, env: {}, execTimeout: { value: 60000, from: 'default' }, experimentalCspAllowList: { value: false, from: 'default' }, experimentalFetchPolyfill: { value: false, from: 'default' }, experimentalInteractiveRunEvents: { value: false, from: 'default' }, experimentalRunAllSpecs: { value: false, from: 'default' }, experimentalMemoryManagement: { value: false, from: 'default' }, experimentalModifyObstructiveThirdPartyCode: { value: false, from: 'default' }, experimentalSkipDomainInjection: { value: null, from: 'default' }, experimentalOriginDependencies: { value: false, from: 'default' }, experimentalSourceRewriting: { value: false, from: 'default' }, experimentalSingleTabRunMode: { value: false, from: 'default' }, experimentalStudio: { value: false, from: 'default' }, experimentalWebKitSupport: { value: false, from: 'default' }, fileServerFolder: { value: '', from: 'default' }, fixturesFolder: { value: 'cypress/fixtures', from: 'default' }, excludeSpecPattern: { value: '*.hot-update.js', from: 'default' }, includeShadowDom: { value: false, from: 'default' }, keystrokeDelay: { value: 0, from: 'default' }, modifyObstructiveCode: { value: true, from: 'default' }, numTestsKeptInMemory: { value: 0, from: 'config' }, platform: { value: 'win32', from: 'default' }, pageLoadTimeout: { value: 60000, from: 'default' }, port: { value: null, from: 'default' }, projectId: { value: null, from: 'default' }, redirectionLimit: { value: 20, from: 'default' }, reporter: { value: 'spec', from: 'default' }, reporterOptions: { value: null, from: 'default' }, requestTimeout: { value: 5000, from: 'default' }, resolvedNodePath: { value: null, from: 'default' }, resolvedNodeVersion: { value: null, from: 'default' }, responseTimeout: { value: 30000, from: 'default' }, retries: { value: [Object], from: 'default' }, screenshotOnRunFailure: { value: true, from: 'default' }, screenshotsFolder: { value: 'cypress/screenshots', from: 'default' }, slowTestThreshold: { value: 10000, from: 'default' }, scrollBehavior: { value: 'top', from: 'default' }, supportFile: { value: 'cypress/support/e2e.{js,jsx,ts,tsx}', from: 'default' }, supportFolder: { value: false, from: 'default' }, taskTimeout: { value: 60000, from: 'default' }, testIsolation: { value: true, from: 'default' }, trashAssetsBeforeRuns: { value: true, from: 'default' }, userAgent: { value: null, from: 'default' }, video: { value: false, from: 'default' }, videoCompression: { value: false, from: 'default' }, videosFolder: { value: 'cypress/videos', from: 'default' }, viewportHeight: { value: 660, from: 'default' }, viewportWidth: { value: 1000, from: 'default' }, waitForAnimations: { value: true, from: 'default' }, watchForFileChanges: { value: false, from: 'config' }, specPattern: { value: 'cypress/e2e/**/*.cy.{js,jsx,ts,tsx}', from: 'default' }, browsers: { value: [Array], from: 'runtime' }, hosts: { value: null, from: 'default' }, isInteractive: { value: true, from: 'default' } }, testingType: 'e2e', remote: {}, browser: null, specs: [], proxyUrl: 'http://localhost:60759', browserUrl: 'http://localhost:60759/__/', reporterUrl: 'http://localhost:60759/__cypress/reporter', proxyServer: 'http://localhost:60759', state: {} }
2024-07-17T09:26:27.354Z cypress:network:cors Parsed URL { port: '60759', protocol: 'http:', subdomain: null, domain: '', tld: 'localhost' }
2024-07-17T09:26:27.354Z cypress:server:remote-states getting remote state: { auth: undefined, origin: 'http://localhost:60759', strategy: 'file', fileServer: 'http://localhost:60760', domainName: 'localhost', props: null } for: http://localhost:60759
2024-07-17T09:26:27.354Z cypress:server:open_project launching browser: { name: 'electron', channel: 'stable', family: 'chromium', displayName: 'Electron', version: '118.0.5993.159', path: '', majorVersion: 118, isHeadless: true, isHeaded: false }, spec: cypress\e2e\audio-context\add-module.cy.js
2024-07-17T09:26:27.355Z cypress:server:browsers browsers.kill called with no active instance
2024-07-17T09:26:27.355Z cypress:server:browsers getBrowserLauncher { browser: { name: 'electron', channel: 'stable', family: 'chromium', displayName: 'Electron', version: '118.0.5993.159', path: '', majorVersion: 118, isHeadless: true, isHeaded: false } }
2024-07-17T09:26:27.355Z cypress:server:browsers opening browser { name: 'electron', channel: 'stable', family: 'chromium', displayName: 'Electron', version: '118.0.5993.159', path: '', majorVersion: 118, isHeadless: true, isHeaded: false }
2024-07-17T09:26:27.356Z cypress:server:browsers:electron open { browser: { name: 'electron', channel: 'stable', family: 'chromium', displayName: 'Electron', version: '118.0.5993.159', path: '', majorVersion: 118, isHeadless: true, isHeaded: false }, url: 'http://localhost:60759/__/#/specs/runner?file=cypress\\e2e\\audio-context\\add-module.cy.js' }
2024-07-17T09:26:27.356Z cypress:server:saved_state noop saved state
2024-07-17T09:26:27.356Z cypress:server:browsers:electron received saved state {}
2024-07-17T09:26:27.357Z cypress:server:browsers:electron browser window options { browser: { name: 'electron', channel: 'stable', family: 'chromium', displayName: 'Electron', version: '118.0.5993.159', path: '', majorVersion: 118, isHeadless: true, isHeaded: false }, url: 'http://localhost:60759/__/#/specs/runner?file=cypress\\e2e\\audio-context\\add-module.cy.js', browsers: [ { name: 'chrome', family: 'chromium', channel: 'stable', displayName: 'Chrome', version: '126.0.6478.127', path: 'C:\\Program Files (x86)\\Google\\Chrome\\Application\\chrome.exe', minSupportedVersion: 64, majorVersion: '126' }, { name: 'firefox', family: 'firefox', channel: 'stable', displayName: 'Firefox', version: '127.0', path: 'C:\\Program Files\\Mozilla Firefox\\firefox.exe', minSupportedVersion: 86, majorVersion: '127' }, { name: 'edge', family: 'chromium', channel: 'stable', displayName: 'Edge', version: '126.0.2592.61', path: 'C:\\Program Files (x86)\\Microsoft\\Edge\\Application\\msedge.exe', minSupportedVersion: 79, majorVersion: '126' }, { name: 'electron', channel: 'stable', family: 'chromium', displayName: 'Electron', version: '118.0.5993.159', path: '', majorVersion: 118 } ], userAgent: null, proxyUrl: 'http://localhost:60759', proxyServer: 'http://localhost:60759', socketIoRoute: '/__socket', chromeWebSecurity: true, isTextTerminal: true, downloadsFolder: 'C:\\Workspace\\cypress-audio-context-bug\\cypress\\downloads', experimentalModifyObstructiveThirdPartyCode: false, experimentalWebKitSupport: false, protocolManager: undefined, projectRoot: 'C:\\Workspace\\cypress-audio-context-bug', shouldLaunchNewTab: false, videoApi: undefined, automationMiddleware: { onBeforeRequest: [Function: onBeforeRequest], onAfterResponse: [Function: onAfterResponse] }, x: null, y: null, width: 1280, height: 720, minWidth: 100, minHeight: 100, devTools: false, contextMenu: true, partition: 'persist:run-53568', trackState: { width: 'browserWidth', height: 'browserHeight', x: 'browserX', y: 'browserY', devTools: 'isBrowserDevToolsOpen' }, webPreferences: { sandbox: true, partition: null, webSecurity: true, nodeIntegration: false, backgroundThrottling: false }, show: false, resizable: false, frame: true, recordFrameRate: null }
2024-07-17T09:26:27.357Z cypress:lifecycle:EventRegistrar plugin event registered? { eventName: 'before:browser:launch', isRegistered: false }
2024-07-17T09:26:27.357Z cypress:server:browsers:electron launching browser window to url: http://localhost:60759/__/#/specs/runner?file=cypress\e2e\audio-context\add-module.cy.js
2024-07-17T09:26:27.461Z cypress:server:browsers:electron browser CRI is not set. Creating...
2024-07-17T09:26:27.464Z cypress:network:connect successfully connected { opts: { host: '127.0.0.1', port: '60757', getDelayMsForRetry: [Function: getDelayMsForRetry] }, iteration: 0 }
2024-07-17T09:26:27.467Z cypress:server:browsers:cri-client connecting { connected: false, target: 'ws://127.0.0.1:60757/devtools/browser/effce9f1-0a9b-4894-8b1e-bf2a7104cf7b' }
2024-07-17T09:26:27.478Z cypress:server:browsers:cri-client connected { connected: true, target: 'ws://127.0.0.1:60757/devtools/browser/effce9f1-0a9b-4894-8b1e-bf2a7104cf7b', ws: <ref *1> A { _events: [Object: null prototype] { open: [Function (anonymous)], message: [Function (anonymous)], close: [Function (anonymous)], error: [Function (anonymous)] }, _eventsCount: 4, _maxListeners: undefined, _binaryType: 'nodebuffer', _closeCode: 1006, _closeFrameReceived: false, _closeFrameSent: false, _closeMessage: '', _closeTimer: null, _extensions: {}, _protocol: '', _readyState: 1, _receiver: f { _writableState: [WritableState], _events: [Object: null prototype], _eventsCount: 6, _maxListeners: undefined, _binaryType: 'nodebuffer', _extensions: {}, _isServer: false, _maxPayload: 268435456, _bufferedBytes: 0, _buffers: [], _compressed: false, _payloadLength: 0, _mask: undefined, _fragmented: 0, _masked: false, _fin: false, _opcode: 0, _totalPayloadLength: 0, _messageLength: 0, _fragments: [], _state: 0, _loop: false, [Symbol(kCapture)]: false, [Symbol(websocket)]: [Circular *1] }, _sender: p { _extensions: {}, _socket: [Socket], _firstFragment: true, _compress: false, _bufferedBytes: 0, _deflating: false, _queue: [] }, _socket: Socket { connecting: false, _hadError: false, _parent: null, _host: null, _closeAfterHandlingError: false, _readableState: [ReadableState], _events: [Object: null prototype], _eventsCount: 4, _maxListeners: undefined, _writableState: [WritableState], allowHalfOpen: false, _sockname: null, _pendingData: null, _pendingEncoding: '', server: null, _server: null, parser: null, _httpMessage: null, timeout: 0, [Symbol(async_id_symbol)]: 8023, [Symbol(kHandle)]: [TCP], [Symbol(lastWriteQueueSize)]: 0, [Symbol(timeout)]: null, [Symbol(kBuffer)]: null, [Symbol(kBufferCb)]: null, [Symbol(kBufferGen)]: null, [Symbol(kCapture)]: false, [Symbol(kSetNoDelay)]: true, [Symbol(kSetKeepAlive)]: false, [Symbol(kSetKeepAliveInitialDelay)]: 0, [Symbol(kBytesRead)]: 0, [Symbol(kBytesWritten)]: 0, [Symbol(websocket)]: [Circular *1] }, _bufferedAmount: 0, _isServer: false, _redirects: 0, _url: 'ws://127.0.0.1:60757/devtools/browser/effce9f1-0a9b-4894-8b1e-bf2a7104cf7b', _originalHost: '127.0.0.1:60757', _req: null, [Symbol(kCapture)]: false } }
2024-07-17T09:26:27.478Z cypress:server:browsers:cri-client registering enable command Target.setDiscoverTargets
2024-07-17T09:26:27.479Z cypress:server:browsers:cri-client registering CDP on event { eventName: 'Target.attachedToTarget' }
2024-07-17T09:26:27.479Z cypress:server:browsers:cri-client registering CDP on event { eventName: 'Target.targetDestroyed' }
2024-07-17T09:26:27.479Z cypress:server:browsers:cri-client registering CDP on event { eventName: 'Inspector.targetReloadedAfterCrash' }
2024-07-17T09:26:27.481Z cypress:server:browsers:browser-cri-client Target.attachedToTarget { targetId: '3C12EA8C0D2E275182DC457C44D26485', type: 'page', title: 'about:blank', url: 'about:blank', attached: true, canAccessOpener: false, browserContextId: 'EF73110FB40172066949E657734B45CF' }
2024-07-17T09:26:27.481Z cypress:server:browsers:browser-cri-client Not waiting for debugger (id: 3C12EA8C0D2E275182DC457C44D26485)
2024-07-17T09:26:27.481Z cypress:server:browsers:browser-cri-client Attaching to target url about:blank
2024-07-17T09:26:27.482Z cypress:server:browsers:cri-client connecting { connected: false, target: '3C12EA8C0D2E275182DC457C44D26485' }
2024-07-17T09:26:27.487Z cypress:server:browsers:cri-client connected { connected: true, target: '3C12EA8C0D2E275182DC457C44D26485', ws: <ref *1> A { _events: [Object: null prototype] { open: [Function (anonymous)], message: [Function (anonymous)], close: [Function (anonymous)], error: [Function (anonymous)] }, _eventsCount: 4, _maxListeners: undefined, _binaryType: 'nodebuffer', _closeCode: 1006, _closeFrameReceived: false, _closeFrameSent: false, _closeMessage: '', _closeTimer: null, _extensions: {}, _protocol: '', _readyState: 1, _receiver: f { _writableState: [WritableState], _events: [Object: null prototype], _eventsCount: 6, _maxListeners: undefined, _binaryType: 'nodebuffer', _extensions: {}, _isServer: false, _maxPayload: 268435456, _bufferedBytes: 0, _buffers: [], _compressed: false, _payloadLength: 0, _mask: undefined, _fragmented: 0, _masked: false, _fin: false, _opcode: 0, _totalPayloadLength: 0, _messageLength: 0, _fragments: [], _state: 0, _loop: false, [Symbol(kCapture)]: false, [Symbol(websocket)]: [Circular *1] }, _sender: p { _extensions: {}, _socket: [Socket], _firstFragment: true, _compress: false, _bufferedBytes: 0, _deflating: false, _queue: [] }, _socket: Socket { connecting: false, _hadError: false, _parent: null, _host: null, _closeAfterHandlingError: false, _readableState: [ReadableState], _events: [Object: null prototype], _eventsCount: 4, _maxListeners: undefined, _writableState: [WritableState], allowHalfOpen: false, _sockname: null, _pendingData: null, _pendingEncoding: '', server: null, _server: null, parser: null, _httpMessage: null, timeout: 0, [Symbol(async_id_symbol)]: 8068, [Symbol(kHandle)]: [TCP], [Symbol(lastWriteQueueSize)]: 0, [Symbol(timeout)]: null, [Symbol(kBuffer)]: null, [Symbol(kBufferCb)]: null, [Symbol(kBufferGen)]: null, [Symbol(kCapture)]: false, [Symbol(kSetNoDelay)]: true, [Symbol(kSetKeepAlive)]: false, [Symbol(kSetKeepAliveInitialDelay)]: 0, [Symbol(kBytesRead)]: 0, [Symbol(kBytesWritten)]: 0, [Symbol(websocket)]: [Circular *1] }, _bufferedAmount: 0, _isServer: false, _redirects: 0, _url: 'ws://127.0.0.1:60757/devtools/page/3C12EA8C0D2E275182DC457C44D26485', _originalHost: '127.0.0.1:60757', _req: null, [Symbol(kCapture)]: false } }
2024-07-17T09:26:27.489Z cypress:server:browsers:cri-client registering CDP on event { eventName: 'Network.requestWillBeSent' }
2024-07-17T09:26:27.489Z cypress:server:browsers:cri-client registering CDP on event { eventName: 'Network.requestWillBeSent' }
2024-07-17T09:26:27.489Z cypress:server:browsers:cri-client registering CDP on event { eventName: 'Network.responseReceived' }
2024-07-17T09:26:27.489Z cypress:server:browsers:cri-client registering CDP on event { eventName: 'Network.responseReceived' }
2024-07-17T09:26:27.489Z cypress:server:browsers:cri-client registering CDP on event { eventName: 'Network.requestServedFromCache' }
2024-07-17T09:26:27.489Z cypress:server:browsers:cri-client registering CDP on event { eventName: 'Network.requestServedFromCache' }
2024-07-17T09:26:27.489Z cypress:server:browsers:cri-client registering CDP on event { eventName: 'Network.loadingFailed' }
2024-07-17T09:26:27.489Z cypress:server:browsers:cri-client registering CDP on event { eventName: 'Network.loadingFailed' }
2024-07-17T09:26:27.489Z cypress:server:browsers:cri-client registering CDP on event { eventName: 'ServiceWorker.workerRegistrationUpdated' }
2024-07-17T09:26:27.489Z cypress:server:browsers:cri-client registering CDP on event { eventName: 'ServiceWorker.workerVersionUpdated' }
2024-07-17T09:26:27.489Z cypress:server:browsers:cri-client registering enable command Network.enable
2024-07-17T09:26:27.490Z cypress:server:browsers:electron clearing cache
2024-07-17T09:26:27.565Z cypress:server:browsers:cri-client registering enable command Page.enable
2024-07-17T09:26:27.565Z cypress:server:browsers:cri-client registering enable command ServiceWorker.enable
2024-07-17T09:26:27.566Z cypress:server:browsers:cri-client registering enable command Runtime.enable
2024-07-17T09:26:27.566Z cypress:server:browsers:cri-client registering enable command Runtime.enable
2024-07-17T09:26:27.567Z cypress:server:browsers:cri-client registering enable command Runtime.addBinding
2024-07-17T09:26:27.567Z cypress:server:browsers:cri-client registering enable command Runtime.addBinding
2024-07-17T09:26:27.568Z cypress:server:browsers:cri-client registering CDP on event { eventName: 'Runtime.bindingCalled' }
2024-07-17T09:26:27.568Z cypress:server:browsers:cri-client registering CDP on event { eventName: 'Runtime.bindingCalled' }
2024-07-17T09:26:27.568Z cypress:server:browsers:cri-client registering enable command Runtime.enable
2024-07-17T09:26:27.569Z cypress:server:browsers:cri-client registering enable command Runtime.addBinding
2024-07-17T09:26:27.570Z cypress:server:browsers:cri-client registering CDP on event { eventName: 'Runtime.bindingCalled' }
2024-07-17T09:26:27.570Z cypress:server:socket-base socket connected
2024-07-17T09:26:27.742Z cypress:server:browsers:electron debugger: enable Console and Network
2024-07-17T09:26:27.742Z cypress:server:browsers:cri-client registering enable command Console.enable
2024-07-17T09:26:27.743Z cypress:server:browsers:cri-client registering enable command Fetch.enable
2024-07-17T09:26:27.743Z cypress:server:browsers:cri-client registering CDP on event { eventName: 'Fetch.requestPaused' }
2024-07-17T09:26:27.744Z cypress:server:browsers:cri-client registering CDP on event { eventName: 'Page.frameAttached' }
2024-07-17T09:26:27.744Z cypress:server:browsers:cri-client registering CDP on event { eventName: 'Page.frameDetached' }
2024-07-17T09:26:28.061Z cypress:server:project project has config { projectRoot: 'C:\\Workspace\\cypress-audio-context-bug', projectName: 'cypress-audio-context-bug', repoRoot: 'C:/Workspace/cypress-audio-context-bug', rawJson: { e2e: {}, envFile: {}, projectRoot: 'C:\\Workspace\\cypress-audio-context-bug', projectName: 'cypress-audio-context-bug', repoRoot: 'C:/Workspace/cypress-audio-context-bug' }, configFile: 'cypress.config.js', morgan: false, isTextTerminal: true, socketId: 'fqkyvpac5e', report: true, animationDistanceThreshold: 5, arch: 'x64', baseUrl: null, blockHosts: null, chromeWebSecurity: true, clientCertificates: [], defaultCommandTimeout: 4000, downloadsFolder: 'C:\\Workspace\\cypress-audio-context-bug\\cypress\\downloads', env: {}, execTimeout: 60000, experimentalCspAllowList: false, experimentalFetchPolyfill: false, experimentalInteractiveRunEvents: false, experimentalRunAllSpecs: false, experimentalMemoryManagement: false, experimentalModifyObstructiveThirdPartyCode: false, experimentalSkipDomainInjection: null, experimentalOriginDependencies: false, experimentalSourceRewriting: false, experimentalSingleTabRunMode: false, experimentalStudio: false, experimentalWebKitSupport: false, fileServerFolder: 'C:\\Workspace\\cypress-audio-context-bug', fixturesFolder: 'C:\\Workspace\\cypress-audio-context-bug\\cypress\\fixtures', excludeSpecPattern: '*.hot-update.js', includeShadowDom: false, keystrokeDelay: 0, modifyObstructiveCode: true, numTestsKeptInMemory: 0, platform: 'win32', pageLoadTimeout: 60000, port: 60759, projectId: null, redirectionLimit: 20, reporter: 'spec', reporterOptions: null, requestTimeout: 5000, resolvedNodePath: 'C:\\Users\\TMA\\AppData\\Local\\pnpm\\node.exe', resolvedNodeVersion: '20.12.1', responseTimeout: 30000, retries: { runMode: 0, openMode: 0, experimentalStrategy: undefined, experimentalOptions: undefined }, screenshotOnRunFailure: true, screenshotsFolder: 'C:\\Workspace\\cypress-audio-context-bug\\cypress\\screenshots', slowTestThreshold: 10000, scrollBehavior: 'top', supportFile: 'C:\\Workspace\\cypress-audio-context-bug\\cypress\\support\\e2e.js', supportFolder: 'C:\\Workspace\\cypress-audio-context-bug\\cypress\\support', taskTimeout: 60000, testIsolation: true, trashAssetsBeforeRuns: true, userAgent: null, video: false, videoCompression: false, videosFolder: 'C:\\Workspace\\cypress-audio-context-bug\\cypress\\videos', viewportHeight: 660, viewportWidth: 1000, waitForAnimations: true, watchForFileChanges: false, specPattern: 'cypress/e2e/**/*.cy.{js,jsx,ts,tsx}', additionalIgnorePattern: [], autoOpen: false, browsers: [ { name: 'chrome', family: 'chromium', channel: 'stable', displayName: 'Chrome', version: '126.0.6478.127', path: 'C:\\Program Files (x86)\\Google\\Chrome\\Application\\chrome.exe', minSupportedVersion: 64, majorVersion: '126' }, { name: 'firefox', family: 'firefox', channel: 'stable', displayName: 'Firefox', version: '127.0', path: 'C:\\Program Files\\Mozilla Firefox\\firefox.exe', minSupportedVersion: 86, majorVersion: '127' }, { name: 'edge', family: 'chromium', channel: 'stable', displayName: 'Edge', version: '126.0.2592.61', path: 'C:\\Program Files (x86)\\Microsoft\\Edge\\Application\\msedge.exe', minSupportedVersion: 79, majorVersion: '126' }, { name: 'electron', channel: 'stable', family: 'chromium', displayName: 'Electron', version: '118.0.5993.159', path: '', majorVersion: 118 } ], clientRoute: '/__/', cypressBinaryRoot: 'C:\\Users\\TMA\\AppData\\Local\\Cypress\\Cache\\13.13.1\\Cypress\\resources\\app', devServerPublicPathRoute: '/__cypress/src', hosts: null, isInteractive: true, namespace: '__cypress', reporterRoute: '/__cypress/reporter', socketIoCookie: '__socket', socketIoRoute: '/__socket', version: '13.13.1', protocolEnabled: false, hideCommandLog: false, hideRunnerUi: false, cypressEnv: 'production', resolved: { animationDistanceThreshold: { value: 5, from: 'default' }, arch: { value: 'x64', from: 'default' }, baseUrl: { value: null, from: 'default' }, blockHosts: { value: null, from: 'default' }, chromeWebSecurity: { value: true, from: 'default' }, clientCertificates: { value: [], from: 'default' }, defaultCommandTimeout: { value: 4000, from: 'default' }, downloadsFolder: { value: 'cypress/downloads', from: 'default' }, env: {}, execTimeout: { value: 60000, from: 'default' }, experimentalCspAllowList: { value: false, from: 'default' }, experimentalFetchPolyfill: { value: false, from: 'default' }, experimentalInteractiveRunEvents: { value: false, from: 'default' }, experimentalRunAllSpecs: { value: false, from: 'default' }, experimentalMemoryManagement: { value: false, from: 'default' }, experimentalModifyObstructiveThirdPartyCode: { value: false, from: 'default' }, experimentalSkipDomainInjection: { value: null, from: 'default' }, experimentalOriginDependencies: { value: false, from: 'default' }, experimentalSourceRewriting: { value: false, from: 'default' }, experimentalSingleTabRunMode: { value: false, from: 'default' }, experimentalStudio: { value: false, from: 'default' }, experimentalWebKitSupport: { value: false, from: 'default' }, fileServerFolder: { value: '', from: 'default' }, fixturesFolder: { value: 'cypress/fixtures', from: 'default' }, excludeSpecPattern: { value: '*.hot-update.js', from: 'default' }, includeShadowDom: { value: false, from: 'default' }, keystrokeDelay: { value: 0, from: 'default' }, modifyObstructiveCode: { value: true, from: 'default' }, numTestsKeptInMemory: { value: 0, from: 'config' }, platform: { value: 'win32', from: 'default' }, pageLoadTimeout: { value: 60000, from: 'default' }, port: { value: null, from: 'default' }, projectId: { value: null, from: 'default' }, redirectionLimit: { value: 20, from: 'default' }, reporter: { value: 'spec', from: 'default' }, reporterOptions: { value: null, from: 'default' }, requestTimeout: { value: 5000, from: 'default' }, resolvedNodePath: { value: null, from: 'default' }, resolvedNodeVersion: { value: null, from: 'default' }, responseTimeout: { value: 30000, from: 'default' }, retries: { value: [Object], from: 'default' }, screenshotOnRunFailure: { value: true, from: 'default' }, screenshotsFolder: { value: 'cypress/screenshots', from: 'default' }, slowTestThreshold: { value: 10000, from: 'default' }, scrollBehavior: { value: 'top', from: 'default' }, supportFile: { value: 'cypress/support/e2e.{js,jsx,ts,tsx}', from: 'default' }, supportFolder: { value: false, from: 'default' }, taskTimeout: { value: 60000, from: 'default' }, testIsolation: { value: true, from: 'default' }, trashAssetsBeforeRuns: { value: true, from: 'default' }, userAgent: { value: null, from: 'default' }, video: { value: false, from: 'default' }, videoCompression: { value: false, from: 'default' }, videosFolder: { value: 'cypress/videos', from: 'default' }, viewportHeight: { value: 660, from: 'default' }, viewportWidth: { value: 1000, from: 'default' }, waitForAnimations: { value: true, from: 'default' }, watchForFileChanges: { value: false, from: 'config' }, specPattern: { value: 'cypress/e2e/**/*.cy.{js,jsx,ts,tsx}', from: 'default' }, browsers: { value: [Array], from: 'runtime' }, hosts: { value: null, from: 'default' }, isInteractive: { value: true, from: 'default' } }, testingType: 'e2e', remote: {}, browser: null, specs: [], proxyUrl: 'http://localhost:60759', browserUrl: 'http://localhost:60759/__/', reporterUrl: 'http://localhost:60759/__cypress/reporter', proxyServer: 'http://localhost:60759', state: {} }
2024-07-17T09:26:28.061Z cypress:network:cors Parsed URL { port: '60759', protocol: 'http:', subdomain: null, domain: '', tld: 'localhost' }
2024-07-17T09:26:28.061Z cypress:server:remote-states getting remote state: { auth: undefined, origin: 'http://localhost:60759', strategy: 'file', fileServer: 'http://localhost:60760', domainName: 'localhost', props: null } for: http://localhost:60759
2024-07-17T09:26:28.061Z cypress:server:remote-states getting primary remote state: { auth: undefined, origin: 'http://localhost:60759', strategy: 'file', fileServer: 'http://localhost:60760', domainName: 'localhost', props: null }
2024-07-17T09:26:28.075Z cypress:server:routes proxying static assets /__/assets/polyfills-C8gArOHR.js, params[0] polyfills-C8gArOHR.js
2024-07-17T09:26:28.094Z cypress:server:routes proxying static assets /__/assets/index-C8HlGXFj.css, params[0] index-C8HlGXFj.css
2024-07-17T09:26:28.100Z cypress:server:routes proxying static assets /__/assets/index-CNuWGpvm.js, params[0] index-CNuWGpvm.js
2024-07-17T09:26:28.328Z cypress:server:routes proxying static assets /__/assets/Tooltip-CBLynKSI.css, params[0] Tooltip-CBLynKSI.css
2024-07-17T09:26:28.332Z cypress:server:routes proxying static assets /__/assets/chevron-right-small_x16-DSNu6StT.css, params[0] chevron-right-small_x16-DSNu6StT.css
2024-07-17T09:26:28.335Z cypress:server:routes proxying static assets /__/assets/default-BUuchxzW.css, params[0] default-BUuchxzW.css
2024-07-17T09:26:28.338Z cypress:server:routes proxying static assets /__/assets/InlineCodeFragment-UUgM5fGD.css, params[0] InlineCodeFragment-UUgM5fGD.css
2024-07-17T09:26:28.341Z cypress:server:routes proxying static assets /__/assets/Runner-BFVN926G.css, params[0] Runner-BFVN926G.css
2024-07-17T09:26:28.344Z cypress:server:routes proxying static assets /__/assets/default-B1je69fv.js, params[0] default-B1je69fv.js
2024-07-17T09:26:28.350Z cypress:server:routes proxying static assets /__/assets/chevron-right_x16-DeQtEUBX.js, params[0] chevron-right_x16-DeQtEUBX.js
2024-07-17T09:26:28.353Z cypress:server:routes proxying static assets /__/assets/cypress-dark-DNiE0RHZ.js, params[0] cypress-dark-DNiE0RHZ.js
2024-07-17T09:26:28.356Z cypress:server:routes proxying static assets /__/assets/Tooltip.vue_vue_type_style_index_0_lang-DYTX2KEl.js, params[0] Tooltip.vue_vue_type_style_index_0_lang-DYTX2KEl.js
2024-07-17T09:26:28.377Z cypress:server:routes proxying static assets /__/assets/cypress-logo_x16-C5NK1j4b.js, params[0] cypress-logo_x16-C5NK1j4b.js
2024-07-17T09:26:28.378Z cypress:server:routes proxying static assets /__/assets/day-Cy20IZsi.js, params[0] day-Cy20IZsi.js
2024-07-17T09:26:28.381Z cypress:server:routes proxying static assets /__/assets/chevron-right-small_x16-ByFTm33s.js, params[0] chevron-right-small_x16-ByFTm33s.js
2024-07-17T09:26:28.385Z cypress:server:routes proxying static assets /__/assets/useMarkdown-BJS0AVJC.js, params[0] useMarkdown-BJS0AVJC.js
2024-07-17T09:26:28.389Z cypress:server:routes proxying static assets /__/assets/status-errored-outline_x16-DjxV1EDa.js, params[0] status-errored-outline_x16-DjxV1EDa.js
2024-07-17T09:26:28.395Z cypress:server:routes proxying static assets /__/assets/document-text_x16-Bygalqxh.js, params[0] document-text_x16-Bygalqxh.js
2024-07-17T09:26:28.398Z cypress:server:routes proxying static assets /__/assets/OpenFileInIDE.vue_vue_type_script_setup_true_lang-DXoBZZUT.js, params[0] OpenFileInIDE.vue_vue_type_script_setup_true_lang-DXoBZZUT.js
2024-07-17T09:26:28.401Z cypress:server:routes proxying static assets /__/assets/useRelevantRun-DbxlLQBf.js, params[0] useRelevantRun-DbxlLQBf.js
2024-07-17T09:26:28.404Z cypress:server:routes proxying static assets /__/assets/isWindows-DEbEtqo4.js, params[0] isWindows-DEbEtqo4.js
2024-07-17T09:26:28.405Z cypress:server:routes proxying static assets /__/assets/index.es-DpA_ce0O.js, params[0] index.es-DpA_ce0O.js
2024-07-17T09:26:28.409Z cypress:server:routes proxying static assets /__/assets/Specs-DUFC-9Xk.js, params[0] Specs-DUFC-9Xk.js
2024-07-17T09:26:28.411Z cypress:server:routes proxying static assets /__/assets/route-block-mFfs_uHM.js, params[0] route-block-mFfs_uHM.js
2024-07-17T09:26:28.414Z cypress:server:routes proxying static assets /__/assets/Runner-BBiGdJ1s.js, params[0] Runner-BBiGdJ1s.js
2024-07-17T09:26:28.415Z cypress:server:routes proxying static assets /__/assets/InlineCodeFragment.vue_vue_type_script_setup_true_lang-CCQmsIQS.js, params[0] InlineCodeFragment.vue_vue_type_script_setup_true_lang-CCQmsIQS.js
2024-07-17T09:26:28.417Z cypress:server:routes proxying static assets /__/assets/box-open_x48-fBaeUwIh.js, params[0] box-open_x48-fBaeUwIh.js
2024-07-17T09:26:28.421Z cypress:server:routes proxying static assets /__/assets/SpecPatterns.vue_vue_type_script_setup_true_lang-BQ0rSk-7.js, params[0] SpecPatterns.vue_vue_type_script_setup_true_lang-BQ0rSk-7.js
2024-07-17T09:26:28.424Z cypress:server:routes proxying static assets /__/assets/Switch.vue_vue_type_script_setup_true_lang-BMGCEmZV.js, params[0] Switch.vue_vue_type_script_setup_true_lang-BMGCEmZV.js
2024-07-17T09:26:28.426Z cypress:server:routes proxying static assets /__/assets/refresh_x16-BVPHKn8S.js, params[0] refresh_x16-BVPHKn8S.js
2024-07-17T09:26:28.428Z cypress:server:routes proxying static assets /__/assets/graphql-Tm2gFLvm.js, params[0] graphql-Tm2gFLvm.js
2024-07-17T09:26:28.789Z cypress:server:server-base Got CONNECT request from localhost:60759
2024-07-17T09:26:28.790Z cypress:https-proxy Writing browserSocket connection headers { url: 'localhost:60759', headLength: 0, headers: { host: 'localhost:60759', 'proxy-connection': 'keep-alive', 'user-agent': 'Mozilla/5.0 (Windows NT 10.0; Win64; x64) AppleWebKit/537.36 (KHTML, like Gecko) Cypress/13.13.1 Chrome/118.0.5993.159 Electron/27.3.10 Safari/537.36' } }
2024-07-17T09:26:28.791Z cypress:https-proxy Got first head bytes { url: 'localhost:60759', head: 'GET /__socket-graphql HTTP/1.1\r\nHost: localhost:60759\r\nConnectio' }
2024-07-17T09:26:28.791Z cypress:https-proxy Making intercepted connection to 60759
2024-07-17T09:26:28.796Z cypress:network:connect successfully connected { opts: { port: 60759, host: 'localhost', getDelayMsForRetry: [Function: h] }, iteration: 0 }
2024-07-17T09:26:28.796Z cypress:https-proxy received upstreamSocket callback for request { port: 60759, hostname: 'localhost', err: undefined }
2024-07-17T09:26:28.797Z cypress:server:util:socket_allowed allowing socket { localPort: 60787 }
2024-07-17T09:26:28.797Z cypress:server:server-base Got UPGRADE request from /__socket-graphql
2024-07-17T09:26:28.798Z cypress:server:util:socket_allowed is incoming request allowed? { isAllowed: true, reqUrl: '/__socket-graphql', remotePort: 60787, remoteAddress: '127.0.0.1' }
2024-07-17T09:26:29.032Z cypress:server:project socket:connected
2024-07-17T09:26:29.032Z cypress:server:run got socket connection { id: 'fqkyvpac5e' }
2024-07-17T09:26:29.033Z cypress:server:run socket connected { socketId: 'fqkyvpac5e' }
2024-07-17T09:26:29.038Z cypress:server:server-base Got CONNECT request from localhost:60759
2024-07-17T09:26:29.038Z cypress:https-proxy Writing browserSocket connection headers { url: 'localhost:60759', headLength: 0, headers: { host: 'localhost:60759', 'proxy-connection': 'keep-alive', 'user-agent': 'Mozilla/5.0 (Windows NT 10.0; Win64; x64) AppleWebKit/537.36 (KHTML, like Gecko) Cypress/13.13.1 Chrome/118.0.5993.159 Electron/27.3.10 Safari/537.36' } }
2024-07-17T09:26:29.072Z cypress:server:socket-e2e watch:test:file { fileExtension: '.js', baseName: 'add-module.cy.js', fileName: 'add-module', specFileExtension: '.cy.js', relativeToCommonRoot: 'add-module.cy.js', specType: 'integration', name: 'add-module.cy.js', relative: 'cypress\\e2e\\audio-context\\add-module.cy.js', absolute: 'C:/Workspace/cypress-audio-context-bug/cypress/e2e/audio-context/add-module.cy.js' }
2024-07-17T09:26:29.072Z cypress:server:socket-e2e watching spec with config { fileExtension: '.js', baseName: 'add-module.cy.js', fileName: 'add-module', specFileExtension: '.cy.js', relativeToCommonRoot: 'add-module.cy.js', specType: 'integration', name: 'add-module.cy.js', relative: 'cypress\\e2e\\audio-context\\add-module.cy.js', absolute: 'C:/Workspace/cypress-audio-context-bug/cypress/e2e/audio-context/add-module.cy.js' }
2024-07-17T09:26:29.072Z cypress:server:socket-e2e will watch test file path 'cypress\\e2e\\audio-context\\add-module.cy.js'
2024-07-17T09:26:29.072Z cypress:server:preprocessor getting file cypress\e2e\audio-context\add-module.cy.js
2024-07-17T09:26:29.072Z cypress:server:preprocessor getFile C:\Workspace\cypress-audio-context-bug\cypress\e2e\audio-context\add-module.cy.js
2024-07-17T09:26:29.072Z cypress:server:appdata path: C:\Users\TMA\AppData\Roaming\Cypress\cy\production\projects\cypress-audio-context-bug-6e43da74f8bf7532b587aa1d44907041\bundles\cypress\e2e\audio-context\add-module.cy.js
2024-07-17T09:26:29.073Z cypress:lifecycle:EventRegistrar execute plugin event 'file:preprocessor' Node 'v18.17.1' with args: EventEmitter { _events: [Object: null prototype] { rerun: [Function (anonymous)] }, _eventsCount: 1, _maxListeners: undefined, filePath: 'C:\\Workspace\\cypress-audio-context-bug\\cypress\\e2e\\audio-context\\add-module.cy.js', shouldWatch: false, outputPath: 'C:\\Users\\TMA\\AppData\\Roaming\\Cypress\\cy\\production\\projects\\cypress-audio-context-bug-6e43da74f8bf7532b587aa1d44907041\\bundles\\cypress\\e2e\\audio-context\\add-module.cy.js', [Symbol(kCapture)]: false } undefined undefined
2024-07-17T09:26:29.073Z cypress:lifecycle:ProjectConfigManager call event file:preprocessor for invocation id inv1
2024-07-17T09:26:29.073Z cypress:lifecycle:EventRegistrar plugin event registered? { eventName: 'before:spec', isRegistered: false }
2024-07-17T09:26:29.074Z cypress:lifecycle:child:RunPlugins:19012 execute plugin event: file:preprocessor ({ invocationId: 'inv1', eventId: 3 })
2024-07-17T09:26:29.076Z cypress:webpack user options: { webpackOptions: { mode: 'development', node: { global: true, __filename: true, __dirname: true }, module: { rules: [Array] }, plugins: [ [ProvidePlugin] ], resolve: { extensions: [Array], fallback: [Object], plugins: [] } } }
2024-07-17T09:26:29.076Z cypress:webpack get C:\Workspace\cypress-audio-context-bug\cypress\e2e\audio-context\add-module.cy.js
2024-07-17T09:26:29.076Z cypress:webpack load default options
2024-07-17T09:26:29.077Z cypress:webpack setting devtool to inline-source-map
2024-07-17T09:26:29.077Z cypress:webpack typescript not found
2024-07-17T09:26:29.077Z cypress:webpack Limiting number of chunks to 1
2024-07-17T09:26:29.083Z cypress:webpack webpackOptions: { mode: 'development', node: { global: true, __filename: true, __dirname: true }, module: { rules: [ [Object], [Object], [Object] ] }, plugins: [ ProvidePlugin { definitions: [Object] }, LimitChunkCountPlugin { options: [Object] } ], resolve: { extensions: [ '.js', '.json', '.jsx', '.mjs', '.coffee' ], fallback: { assert: 'C:\\Users\\TMA\\AppData\\Local\\Cypress\\Cache\\13.13.1\\Cypress\\resources\\app\\node_modules\\assert\\build\\assert.js', buffer: 'C:\\Users\\TMA\\AppData\\Local\\Cypress\\Cache\\13.13.1\\Cypress\\resources\\app\\node_modules\\buffer\\index.js', child_process: false, cluster: false, console: false, constants: 'C:\\Users\\TMA\\AppData\\Local\\Cypress\\Cache\\13.13.1\\Cypress\\resources\\app\\node_modules\\constants-browserify\\constants.json', crypto: 'C:\\Users\\TMA\\AppData\\Local\\Cypress\\Cache\\13.13.1\\Cypress\\resources\\app\\node_modules\\crypto-browserify\\index.js', dgram: false, dns: false, domain: 'C:\\Users\\TMA\\AppData\\Local\\Cypress\\Cache\\13.13.1\\Cypress\\resources\\app\\node_modules\\domain-browser\\source\\index.js', events: 'C:\\Users\\TMA\\AppData\\Local\\Cypress\\Cache\\13.13.1\\Cypress\\resources\\app\\node_modules\\events\\events.js', fs: false, http: 'C:\\Users\\TMA\\AppData\\Local\\Cypress\\Cache\\13.13.1\\Cypress\\resources\\app\\node_modules\\stream-http\\index.js', https: 'C:\\Users\\TMA\\AppData\\Local\\Cypress\\Cache\\13.13.1\\Cypress\\resources\\app\\node_modules\\https-browserify\\index.js', http2: false, inspector: false, module: false, net: false, os: 'C:\\Users\\TMA\\AppData\\Local\\Cypress\\Cache\\13.13.1\\Cypress\\resources\\app\\node_modules\\os-browserify\\browser.js', path: 'C:\\Users\\TMA\\AppData\\Local\\Cypress\\Cache\\13.13.1\\Cypress\\resources\\app\\node_modules\\path-browserify\\index.js', perf_hooks: false, punycode: 'C:\\Users\\TMA\\AppData\\Local\\Cypress\\Cache\\13.13.1\\Cypress\\resources\\app\\node_modules\\punycode\\punycode.js', process: 'C:\\Users\\TMA\\AppData\\Local\\Cypress\\Cache\\13.13.1\\Cypress\\resources\\app\\node_modules\\process\\browser.js', querystring: 'C:\\Users\\TMA\\AppData\\Local\\Cypress\\Cache\\13.13.1\\Cypress\\resources\\app\\node_modules\\querystring-es3\\index.js', readline: false, repl: false, stream: 'C:\\Users\\TMA\\AppData\\Local\\Cypress\\Cache\\13.13.1\\Cypress\\resources\\app\\node_modules\\stream-browserify\\index.js', string_decoder: 'C:\\Users\\TMA\\AppData\\Local\\Cypress\\Cache\\13.13.1\\Cypress\\resources\\app\\node_modules\\string_decoder\\lib\\string_decoder.js', sys: 'C:\\Users\\TMA\\AppData\\Local\\Cypress\\Cache\\13.13.1\\Cypress\\resources\\app\\node_modules\\util\\util.js', timers: 'C:\\Users\\TMA\\AppData\\Local\\Cypress\\Cache\\13.13.1\\Cypress\\resources\\app\\node_modules\\timers-browserify\\main.js', tls: false, tty: 'C:\\Users\\TMA\\AppData\\Local\\Cypress\\Cache\\13.13.1\\Cypress\\resources\\app\\node_modules\\tty-browserify\\index.js', url: 'C:\\Users\\TMA\\AppData\\Local\\Cypress\\Cache\\13.13.1\\Cypress\\resources\\app\\node_modules\\url\\url.js', util: 'C:\\Users\\TMA\\AppData\\Local\\Cypress\\Cache\\13.13.1\\Cypress\\resources\\app\\node_modules\\util\\util.js', vm: 'C:\\Users\\TMA\\AppData\\Local\\Cypress\\Cache\\13.13.1\\Cypress\\resources\\app\\node_modules\\vm-browserify\\index.js', zlib: 'C:\\Users\\TMA\\AppData\\Local\\Cypress\\Cache\\13.13.1\\Cypress\\resources\\app\\node_modules\\browserify-zlib\\lib\\index.js' }, plugins: [] }, entry: [ 'C:\\Workspace\\cypress-audio-context-bug\\cypress\\e2e\\audio-context\\add-module.cy.js' ], output: { publicPath: '', path: 'C:\\Users\\TMA\\AppData\\Roaming\\Cypress\\cy\\production\\projects\\cypress-audio-context-bug-6e43da74f8bf7532b587aa1d44907041\\bundles\\cypress\\e2e\\audio-context', filename: 'add-module.cy.js' }, devtool: 'inline-source-map' }
2024-07-17T09:26:29.084Z cypress:webpack watchOptions: {}
2024-07-17T09:26:29.084Z cypress:webpack input: C:\Workspace\cypress-audio-context-bug\cypress\e2e\audio-context\add-module.cy.js
2024-07-17T09:26:29.084Z cypress:webpack output: C:\Users\TMA\AppData\Roaming\Cypress\cy\production\projects\cypress-audio-context-bug-6e43da74f8bf7532b587aa1d44907041\bundles\cypress\e2e\audio-context\add-module.cy.js
2024-07-17T09:26:29.090Z cypress:lifecycle:EventRegistrar plugin event registered? { eventName: 'after:browser:launch', isRegistered: false }
2024-07-17T09:26:29.090Z cypress:server:browsers browser opened for launch 1
2024-07-17T09:26:29.109Z cypress:server:iframes handling iframe for project spec { spec: { fileExtension: '.js', baseName: 'add-module.cy.js', fileName: 'add-module', specFileExtension: '.cy.js', relativeToCommonRoot: 'add-module.cy.js', specType: 'integration', name: 'cypress/e2e/audio-context/add-module.cy.js', relative: 'cypress\\e2e\\audio-context\\add-module.cy.js', absolute: 'C:/Workspace/cypress-audio-context-bug/cypress/e2e/audio-context/add-module.cy.js' }, extraOptions: { specType: 'integration' } }
2024-07-17T09:26:29.109Z cypress:server:controllers handle iframe { test: 'cypress\\e2e\\audio-context\\add-module.cy.js', specFilter: undefined }
2024-07-17T09:26:29.109Z cypress:server:controllers get specs { spec: 'cypress\\e2e\\audio-context\\add-module.cy.js', extraOptions: { specType: 'integration' } }
2024-07-17T09:26:29.110Z cypress:server:controllers normalizing spec { spec: 'cypress\\e2e\\audio-context\\add-module.cy.js' }
2024-07-17T09:26:29.110Z cypress:server:controllers converted cypress\e2e\audio-context\add-module.cy.js to C:\Workspace\cypress-audio-context-bug\cypress\e2e\audio-context\add-module.cy.js
2024-07-17T09:26:29.110Z cypress:server:controllers test url for file { file: 'cypress\\e2e\\audio-context\\add-module.cy.js', url: '/__cypress/tests?p=cypress\\e2e\\audio-context\\add-module.cy.js' }
2024-07-17T09:26:29.110Z cypress:server:controllers test url for file { file: 'cypress\\support\\e2e.js', url: '/__cypress/tests?p=cypress\\support\\e2e.js' }
2024-07-17T09:26:29.110Z cypress:server:controllers all files to send [ 'cypress\\support\\e2e.js', 'cypress\\e2e\\audio-context\\add-module.cy.js' ]
2024-07-17T09:26:29.110Z cypress:server:remote-states getting primary remote state: { auth: undefined, origin: 'http://localhost:60759', strategy: 'file', fileServer: 'http://localhost:60760', domainName: 'localhost', props: null }
2024-07-17T09:26:29.125Z cypress:server:project project has config { projectRoot: 'C:\\Workspace\\cypress-audio-context-bug', projectName: 'cypress-audio-context-bug', repoRoot: 'C:/Workspace/cypress-audio-context-bug', rawJson: { e2e: {}, envFile: {}, projectRoot: 'C:\\Workspace\\cypress-audio-context-bug', projectName: 'cypress-audio-context-bug', repoRoot: 'C:/Workspace/cypress-audio-context-bug' }, configFile: 'cypress.config.js', morgan: false, isTextTerminal: true, socketId: 'fqkyvpac5e', report: true, animationDistanceThreshold: 5, arch: 'x64', baseUrl: null, blockHosts: null, chromeWebSecurity: true, clientCertificates: [], defaultCommandTimeout: 4000, downloadsFolder: 'C:\\Workspace\\cypress-audio-context-bug\\cypress\\downloads', env: {}, execTimeout: 60000, experimentalCspAllowList: false, experimentalFetchPolyfill: false, experimentalInteractiveRunEvents: false, experimentalRunAllSpecs: false, experimentalMemoryManagement: false, experimentalModifyObstructiveThirdPartyCode: false, experimentalSkipDomainInjection: null, experimentalOriginDependencies: false, experimentalSourceRewriting: false, experimentalSingleTabRunMode: false, experimentalStudio: false, experimentalWebKitSupport: false, fileServerFolder: 'C:\\Workspace\\cypress-audio-context-bug', fixturesFolder: 'C:\\Workspace\\cypress-audio-context-bug\\cypress\\fixtures', excludeSpecPattern: '*.hot-update.js', includeShadowDom: false, keystrokeDelay: 0, modifyObstructiveCode: true, numTestsKeptInMemory: 0, platform: 'win32', pageLoadTimeout: 60000, port: 60759, projectId: null, redirectionLimit: 20, reporter: 'spec', reporterOptions: null, requestTimeout: 5000, resolvedNodePath: 'C:\\Users\\TMA\\AppData\\Local\\pnpm\\node.exe', resolvedNodeVersion: '20.12.1', responseTimeout: 30000, retries: { runMode: 0, openMode: 0, experimentalStrategy: undefined, experimentalOptions: undefined }, screenshotOnRunFailure: true, screenshotsFolder: 'C:\\Workspace\\cypress-audio-context-bug\\cypress\\screenshots', slowTestThreshold: 10000, scrollBehavior: 'top', supportFile: 'C:\\Workspace\\cypress-audio-context-bug\\cypress\\support\\e2e.js', supportFolder: 'C:\\Workspace\\cypress-audio-context-bug\\cypress\\support', taskTimeout: 60000, testIsolation: true, trashAssetsBeforeRuns: true, userAgent: null, video: false, videoCompression: false, videosFolder: 'C:\\Workspace\\cypress-audio-context-bug\\cypress\\videos', viewportHeight: 660, viewportWidth: 1000, waitForAnimations: true, watchForFileChanges: false, specPattern: 'cypress/e2e/**/*.cy.{js,jsx,ts,tsx}', additionalIgnorePattern: [], autoOpen: false, browsers: [ { name: 'chrome', family: 'chromium', channel: 'stable', displayName: 'Chrome', version: '126.0.6478.127', path: 'C:\\Program Files (x86)\\Google\\Chrome\\Application\\chrome.exe', minSupportedVersion: 64, majorVersion: '126' }, { name: 'firefox', family: 'firefox', channel: 'stable', displayName: 'Firefox', version: '127.0', path: 'C:\\Program Files\\Mozilla Firefox\\firefox.exe', minSupportedVersion: 86, majorVersion: '127' }, { name: 'edge', family: 'chromium', channel: 'stable', displayName: 'Edge', version: '126.0.2592.61', path: 'C:\\Program Files (x86)\\Microsoft\\Edge\\Application\\msedge.exe', minSupportedVersion: 79, majorVersion: '126' }, { name: 'electron', channel: 'stable', family: 'chromium', displayName: 'Electron', version: '118.0.5993.159', path: '', majorVersion: 118 } ], clientRoute: '/__/', cypressBinaryRoot: 'C:\\Users\\TMA\\AppData\\Local\\Cypress\\Cache\\13.13.1\\Cypress\\resources\\app', devServerPublicPathRoute: '/__cypress/src', hosts: null, isInteractive: true, namespace: '__cypress', reporterRoute: '/__cypress/reporter', socketIoCookie: '__socket', socketIoRoute: '/__socket', version: '13.13.1', protocolEnabled: false, hideCommandLog: false, hideRunnerUi: false, cypressEnv: 'production', resolved: { animationDistanceThreshold: { value: 5, from: 'default' }, arch: { value: 'x64', from: 'default' }, baseUrl: { value: null, from: 'default' }, blockHosts: { value: null, from: 'default' }, chromeWebSecurity: { value: true, from: 'default' }, clientCertificates: { value: [], from: 'default' }, defaultCommandTimeout: { value: 4000, from: 'default' }, downloadsFolder: { value: 'cypress/downloads', from: 'default' }, env: {}, execTimeout: { value: 60000, from: 'default' }, experimentalCspAllowList: { value: false, from: 'default' }, experimentalFetchPolyfill: { value: false, from: 'default' }, experimentalInteractiveRunEvents: { value: false, from: 'default' }, experimentalRunAllSpecs: { value: false, from: 'default' }, experimentalMemoryManagement: { value: false, from: 'default' }, experimentalModifyObstructiveThirdPartyCode: { value: false, from: 'default' }, experimentalSkipDomainInjection: { value: null, from: 'default' }, experimentalOriginDependencies: { value: false, from: 'default' }, experimentalSourceRewriting: { value: false, from: 'default' }, experimentalSingleTabRunMode: { value: false, from: 'default' }, experimentalStudio: { value: false, from: 'default' }, experimentalWebKitSupport: { value: false, from: 'default' }, fileServerFolder: { value: '', from: 'default' }, fixturesFolder: { value: 'cypress/fixtures', from: 'default' }, excludeSpecPattern: { value: '*.hot-update.js', from: 'default' }, includeShadowDom: { value: false, from: 'default' }, keystrokeDelay: { value: 0, from: 'default' }, modifyObstructiveCode: { value: true, from: 'default' }, numTestsKeptInMemory: { value: 0, from: 'config' }, platform: { value: 'win32', from: 'default' }, pageLoadTimeout: { value: 60000, from: 'default' }, port: { value: null, from: 'default' }, projectId: { value: null, from: 'default' }, redirectionLimit: { value: 20, from: 'default' }, reporter: { value: 'spec', from: 'default' }, reporterOptions: { value: null, from: 'default' }, requestTimeout: { value: 5000, from: 'default' }, resolvedNodePath: { value: null, from: 'default' }, resolvedNodeVersion: { value: null, from: 'default' }, responseTimeout: { value: 30000, from: 'default' }, retries: { value: [Object], from: 'default' }, screenshotOnRunFailure: { value: true, from: 'default' }, screenshotsFolder: { value: 'cypress/screenshots', from: 'default' }, slowTestThreshold: { value: 10000, from: 'default' }, scrollBehavior: { value: 'top', from: 'default' }, supportFile: { value: 'cypress/support/e2e.{js,jsx,ts,tsx}', from: 'default' }, supportFolder: { value: false, from: 'default' }, taskTimeout: { value: 60000, from: 'default' }, testIsolation: { value: true, from: 'default' }, trashAssetsBeforeRuns: { value: true, from: 'default' }, userAgent: { value: null, from: 'default' }, video: { value: false, from: 'default' }, videoCompression: { value: false, from: 'default' }, videosFolder: { value: 'cypress/videos', from: 'default' }, viewportHeight: { value: 660, from: 'default' }, viewportWidth: { value: 1000, from: 'default' }, waitForAnimations: { value: true, from: 'default' }, watchForFileChanges: { value: false, from: 'config' }, specPattern: { value: 'cypress/e2e/**/*.cy.{js,jsx,ts,tsx}', from: 'default' }, browsers: { value: [Array], from: 'runtime' }, hosts: { value: null, from: 'default' }, isInteractive: { value: true, from: 'default' } }, testingType: 'e2e', remote: {}, browser: null, specs: [], proxyUrl: 'http://localhost:60759', browserUrl: 'http://localhost:60759/__/', reporterUrl: 'http://localhost:60759/__cypress/reporter', proxyServer: 'http://localhost:60759', state: {} }
2024-07-17T09:26:29.126Z cypress:network:cors Parsed URL { port: '60759', protocol: 'http:', subdomain: null, domain: '', tld: 'localhost' }
2024-07-17T09:26:29.126Z cypress:server:remote-states getting remote state: { auth: undefined, origin: 'http://localhost:60759', strategy: 'file', fileServer: 'http://localhost:60760', domainName: 'localhost', props: null } for: http://localhost:60759
2024-07-17T09:26:29.127Z cypress:server:remote-states getting primary remote state: { auth: undefined, origin: 'http://localhost:60759', strategy: 'file', fileServer: 'http://localhost:60760', domainName: 'localhost', props: null }
2024-07-17T09:26:29.129Z cypress:server:controllers iframe cypress\e2e\audio-context\add-module.cy.js options { superDomain: 'localhost', title: 'cypress\\e2e\\audio-context\\add-module.cy.js', scripts: '[{"absolute":"C:\\\\Workspace\\\\cypress-audio-context-bug\\\\cypress\\\\support\\\\e2e.js","relative":"cypress\\\\support\\\\e2e.js","relativeUrl":"/__cypress/tests?p=cypress\\\\support\\\\e2e.js"},{"absolute":"C:\\\\Workspace\\\\cypress-audio-context-bug\\\\cypress\\\\e2e\\\\audio-context\\\\add-module.cy.js","relative":"cypress\\\\e2e\\\\audio-context\\\\add-module.cy.js","relativeUrl":"/__cypress/tests?p=cypress\\\\e2e\\\\audio-context\\\\add-module.cy.js"}]', privilegedChannel: '/* global window */\r\n' + '(({ browserFamily, isSpecBridge, key, namespace, scripts, url, win = window }) => {\r\n' + '  /**\r\n' + '   * This file is read as a string in the server and injected into the spec\r\n' + '   * frame in order to create a privileged channel between the server and\r\n' + '   * the spec frame. The values above are provided by the server, with the\r\n' + '   * `key` being particularly important since it is used to validate\r\n' + '   * any messages sent from this channel back to the server.\r\n' + '   *\r\n' + '   * This file does not get preprocessed, so it should not contain syntax that\r\n' + '   * our minimum supported browsers do not support.\r\n' + '   */\r\n' + '\r\n' + '  const Err = win.Error\r\n' + '  const captureStackTrace = win.Error.captureStackTrace\r\n' + '  const filter = win.Array.prototype.filter\r\n' + '  const arrayIncludes = win.Array.prototype.includes\r\n' + '  const map = win.Array.prototype.map\r\n' + '  const slice = win.Array.prototype.slice\r\n' + '  const isArray = win.Array.isArray\r\n' + '  const stringIncludes = win.String.prototype.includes\r\n' + '  const replace = win.String.prototype.replace\r\n' + '  const split = win.String.prototype.split\r\n' + '  const functionToString = win.Function.prototype.toString\r\n' + '  const fetch = win.fetch\r\n' + '  const parse = win.JSON.parse\r\n' + '  const stringify = win.JSON.stringify\r\n' + '  const charCodeAt = win.String.prototype.charCodeAt\r\n' + '  const imul = Math.imul\r\n' + '\r\n' + '  const queryStringRegex = /\\?.*$/\r\n' + '\r\n' + '  let hasValidCallbackContext = false\r\n' + '\r\n' + "  // since this function is eval'd, the scripts are included as stringified JSON\r\n" + '  if (scripts) {\r\n' + '    scripts = parse(scripts)\r\n' + '  }\r\n' + '\r\n' + '  // when privileged commands are called within the cy.origin() callback,\r\n' + "  // since the callback is eval'd in the spec bridge instead of being run\r\n" + '  // directly in the spec frame, we need to use different criteria, namely\r\n' + '  // that the stack includes the function where we eval the callback\r\n' + '  const hasSpecBridgeInvocation = (err) => {\r\n' + '    switch (browserFamily) {\r\n' + "      case 'chromium':\r\n" + "        return stringIncludes.call(err.stack, 'at invokeOriginFn')\r\n" + "      case 'firefox':\r\n" + "        return stringIncludes.call(err.stack, 'invokeOriginFn@')\r\n" + "      // currently, this won't run in webkit since it doesn't\r\n" + '      // support cy.origin()\r\n' + '      default:\r\n' + '        return false\r\n' + '    }\r\n' + '  }\r\n' + '\r\n' + '  // in chromium, stacks only include lines from the frame where the error is\r\n' + '  // created, so to validate a function call was from the spec frame, we strip\r\n' + '  // message lines and any eval calls (since they could be invoked from outside\r\n' + '  // the spec frame) and if there are lines left, they must have been from\r\n' + '  // the spec frame itself\r\n' + '  const hasSpecFrameStackLines = (err) => {\r\n' + "    const stackLines = split.call(err.stack, '\\n')\r\n" + '    const filteredLines = filter.call(stackLines, (line) => {\r\n' + '      return (\r\n' + '        !stringIncludes.call(line, err.message)\r\n' + "        && !stringIncludes.call(line, 'eval at <anonymous>')\r\n" + '      )\r\n' + '    })\r\n' + '\r\n' + '    return filteredLines.length > 0\r\n' + '  }\r\n' + '\r\n' + '  const isInCallback = (err) => {\r\n' + "    return stringIncludes.call(err.stack, 'thenFn@') || stringIncludes.call(err.stack, 'withinFn@')\r\n" + '  }\r\n' + '\r\n' + '  const hasCallbackInsideEval = (err) => {\r\n' + "    if (browserFamily === 'webkit') {\r\n" + '      return isInCallback(err) && hasValidCallbackContext\r\n' + '    }\r\n' + '\r\n' + "    return isInCallback(err) && stringIncludes.call(err.stack, '> eval line')\r\n" + '  }\r\n' + '\r\n' + '  // in non-chromium browsers, the stack will include either the spec file url\r\n' + '  // or the support file\r\n' + '  const hasStackLinesFromSpecOrSupportFile = (err) => {\r\n' + '    return filter.call(scripts, (script) => {\r\n' + '      // in webkit, stack line might not include the query string\r\n' + "      if (browserFamily === 'webkit') {\r\n" + "        script = replace.call(script, queryStringRegex, '')\r\n" + '      }\r\n' + '\r\n' + '      return stringIncludes.call(err.stack, script)\r\n' + '    }).length > 0\r\n' + '  }\r\n' + '\r\n' + '  // privileged commands are commands that should only be called from the spec\r\n' + '  // because they escape the browser sandbox and (generally) have access to node\r\n' + '  const privilegedCommands = [\r\n' + "    'exec',\r\n" + "    // cy.origin() doesn't directly access node, but is a pathway for other\r\n" + '    // commands to do so\r\n' + "    'origin',\r\n" + "    'readFile',\r\n" + '    // cy.selectFile() accesses node when using the path argument to read a file\r\n' + "    'selectFile',\r\n" + "    'writeFile',\r\n" + "    'task',\r\n" + '  ]\r\n' + '\r\n' + '  const callbackCommands = [\r\n' + "    'each',\r\n" + "    'then',\r\n" + "    'within',\r\n" + '  ]\r\n' + '\r\n' + '  function stackIsFromSpecFrame (err) {\r\n' + '    if (isSpecBridge) {\r\n' + '      return hasSpecBridgeInvocation(err)\r\n' + '    }\r\n' + '\r\n' + "    if (browserFamily === 'chromium') {\r\n" + '      return hasStackLinesFromSpecOrSupportFile(err) || hasSpecFrameStackLines(err)\r\n' + '    }\r\n' + '\r\n' + '    return hasCallbackInsideEval(err) || hasStackLinesFromSpecOrSupportFile(err)\r\n' + '  }\r\n' + '\r\n' + '  // source: https://github.com/bryc/code/blob/d0dac1c607a005679799024ff66166e13601d397/jshash/experimental/cyrb53.js\r\n' + '  function hash (str) {\r\n' + '    const seed = 0\r\n' + '    let h1 = 0xdeadbeef ^ seed\r\n' + '    let h2 = 0x41c6ce57 ^ seed\r\n' + '\r\n' + '    for (let i = 0, ch; i < str.length; i++) {\r\n' + '      ch = charCodeAt.call(str, i)\r\n' + '      h1 = imul(h1 ^ ch, 2654435761)\r\n' + '      h2 = imul(h2 ^ ch, 1597334677)\r\n' + '    }\r\n' + '    h1 = imul(h1 ^ (h1 >>> 16), 2246822507)\r\n' + '    h1 ^= imul(h2 ^ (h2 >>> 13), 3266489909)\r\n' + '    h2 = imul(h2 ^ (h2 >>> 16), 2246822507)\r\n' + '    h2 ^= imul(h1 ^ (h1 >>> 13), 3266489909)\r\n' + '\r\n' + '    return `${4294967296 * (2097151 & h2) + (h1 >>> 0)}`\r\n' + '  }\r\n' + '\r\n' + '  // removes trailing undefined args\r\n' + '  function dropRightUndefined (array) {\r\n' + '    if (!isArray(array)) return []\r\n' + '\r\n' + '    let index = array.length\r\n' + '\r\n' + '    // find index of last non-undefined arg\r\n' + '    // eslint-disable-next-line no-empty\r\n' + '    while (index-- && array[index] === undefined) {}\r\n' + '\r\n' + '    return slice.call(array, 0, index + 1)\r\n' + '  }\r\n' + '\r\n' + '  function onCommandInvocation (command) {\r\n' + "    // message doesn't really matter since we're only interested in the stack\r\n" + "    const err = new Err('command stack error')\r\n" + '\r\n' + '    // strips the stack for this function itself, so we get a more accurate\r\n' + '    // look at where the command was called from\r\n' + '    if (captureStackTrace) {\r\n' + '      captureStackTrace.call(Err, err, onCommandInvocation)\r\n' + '    }\r\n' + '\r\n' + '    if (arrayIncludes.call(callbackCommands, command.name)) {\r\n' + '      hasValidCallbackContext = stackIsFromSpecFrame(err)\r\n' + '    }\r\n' + '\r\n' + '    if (!arrayIncludes.call(privilegedCommands, command.name)) return\r\n' + '\r\n' + "    // if stack is not validated as being from the spec frame, don't add\r\n" + '    // it as a verified command\r\n' + '    if (!stackIsFromSpecFrame(err)) return\r\n' + '\r\n' + '    // hash the args to avoid `413 Request Entity Too Large` error from express.\r\n' + '    // see https://github.com/cypress-io/cypress/issues/27099 and\r\n' + '    // https://github.com/cypress-io/cypress/issues/27097\r\n' + '    const args = map.call(dropRightUndefined([...(command.args || [])]), (arg) => {\r\n' + '      if (arg === undefined) {\r\n' + '        arg = null\r\n' + '      }\r\n' + '\r\n' + "      if (typeof arg === 'function') {\r\n" + '        arg = functionToString.call(arg)\r\n' + '      }\r\n' + '\r\n' + '      return hash(stringify(arg))\r\n' + '    })\r\n' + '\r\n' + '    // if we verify a privileged command was invoked from the spec frame, we\r\n' + "    // send it to the server, where it's stored in state. when the command is\r\n" + '    // run and it sends its message to the server via websocket, we check\r\n' + '    // that verified status before allowing the command to continue running\r\n' + '    //\r\n' + '    // needs to use the fully-qualified url or else when the baseUrl includes\r\n' + '    // basic auth, the fetch fails with a security error\r\n' + '    // see https://github.com/cypress-io/cypress/issues/28336\r\n' + '    const promise = fetch(`${win.location.origin}/${namespace}/add-verified-command`, {\r\n' + '      body: stringify({\r\n' + '        args,\r\n' + '        name: command.name,\r\n' + '        key,\r\n' + '        url,\r\n' + '      }),\r\n' + '      headers: {\r\n' + "        'Content-Type': 'application/json',\r\n" + '      },\r\n' + "      method: 'POST',\r\n" + '    }).catch(() => {\r\n' + "      // this erroring is unlikely, but it's fine to ignore. if adding the\r\n" + '      // verified command failed, the default behavior is NOT to allow\r\n' + '      // the privileged command to run\r\n' + '    })\r\n' + '\r\n' + '    return {\r\n' + '      args,\r\n' + '      promise,\r\n' + '    }\r\n' + '  }\r\n' + '\r\n' + "  win.Cypress.on('command:invocation', onCommandInvocation)\r\n" + '\r\n' + '  // returned for testing purposes only\r\n' + '  return {\r\n' + '    dropRightUndefined,\r\n' + '    onCommandInvocation,\r\n' + '  }\r\n' + '})\r\n' + '({\n' + "      browserFamily: 'chromium',\n" + '      isSpecBridge: false,\n' + "      key: '8be7407d-f9a9-486c-9517-bb03e2347181',\n" + "      namespace: '__cypress',\n" + `      scripts: '["/__cypress/tests?p=cypress\\\\\\\\support\\\\\\\\e2e.js","/__cypress/tests?p=cypress\\\\\\\\e2e\\\\\\\\audio-context\\\\\\\\add-module.cy.js"]',\n` + "      url: 'http://localhost:60759/__cypress/iframes/cypress%5Ce2e%5Caudio-context%5Cadd-module.cy.js?browserFamily=chromium'\n" + '    })' }
2024-07-17T09:26:29.165Z cypress:server:controllers:spec request for { spec: 'cypress\\e2e\\audio-context\\add-module.cy.js' }
2024-07-17T09:26:29.165Z cypress:server:preprocessor getting file cypress\e2e\audio-context\add-module.cy.js
2024-07-17T09:26:29.165Z cypress:server:preprocessor getFile C:\Workspace\cypress-audio-context-bug\cypress\e2e\audio-context\add-module.cy.js
2024-07-17T09:26:29.165Z cypress:server:preprocessor headless and already processed
2024-07-17T09:26:29.166Z cypress:server:controllers:spec request for { spec: 'cypress\\support\\e2e.js' }
2024-07-17T09:26:29.166Z cypress:server:preprocessor getting file cypress\support\e2e.js
2024-07-17T09:26:29.166Z cypress:server:preprocessor getFile C:\Workspace\cypress-audio-context-bug\cypress\support\e2e.js
2024-07-17T09:26:29.166Z cypress:server:appdata path: C:\Users\TMA\AppData\Roaming\Cypress\cy\production\projects\cypress-audio-context-bug-6e43da74f8bf7532b587aa1d44907041\bundles\cypress\support\e2e.js
2024-07-17T09:26:29.167Z cypress:lifecycle:EventRegistrar execute plugin event 'file:preprocessor' Node 'v18.17.1' with args: EventEmitter { _events: [Object: null prototype] { rerun: [Function (anonymous)] }, _eventsCount: 1, _maxListeners: undefined, filePath: 'C:\\Workspace\\cypress-audio-context-bug\\cypress\\support\\e2e.js', shouldWatch: false, outputPath: 'C:\\Users\\TMA\\AppData\\Roaming\\Cypress\\cy\\production\\projects\\cypress-audio-context-bug-6e43da74f8bf7532b587aa1d44907041\\bundles\\cypress\\support\\e2e.js', [Symbol(kCapture)]: false } undefined undefined
2024-07-17T09:26:29.167Z cypress:lifecycle:ProjectConfigManager call event file:preprocessor for invocation id inv2
2024-07-17T09:26:29.437Z cypress:lifecycle:child:RunPlugins:19012 execute plugin event: file:preprocessor ({ invocationId: 'inv2', eventId: 3 })
2024-07-17T09:26:29.438Z cypress:webpack user options: { webpackOptions: { mode: 'development', node: { global: true, __filename: true, __dirname: true }, module: { rules: [Array] }, plugins: [ [ProvidePlugin], [LimitChunkCountPlugin] ], resolve: { extensions: [Array], fallback: [Object], plugins: [] }, entry: [ 'C:\\Workspace\\cypress-audio-context-bug\\cypress\\e2e\\audio-context\\add-module.cy.js' ], output: { publicPath: '', path: 'C:\\Users\\TMA\\AppData\\Roaming\\Cypress\\cy\\production\\projects\\cypress-audio-context-bug-6e43da74f8bf7532b587aa1d44907041\\bundles\\cypress\\e2e\\audio-context', filename: 'add-module.cy.js' }, devtool: 'inline-source-map' } }
2024-07-17T09:26:29.438Z cypress:webpack get C:\Workspace\cypress-audio-context-bug\cypress\support\e2e.js
2024-07-17T09:26:29.438Z cypress:webpack load default options
2024-07-17T09:26:29.438Z cypress:webpack setting devtool to inline-source-map
2024-07-17T09:26:29.438Z cypress:webpack typescript not found
2024-07-17T09:26:29.438Z cypress:webpack Limiting number of chunks to 1
2024-07-17T09:26:29.439Z cypress:webpack webpackOptions: { mode: 'development', node: { global: true, __filename: true, __dirname: true }, module: { rules: [ [Object], [Object], [Object] ] }, plugins: [ ProvidePlugin { definitions: [Object] }, LimitChunkCountPlugin { options: [Object] }, LimitChunkCountPlugin { options: [Object] } ], resolve: { extensions: [ '.js', '.json', '.jsx', '.mjs', '.coffee' ], fallback: { assert: 'C:\\Users\\TMA\\AppData\\Local\\Cypress\\Cache\\13.13.1\\Cypress\\resources\\app\\node_modules\\assert\\build\\assert.js', buffer: 'C:\\Users\\TMA\\AppData\\Local\\Cypress\\Cache\\13.13.1\\Cypress\\resources\\app\\node_modules\\buffer\\index.js', child_process: false, cluster: false, console: false, constants: 'C:\\Users\\TMA\\AppData\\Local\\Cypress\\Cache\\13.13.1\\Cypress\\resources\\app\\node_modules\\constants-browserify\\constants.json', crypto: 'C:\\Users\\TMA\\AppData\\Local\\Cypress\\Cache\\13.13.1\\Cypress\\resources\\app\\node_modules\\crypto-browserify\\index.js', dgram: false, dns: false, domain: 'C:\\Users\\TMA\\AppData\\Local\\Cypress\\Cache\\13.13.1\\Cypress\\resources\\app\\node_modules\\domain-browser\\source\\index.js', events: 'C:\\Users\\TMA\\AppData\\Local\\Cypress\\Cache\\13.13.1\\Cypress\\resources\\app\\node_modules\\events\\events.js', fs: false, http: 'C:\\Users\\TMA\\AppData\\Local\\Cypress\\Cache\\13.13.1\\Cypress\\resources\\app\\node_modules\\stream-http\\index.js', https: 'C:\\Users\\TMA\\AppData\\Local\\Cypress\\Cache\\13.13.1\\Cypress\\resources\\app\\node_modules\\https-browserify\\index.js', http2: false, inspector: false, module: false, net: false, os: 'C:\\Users\\TMA\\AppData\\Local\\Cypress\\Cache\\13.13.1\\Cypress\\resources\\app\\node_modules\\os-browserify\\browser.js', path: 'C:\\Users\\TMA\\AppData\\Local\\Cypress\\Cache\\13.13.1\\Cypress\\resources\\app\\node_modules\\path-browserify\\index.js', perf_hooks: false, punycode: 'C:\\Users\\TMA\\AppData\\Local\\Cypress\\Cache\\13.13.1\\Cypress\\resources\\app\\node_modules\\punycode\\punycode.js', process: 'C:\\Users\\TMA\\AppData\\Local\\Cypress\\Cache\\13.13.1\\Cypress\\resources\\app\\node_modules\\process\\browser.js', querystring: 'C:\\Users\\TMA\\AppData\\Local\\Cypress\\Cache\\13.13.1\\Cypress\\resources\\app\\node_modules\\querystring-es3\\index.js', readline: false, repl: false, stream: 'C:\\Users\\TMA\\AppData\\Local\\Cypress\\Cache\\13.13.1\\Cypress\\resources\\app\\node_modules\\stream-browserify\\index.js', string_decoder: 'C:\\Users\\TMA\\AppData\\Local\\Cypress\\Cache\\13.13.1\\Cypress\\resources\\app\\node_modules\\string_decoder\\lib\\string_decoder.js', sys: 'C:\\Users\\TMA\\AppData\\Local\\Cypress\\Cache\\13.13.1\\Cypress\\resources\\app\\node_modules\\util\\util.js', timers: 'C:\\Users\\TMA\\AppData\\Local\\Cypress\\Cache\\13.13.1\\Cypress\\resources\\app\\node_modules\\timers-browserify\\main.js', tls: false, tty: 'C:\\Users\\TMA\\AppData\\Local\\Cypress\\Cache\\13.13.1\\Cypress\\resources\\app\\node_modules\\tty-browserify\\index.js', url: 'C:\\Users\\TMA\\AppData\\Local\\Cypress\\Cache\\13.13.1\\Cypress\\resources\\app\\node_modules\\url\\url.js', util: 'C:\\Users\\TMA\\AppData\\Local\\Cypress\\Cache\\13.13.1\\Cypress\\resources\\app\\node_modules\\util\\util.js', vm: 'C:\\Users\\TMA\\AppData\\Local\\Cypress\\Cache\\13.13.1\\Cypress\\resources\\app\\node_modules\\vm-browserify\\index.js', zlib: 'C:\\Users\\TMA\\AppData\\Local\\Cypress\\Cache\\13.13.1\\Cypress\\resources\\app\\node_modules\\browserify-zlib\\lib\\index.js' }, plugins: [] }, entry: [ 'C:\\Workspace\\cypress-audio-context-bug\\cypress\\support\\e2e.js' ], output: { publicPath: '', path: 'C:\\Users\\TMA\\AppData\\Roaming\\Cypress\\cy\\production\\projects\\cypress-audio-context-bug-6e43da74f8bf7532b587aa1d44907041\\bundles\\cypress\\support', filename: 'e2e.js' }, devtool: 'inline-source-map' }
2024-07-17T09:26:29.439Z cypress:webpack watchOptions: {}
2024-07-17T09:26:29.439Z cypress:webpack input: C:\Workspace\cypress-audio-context-bug\cypress\support\e2e.js
2024-07-17T09:26:29.439Z cypress:webpack output: C:\Users\TMA\AppData\Roaming\Cypress\cy\production\projects\cypress-audio-context-bug-6e43da74f8bf7532b587aa1d44907041\bundles\cypress\support\e2e.js
2024-07-17T09:26:30.146Z cypress:webpack finished bundling C:\Users\TMA\AppData\Roaming\Cypress\cy\production\projects\cypress-audio-context-bug-6e43da74f8bf7532b587aa1d44907041\bundles\cypress\support\e2e.js
asset [1m[32me2e.js[39m[22m 221 bytes [1m[33m[compared for emit][39m[22m (name: main)
[1m./cypress/support/e2e.js[39m[22m 13 bytes [1m[33m[built][39m[22m [1m[33m[code generated][39m[22m
webpack 5.88.2 compiled [1m[32msuccessfully[39m[22m in 698 ms
2024-07-17T09:26:30.157Z cypress:webpack finished bundling C:\Users\TMA\AppData\Roaming\Cypress\cy\production\projects\cypress-audio-context-bug-6e43da74f8bf7532b587aa1d44907041\bundles\cypress\e2e\audio-context\add-module.cy.js
asset [1m[32madd-module.cy.js[39m[22m 1.52 KiB [1m[33m[compared for emit][39m[22m (name: main)
[1m./cypress/e2e/audio-context/add-module.cy.js[39m[22m 222 bytes [1m[33m[built][39m[22m [1m[33m[code generated][39m[22m
webpack 5.88.2 compiled [1m[32msuccessfully[39m[22m in 745 ms
2024-07-17T09:26:30.159Z cypress:lifecycle:ProjectConfigManager promise resolved for id 'inv2' with value C:\Users\TMA\AppData\Roaming\Cypress\cy\production\projects\cypress-audio-context-bug-6e43da74f8bf7532b587aa1d44907041\bundles\cypress\support\e2e.js
2024-07-17T09:26:30.160Z cypress:server:controllers:spec sending spec { filePath: 'C:\\Users\\TMA\\AppData\\Roaming\\Cypress\\cy\\production\\projects\\cypress-audio-context-bug-6e43da74f8bf7532b587aa1d44907041\\bundles\\cypress\\support\\e2e.js' }
2024-07-17T09:26:30.162Z cypress:lifecycle:ProjectConfigManager promise resolved for id 'inv1' with value C:\Users\TMA\AppData\Roaming\Cypress\cy\production\projects\cypress-audio-context-bug-6e43da74f8bf7532b587aa1d44907041\bundles\cypress\e2e\audio-context\add-module.cy.js
2024-07-17T09:26:30.162Z cypress:server:controllers:spec sending spec { filePath: 'C:\\Users\\TMA\\AppData\\Roaming\\Cypress\\cy\\production\\projects\\cypress-audio-context-bug-6e43da74f8bf7532b587aa1d44907041\\bundles\\cypress\\e2e\\audio-context\\add-module.cy.js' }
2024-07-17T09:26:30.184Z cypress:server:project received runnables { id: 'r1', title: '', root: true, pending: false, type: 'suite', file: 'cypress\\e2e\\audio-context\\add-module.cy.js', retries: -1, _slow: 10000, hooks: [], tests: [], suites: [ { id: 'r2', title: 'audio context', root: false, pending: false, type: 'suite', file: null, invocationDetails: [Object], retries: -1, _slow: 10000, hooks: [], tests: [Array], suites: [] } ], runtimeConfig: {}, totalUnfilteredTests: 0 }
2024-07-17T09:26:30.185Z cypress:server:project project has config { projectRoot: 'C:\\Workspace\\cypress-audio-context-bug', projectName: 'cypress-audio-context-bug', repoRoot: 'C:/Workspace/cypress-audio-context-bug', rawJson: { e2e: {}, envFile: {}, projectRoot: 'C:\\Workspace\\cypress-audio-context-bug', projectName: 'cypress-audio-context-bug', repoRoot: 'C:/Workspace/cypress-audio-context-bug' }, configFile: 'cypress.config.js', morgan: false, isTextTerminal: true, socketId: 'fqkyvpac5e', report: true, animationDistanceThreshold: 5, arch: 'x64', baseUrl: null, blockHosts: null, chromeWebSecurity: true, clientCertificates: [], defaultCommandTimeout: 4000, downloadsFolder: 'C:\\Workspace\\cypress-audio-context-bug\\cypress\\downloads', env: {}, execTimeout: 60000, experimentalCspAllowList: false, experimentalFetchPolyfill: false, experimentalInteractiveRunEvents: false, experimentalRunAllSpecs: false, experimentalMemoryManagement: false, experimentalModifyObstructiveThirdPartyCode: false, experimentalSkipDomainInjection: null, experimentalOriginDependencies: false, experimentalSourceRewriting: false, experimentalSingleTabRunMode: false, experimentalStudio: false, experimentalWebKitSupport: false, fileServerFolder: 'C:\\Workspace\\cypress-audio-context-bug', fixturesFolder: 'C:\\Workspace\\cypress-audio-context-bug\\cypress\\fixtures', excludeSpecPattern: '*.hot-update.js', includeShadowDom: false, keystrokeDelay: 0, modifyObstructiveCode: true, numTestsKeptInMemory: 0, platform: 'win32', pageLoadTimeout: 60000, port: 60759, projectId: null, redirectionLimit: 20, reporter: 'spec', reporterOptions: null, requestTimeout: 5000, resolvedNodePath: 'C:\\Users\\TMA\\AppData\\Local\\pnpm\\node.exe', resolvedNodeVersion: '20.12.1', responseTimeout: 30000, retries: { runMode: 0, openMode: 0, experimentalStrategy: undefined, experimentalOptions: undefined }, screenshotOnRunFailure: true, screenshotsFolder: 'C:\\Workspace\\cypress-audio-context-bug\\cypress\\screenshots', slowTestThreshold: 10000, scrollBehavior: 'top', supportFile: 'C:\\Workspace\\cypress-audio-context-bug\\cypress\\support\\e2e.js', supportFolder: 'C:\\Workspace\\cypress-audio-context-bug\\cypress\\support', taskTimeout: 60000, testIsolation: true, trashAssetsBeforeRuns: true, userAgent: null, video: false, videoCompression: false, videosFolder: 'C:\\Workspace\\cypress-audio-context-bug\\cypress\\videos', viewportHeight: 660, viewportWidth: 1000, waitForAnimations: true, watchForFileChanges: false, specPattern: 'cypress/e2e/**/*.cy.{js,jsx,ts,tsx}', additionalIgnorePattern: [], autoOpen: false, browsers: [ { name: 'chrome', family: 'chromium', channel: 'stable', displayName: 'Chrome', version: '126.0.6478.127', path: 'C:\\Program Files (x86)\\Google\\Chrome\\Application\\chrome.exe', minSupportedVersion: 64, majorVersion: '126' }, { name: 'firefox', family: 'firefox', channel: 'stable', displayName: 'Firefox', version: '127.0', path: 'C:\\Program Files\\Mozilla Firefox\\firefox.exe', minSupportedVersion: 86, majorVersion: '127' }, { name: 'edge', family: 'chromium', channel: 'stable', displayName: 'Edge', version: '126.0.2592.61', path: 'C:\\Program Files (x86)\\Microsoft\\Edge\\Application\\msedge.exe', minSupportedVersion: 79, majorVersion: '126' }, { name: 'electron', channel: 'stable', family: 'chromium', displayName: 'Electron', version: '118.0.5993.159', path: '', majorVersion: 118 } ], clientRoute: '/__/', cypressBinaryRoot: 'C:\\Users\\TMA\\AppData\\Local\\Cypress\\Cache\\13.13.1\\Cypress\\resources\\app', devServerPublicPathRoute: '/__cypress/src', hosts: null, isInteractive: true, namespace: '__cypress', reporterRoute: '/__cypress/reporter', socketIoCookie: '__socket', socketIoRoute: '/__socket', version: '13.13.1', protocolEnabled: false, hideCommandLog: false, hideRunnerUi: false, cypressEnv: 'production', resolved: { animationDistanceThreshold: { value: 5, from: 'default' }, arch: { value: 'x64', from: 'default' }, baseUrl: { value: null, from: 'default' }, blockHosts: { value: null, from: 'default' }, chromeWebSecurity: { value: true, from: 'default' }, clientCertificates: { value: [], from: 'default' }, defaultCommandTimeout: { value: 4000, from: 'default' }, downloadsFolder: { value: 'cypress/downloads', from: 'default' }, env: {}, execTimeout: { value: 60000, from: 'default' }, experimentalCspAllowList: { value: false, from: 'default' }, experimentalFetchPolyfill: { value: false, from: 'default' }, experimentalInteractiveRunEvents: { value: false, from: 'default' }, experimentalRunAllSpecs: { value: false, from: 'default' }, experimentalMemoryManagement: { value: false, from: 'default' }, experimentalModifyObstructiveThirdPartyCode: { value: false, from: 'default' }, experimentalSkipDomainInjection: { value: null, from: 'default' }, experimentalOriginDependencies: { value: false, from: 'default' }, experimentalSourceRewriting: { value: false, from: 'default' }, experimentalSingleTabRunMode: { value: false, from: 'default' }, experimentalStudio: { value: false, from: 'default' }, experimentalWebKitSupport: { value: false, from: 'default' }, fileServerFolder: { value: '', from: 'default' }, fixturesFolder: { value: 'cypress/fixtures', from: 'default' }, excludeSpecPattern: { value: '*.hot-update.js', from: 'default' }, includeShadowDom: { value: false, from: 'default' }, keystrokeDelay: { value: 0, from: 'default' }, modifyObstructiveCode: { value: true, from: 'default' }, numTestsKeptInMemory: { value: 0, from: 'config' }, platform: { value: 'win32', from: 'default' }, pageLoadTimeout: { value: 60000, from: 'default' }, port: { value: null, from: 'default' }, projectId: { value: null, from: 'default' }, redirectionLimit: { value: 20, from: 'default' }, reporter: { value: 'spec', from: 'default' }, reporterOptions: { value: null, from: 'default' }, requestTimeout: { value: 5000, from: 'default' }, resolvedNodePath: { value: null, from: 'default' }, resolvedNodeVersion: { value: null, from: 'default' }, responseTimeout: { value: 30000, from: 'default' }, retries: { value: [Object], from: 'default' }, screenshotOnRunFailure: { value: true, from: 'default' }, screenshotsFolder: { value: 'cypress/screenshots', from: 'default' }, slowTestThreshold: { value: 10000, from: 'default' }, scrollBehavior: { value: 'top', from: 'default' }, supportFile: { value: 'cypress/support/e2e.{js,jsx,ts,tsx}', from: 'default' }, supportFolder: { value: false, from: 'default' }, taskTimeout: { value: 60000, from: 'default' }, testIsolation: { value: true, from: 'default' }, trashAssetsBeforeRuns: { value: true, from: 'default' }, userAgent: { value: null, from: 'default' }, video: { value: false, from: 'default' }, videoCompression: { value: false, from: 'default' }, videosFolder: { value: 'cypress/videos', from: 'default' }, viewportHeight: { value: 660, from: 'default' }, viewportWidth: { value: 1000, from: 'default' }, waitForAnimations: { value: true, from: 'default' }, watchForFileChanges: { value: false, from: 'config' }, specPattern: { value: 'cypress/e2e/**/*.cy.{js,jsx,ts,tsx}', from: 'default' }, browsers: { value: [Array], from: 'runtime' }, hosts: { value: null, from: 'default' }, isInteractive: { value: true, from: 'default' } }, testingType: 'e2e', remote: {}, browser: null, specs: [], proxyUrl: 'http://localhost:60759', browserUrl: 'http://localhost:60759/__/', reporterUrl: 'http://localhost:60759/__cypress/reporter', proxyServer: 'http://localhost:60759', state: {} }
2024-07-17T09:26:30.185Z cypress:network:cors Parsed URL { port: '60759', protocol: 'http:', subdomain: null, domain: '', tld: 'localhost' }
2024-07-17T09:26:30.185Z cypress:server:remote-states getting remote state: { auth: undefined, origin: 'http://localhost:60759', strategy: 'file', fileServer: 'http://localhost:60760', domainName: 'localhost', props: null } for: http://localhost:60759
2024-07-17T09:26:30.187Z cypress:server:reporter trying to load reporter: spec
2024-07-17T09:26:30.187Z cypress:server:reporter spec is Mocha reporter
2024-07-17T09:26:30.197Z cypress:server:reporter got mocha event 'start' with args: [ undefined ]

2024-07-17T09:26:30.197Z cypress:server:reporter got mocha event 'suite' with args: [ p { title: '', ctx: {}, suites: [ [p] ], tests: [], pending: false, _beforeEach: [], _beforeAll: [], _afterEach: [], _afterAll: [], root: true, _timeout: 2000, _enableTimeouts: true, _slow: 10000, _bail: false, _retries: -1, _onlyTests: [], _onlySuites: [], delayed: false, _events: [Object: null prototype] { newListener: [Function (anonymous)] }, _eventsCount: 1, file: 'cypress\\e2e\\audio-context\\add-module.cy.js', id: 'r1', type: 'suite' } ]

2024-07-17T09:26:30.199Z cypress:server:reporter got mocha event 'suite' with args: [ p { title: 'audio context', ctx: {}, suites: [], tests: [ [u] ], pending: false, _beforeEach: [], _beforeAll: [], _afterEach: [], _afterAll: [], root: false, _timeout: 2000, _enableTimeouts: true, _slow: 10000, _bail: false, _retries: -1, _onlyTests: [], _onlySuites: [], delayed: false, _events: [Object: null prototype] { newListener: [Function (anonymous)] }, _eventsCount: 1, parent: p { title: '', ctx: {}, suites: [Array], tests: [], pending: false, _beforeEach: [], _beforeAll: [], _afterEach: [], _afterAll: [], root: true, _timeout: 2000, _enableTimeouts: true, _slow: 10000, _bail: false, _retries: -1, _onlyTests: [], _onlySuites: [], delayed: false, _events: [Object: null prototype], _eventsCount: 1, file: 'cypress\\e2e\\audio-context\\add-module.cy.js', id: 'r1', type: 'suite' }, file: null, id: 'r2', type: 'suite', invocationDetails: { function: 'eval', fileUrl: 'http://localhost:60759/__cypress/tests?p=cypress\\e2e\\audio-context\\add-module.cy.js', originalFile: 'webpack://cypress-audio-context-bug/./cypress/e2e/audio-context/add-module.cy.js', relativeFile: 'cypress/e2e/audio-context/add-module.cy.js', absoluteFile: 'C:\\Workspace\\cypress-audio-context-bug/cypress/e2e/audio-context/add-module.cy.js', line: 1, column: 0, whitespace: '    ', stack: 'Error\n' + '    at eval (http://localhost:60759/__cypress/tests?p=cypress\\e2e\\audio-context\\add-module.cy.js:9:1)\n' + '    at eval (http://localhost:60759/__cypress/tests?p=cypress\\e2e\\audio-context\\add-module.cy.js:16:12)\n' + '    at eval (<anonymous>)' } } ]
  audio context
2024-07-17T09:26:30.199Z cypress:server:reporter got mocha event 'test' with args: [ u { title: 'load correctly the module', fn: [Function: o] { toString: [Function (anonymous)] }, body: '() => {\n' + "    cy.visit('http://localhost:3000');\n" + "    cy.contains('Load').click();\n" + "    cy.get('body').should('have.text', 'Loaded');\n" + '  }', async: undefined, sync: undefined, _timeout: 2000, _slow: 10000, _enableTimeouts: true, timedOut: undefined, _retries: -1, _currentRetry: 0, pending: false, type: 'test', duration: undefined, state: 'skipped', parent: p { title: 'audio context', ctx: {}, suites: [], tests: [Array], pending: false, _beforeEach: [], _beforeAll: [], _afterEach: [], _afterAll: [], root: false, _timeout: 2000, _enableTimeouts: true, _slow: 10000, _bail: false, _retries: -1, _onlyTests: [], _onlySuites: [], delayed: false, _events: [Object: null prototype], _eventsCount: 1, parent: [p], file: null, id: 'r2', type: 'suite', invocationDetails: [Object] }, id: 'r3', _testConfig: { testConfigList: [], unverifiedTestConfig: {} }, order: 1, file: null, invocationDetails: { function: 'Suite.eval', fileUrl: 'http://localhost:60759/__cypress/tests?p=cypress\\e2e\\audio-context\\add-module.cy.js', originalFile: 'webpack://cypress-audio-context-bug/./cypress/e2e/audio-context/add-module.cy.js', relativeFile: 'cypress/e2e/audio-context/add-module.cy.js', absoluteFile: 'C:\\Workspace\\cypress-audio-context-bug/cypress/e2e/audio-context/add-module.cy.js', line: 2, column: 2, whitespace: '    ', stack: 'Error\n' + '    at Suite.eval (http://localhost:60759/__cypress/tests?p=cypress\\e2e\\audio-context\\add-module.cy.js:10:3)\n' + '    at eval (http://localhost:60759/__cypress/tests?p=cypress\\e2e\\audio-context\\add-module.cy.js:9:1)\n' + '    at eval (http://localhost:60759/__cypress/tests?p=cypress\\e2e\\audio-context\\add-module.cy.js:16:12)\n' + '    at eval (<anonymous>)' } } ]
2024-07-17T09:26:30.202Z cypress:server:reporter got mocha event 'test:before:run' with args: [ u { title: 'load correctly the module', fn: [Function: o] { toString: [Function (anonymous)] }, body: '() => {\n' + "    cy.visit('http://localhost:3000');\n" + "    cy.contains('Load').click();\n" + "    cy.get('body').should('have.text', 'Loaded');\n" + '  }', async: undefined, sync: undefined, _timeout: 2000, _slow: 10000, _enableTimeouts: true, timedOut: undefined, _retries: 0, _currentRetry: 0, pending: false, type: 'test', duration: undefined, state: 'skipped', parent: p { title: 'audio context', ctx: {}, suites: [], tests: [Array], pending: false, _beforeEach: [], _beforeAll: [], _afterEach: [], _afterAll: [], root: false, _timeout: 2000, _enableTimeouts: true, _slow: 10000, _bail: false, _retries: -1, _onlyTests: [], _onlySuites: [], delayed: false, _events: [Object: null prototype], _eventsCount: 1, parent: [p], file: null, id: 'r2', type: 'suite', invocationDetails: [Object] }, id: 'r3', _testConfig: { testConfigList: [], unverifiedTestConfig: {}, applied: 'complete' }, order: 1, file: null, invocationDetails: { function: 'Suite.eval', fileUrl: 'http://localhost:60759/__cypress/tests?p=cypress\\e2e\\audio-context\\add-module.cy.js', originalFile: 'webpack://cypress-audio-context-bug/./cypress/e2e/audio-context/add-module.cy.js', relativeFile: 'cypress/e2e/audio-context/add-module.cy.js', absoluteFile: 'C:\\Workspace\\cypress-audio-context-bug/cypress/e2e/audio-context/add-module.cy.js', line: 2, column: 2, whitespace: '    ', stack: 'Error\n' + '    at Suite.eval (http://localhost:60759/__cypress/tests?p=cypress\\e2e\\audio-context\\add-module.cy.js:10:3)\n' + '    at eval (http://localhost:60759/__cypress/tests?p=cypress\\e2e\\audio-context\\add-module.cy.js:9:1)\n' + '    at eval (http://localhost:60759/__cypress/tests?p=cypress\\e2e\\audio-context\\add-module.cy.js:16:12)\n' + '    at eval (<anonymous>)' }, wallClockStartedAt: '2024-07-17T09:26:30.198Z' } ]
2024-07-17T09:26:30.203Z cypress:util:crash_handling preparing to run test, previous stats reported as {
  stats: {
    suites: 1,
    tests: 1,
    passes: 0,
    pending: 0,
    skipped: 1,
    failures: 0,
    wallClockStartedAt: 2024-07-17T09:26:30.193Z,
    wallClockDuration: 0
  },
  reporter: 'spec',
  reporterStats: {
    suites: 1,
    tests: 0,
    passes: 0,
    pending: 0,
    failures: 0,
    start: 2024-07-17T09:26:30.197Z
  },
  hooks: [],
  tests: [
    {
      testId: 'r3',
      title: [Array],
      state: 'skipped',
      body: '() => {\n' +
        "    cy.visit('http://localhost:3000');\n" +
        "    cy.contains('Load').click();\n" +
        "    cy.get('body').should('have.text', 'Loaded');\n" +
        '  }',
      displayError: null,
      attempts: [Array]
    }
  ]
}
2024-07-17T09:26:30.203Z cypress:server:socket-base backend:request { eventName: 'close:extra:targets', args: [] }
2024-07-17T09:26:30.203Z cypress:server:browsers getBrowserLauncher { browser: { name: 'electron', channel: 'stable', family: 'chromium', displayName: 'Electron', version: '118.0.5993.159', path: '', majorVersion: 118, isHeadless: true, isHeaded: false } }
2024-07-17T09:26:30.203Z cypress:server:socket-base backend:request { eventName: 'reset:server:state', args: [] }
2024-07-17T09:26:30.203Z cypress:proxy:http:util:buffers resetting buffers
2024-07-17T09:26:30.203Z cypress:server:remote-states resetting remote state
2024-07-17T09:26:30.204Z cypress:server:socket-base backend:request { eventName: 'get:rendered:html:origins', args: [] }
2024-07-17T09:26:30.204Z cypress:server:socket-base automation:request get:cookies {}
2024-07-17T09:26:30.204Z cypress:server:automation:cookies getting:cookies {}
2024-07-17T09:26:30.205Z cypress:server:automation:cookies received get:cookies []
2024-07-17T09:26:30.214Z cypress:server:socket-base automation:request clear:cookies []
2024-07-17T09:26:30.214Z cypress:server:automation:cookies clear:cookies 0
2024-07-17T09:26:30.216Z cypress:server:socket-base backend:request { eventName: 'reset:rendered:html:origins', args: [] }
2024-07-17T09:26:30.226Z cypress:server:socket-base backend:request { eventName: 'resolve:url', args: [ 'http://localhost:3000/', { auth: null, failOnStatusCode: true, retryOnNetworkFailure: true, retryOnStatusCodeFailure: false, retryIntervals: [Array], method: 'GET', body: null, headers: {}, timeout: 30000, isFromSpecBridge: false, hasAlreadyVisitedUrl: false } ] }
2024-07-17T09:26:30.226Z cypress:server:server-base resolving visit { url: 'http://localhost:3000/', userAgent: 'Mozilla/5.0 (Windows NT 10.0; Win64; x64) AppleWebKit/537.36 (KHTML, like Gecko) Cypress/13.13.1 Chrome/118.0.5993.159 Electron/27.3.10 Safari/537.36', options: { auth: null, failOnStatusCode: true, retryOnNetworkFailure: true, retryOnStatusCodeFailure: false, retryIntervals: [ 0, 100, 200, 200 ], method: 'GET', body: null, headers: {}, timeout: 30000, isFromSpecBridge: false, hasAlreadyVisitedUrl: false } }
2024-07-17T09:26:30.227Z cypress:proxy:http:util:buffers resetting buffers
2024-07-17T09:26:30.227Z cypress:network:cors Parsed URL { port: '60759', protocol: 'http:', subdomain: null, domain: '', tld: 'localhost' }
2024-07-17T09:26:30.227Z cypress:server:remote-states getting remote state: { auth: undefined, origin: 'http://localhost:60759', strategy: 'file', fileServer: 'http://localhost:60760', domainName: 'localhost', props: null } for: http://localhost:60759
2024-07-17T09:26:30.227Z cypress:network:cors Parsed URL { port: '60759', protocol: 'http:', subdomain: null, domain: '', tld: 'localhost' }
2024-07-17T09:26:30.227Z cypress:server:remote-states getting primary remote state: { auth: undefined, origin: 'http://localhost:60759', strategy: 'file', fileServer: 'http://localhost:60760', domainName: 'localhost', props: null }
2024-07-17T09:26:30.227Z cypress:server:server-base sending request with options { auth: null, failOnStatusCode: true, retryOnNetworkFailure: true, retryOnStatusCodeFailure: false, retryIntervals: [ 0, 100, 200, 200 ], method: 'GET', body: null, headers: { accept: 'text/html,*/*' }, timeout: 30000, isFromSpecBridge: false, hasAlreadyVisitedUrl: false, gzip: false, url: 'http://localhost:3000/', onBeforeReqInit: [Function: y], followRedirect: [Function: followRedirect] }
2024-07-17T09:26:30.228Z cypress:server:automation:cookies getting:cookies { url: 'http://localhost:3000/' }
2024-07-17T09:26:30.229Z cypress:server:automation:cookies received get:cookies []
2024-07-17T09:26:30.229Z cypress:server:request got cookies from browser { reqUrl: 'http://localhost:3000/', cookies: [] }
2024-07-17T09:26:30.229Z cypress:server:request sending request as stream { auth: null, failOnStatusCode: true, retryOnNetworkFailure: true, retryOnStatusCodeFailure: false, retryIntervals: [ 0, 100, 200, 200 ], method: 'GET', body: null, headers: { accept: 'text/html,*/*', 'user-agent': 'Mozilla/5.0 (Windows NT 10.0; Win64; x64) AppleWebKit/537.36 (KHTML, like Gecko) Cypress/13.13.1 Chrome/118.0.5993.159 Electron/27.3.10 Safari/537.36' }, timeout: 30000, isFromSpecBridge: false, hasAlreadyVisitedUrl: false, gzip: false, url: 'http://localhost:3000/', onBeforeReqInit: [Function: y], followAllRedirects: true }
2024-07-17T09:26:30.235Z cypress:network:agent addRequest called { isHttps: false, href: 'http://localhost:3000/' }
2024-07-17T09:26:30.235Z cypress:network:connect beginning getAddress { hostname: 'localhost', port: '3000' }
2024-07-17T09:26:30.237Z cypress:network:connect got addresses { hostname: 'localhost', port: '3000', addresses: [ { address: '127.0.0.1', family: 4 }, { address: '::1', family: 6 } ] }
2024-07-17T09:26:30.238Z cypress:network:agent got family { family: 4, href: 'http://localhost:3000/' }
2024-07-17T09:26:30.242Z cypress:server:request received status code & headers on request { requestId: 'request3', statusCode: 200, headers: { 'content-type': 'text/html; charset=utf-8' } }
2024-07-17T09:26:30.242Z cypress:server:request successful response received { requestId: 'request3' }
2024-07-17T09:26:30.242Z cypress:server:server-base resolve:url headers received, buffering response { headers: { 'content-length': '628', 'content-disposition': 'inline; filename="index.html"', 'accept-ranges': 'bytes', etag: '"24f53f5e6beb5534c9e4b191cad5a9d5dd1fedbb"', 'content-type': 'text/html; charset=utf-8', vary: 'Accept-Encoding', date: 'Wed, 17 Jul 2024 09:26:30 GMT', connection: 'keep-alive', 'keep-alive': 'timeout=5' }, statusCode: 200 }
2024-07-17T09:26:30.242Z cypress:network:cors Parsed URL { port: '3000', protocol: 'http:', subdomain: null, domain: '', tld: 'localhost' }
2024-07-17T09:26:30.243Z cypress:server:automation:cookies getting:cookies { domain: 'localhost' }
2024-07-17T09:26:30.244Z cypress:server:automation:cookies received get:cookies []
2024-07-17T09:26:30.244Z cypress:server:server-base setting details resolving url { isOkStatusCode: true, contentType: 'text/html', url: 'http://localhost:3000/', status: 200, cookies: [], statusText: 'OK', redirects: [], originalUrl: 'http://localhost:3000/' }
2024-07-17T09:26:30.245Z cypress:server:server-base resolve:url response ended, setting buffer { newUrl: 'http://localhost:3000/', details: { isOkStatusCode: true, contentType: 'text/html', url: 'http://localhost:3000/', status: 200, cookies: [], statusText: 'OK', redirects: [], originalUrl: 'http://localhost:3000/', isHtml: true } }
2024-07-17T09:26:30.245Z cypress:network:cors Parsed URL { port: '3000', protocol: 'http:', subdomain: null, domain: '', tld: 'localhost' }
2024-07-17T09:26:30.245Z cypress:network:cors Parsed URL { port: '3000', protocol: 'http:', subdomain: null, domain: '', tld: 'localhost' }
2024-07-17T09:26:30.245Z cypress:server:remote-states setting remote state { auth: null, origin: 'http://localhost:3000', strategy: 'http', fileServer: null, domainName: 'localhost', props: { port: '3000', protocol: 'http:', subdomain: null, domain: '', tld: 'localhost' } } for http://localhost:3000
2024-07-17T09:26:30.245Z cypress:network:cors Parsed URL { port: '3000', protocol: 'http:', subdomain: null, domain: '', tld: 'localhost' }
2024-07-17T09:26:30.245Z cypress:server:remote-states getting remote state: { auth: null, origin: 'http://localhost:3000', strategy: 'http', fileServer: null, domainName: 'localhost', props: { port: '3000', protocol: 'http:', subdomain: null, domain: '', tld: 'localhost' } } for: http://localhost:3000
2024-07-17T09:26:30.246Z cypress:proxy:http:util:buffers setting buffer { url: 'http://localhost:3000/' }
2024-07-17T09:26:30.247Z cypress:network:cors Parsed URL { port: '3000', protocol: 'http:', subdomain: null, domain: '', tld: 'localhost' }
2024-07-17T09:26:30.253Z cypress:server:socket-base backend:request { eventName: 'preserve:run:state', args: [ { currentId: 'r3', tests: {}, startTime: '2024-07-17T09:26:30.193Z', emissions: [Object], passed: 0, failed: 0, pending: 0, numLogs: 0, autoScrollingEnabled: true, scrollTop: 0, studio: {} } ] }
2024-07-17T09:26:30.575Z cypress:server:project project has config { projectRoot: 'C:\\Workspace\\cypress-audio-context-bug', projectName: 'cypress-audio-context-bug', repoRoot: 'C:/Workspace/cypress-audio-context-bug', rawJson: { e2e: {}, envFile: {}, projectRoot: 'C:\\Workspace\\cypress-audio-context-bug', projectName: 'cypress-audio-context-bug', repoRoot: 'C:/Workspace/cypress-audio-context-bug' }, configFile: 'cypress.config.js', morgan: false, isTextTerminal: true, socketId: 'fqkyvpac5e', report: true, animationDistanceThreshold: 5, arch: 'x64', baseUrl: null, blockHosts: null, chromeWebSecurity: true, clientCertificates: [], defaultCommandTimeout: 4000, downloadsFolder: 'C:\\Workspace\\cypress-audio-context-bug\\cypress\\downloads', env: {}, execTimeout: 60000, experimentalCspAllowList: false, experimentalFetchPolyfill: false, experimentalInteractiveRunEvents: false, experimentalRunAllSpecs: false, experimentalMemoryManagement: false, experimentalModifyObstructiveThirdPartyCode: false, experimentalSkipDomainInjection: null, experimentalOriginDependencies: false, experimentalSourceRewriting: false, experimentalSingleTabRunMode: false, experimentalStudio: false, experimentalWebKitSupport: false, fileServerFolder: 'C:\\Workspace\\cypress-audio-context-bug', fixturesFolder: 'C:\\Workspace\\cypress-audio-context-bug\\cypress\\fixtures', excludeSpecPattern: '*.hot-update.js', includeShadowDom: false, keystrokeDelay: 0, modifyObstructiveCode: true, numTestsKeptInMemory: 0, platform: 'win32', pageLoadTimeout: 60000, port: 60759, projectId: null, redirectionLimit: 20, reporter: 'spec', reporterOptions: null, requestTimeout: 5000, resolvedNodePath: 'C:\\Users\\TMA\\AppData\\Local\\pnpm\\node.exe', resolvedNodeVersion: '20.12.1', responseTimeout: 30000, retries: { runMode: 0, openMode: 0, experimentalStrategy: undefined, experimentalOptions: undefined }, screenshotOnRunFailure: true, screenshotsFolder: 'C:\\Workspace\\cypress-audio-context-bug\\cypress\\screenshots', slowTestThreshold: 10000, scrollBehavior: 'top', supportFile: 'C:\\Workspace\\cypress-audio-context-bug\\cypress\\support\\e2e.js', supportFolder: 'C:\\Workspace\\cypress-audio-context-bug\\cypress\\support', taskTimeout: 60000, testIsolation: true, trashAssetsBeforeRuns: true, userAgent: null, video: false, videoCompression: false, videosFolder: 'C:\\Workspace\\cypress-audio-context-bug\\cypress\\videos', viewportHeight: 660, viewportWidth: 1000, waitForAnimations: true, watchForFileChanges: false, specPattern: 'cypress/e2e/**/*.cy.{js,jsx,ts,tsx}', additionalIgnorePattern: [], autoOpen: false, browsers: [ { name: 'chrome', family: 'chromium', channel: 'stable', displayName: 'Chrome', version: '126.0.6478.127', path: 'C:\\Program Files (x86)\\Google\\Chrome\\Application\\chrome.exe', minSupportedVersion: 64, majorVersion: '126' }, { name: 'firefox', family: 'firefox', channel: 'stable', displayName: 'Firefox', version: '127.0', path: 'C:\\Program Files\\Mozilla Firefox\\firefox.exe', minSupportedVersion: 86, majorVersion: '127' }, { name: 'edge', family: 'chromium', channel: 'stable', displayName: 'Edge', version: '126.0.2592.61', path: 'C:\\Program Files (x86)\\Microsoft\\Edge\\Application\\msedge.exe', minSupportedVersion: 79, majorVersion: '126' }, { name: 'electron', channel: 'stable', family: 'chromium', displayName: 'Electron', version: '118.0.5993.159', path: '', majorVersion: 118 } ], clientRoute: '/__/', cypressBinaryRoot: 'C:\\Users\\TMA\\AppData\\Local\\Cypress\\Cache\\13.13.1\\Cypress\\resources\\app', devServerPublicPathRoute: '/__cypress/src', hosts: null, isInteractive: true, namespace: '__cypress', reporterRoute: '/__cypress/reporter', socketIoCookie: '__socket', socketIoRoute: '/__socket', version: '13.13.1', protocolEnabled: false, hideCommandLog: false, hideRunnerUi: false, cypressEnv: 'production', resolved: { animationDistanceThreshold: { value: 5, from: 'default' }, arch: { value: 'x64', from: 'default' }, baseUrl: { value: null, from: 'default' }, blockHosts: { value: null, from: 'default' }, chromeWebSecurity: { value: true, from: 'default' }, clientCertificates: { value: [], from: 'default' }, defaultCommandTimeout: { value: 4000, from: 'default' }, downloadsFolder: { value: 'cypress/downloads', from: 'default' }, env: {}, execTimeout: { value: 60000, from: 'default' }, experimentalCspAllowList: { value: false, from: 'default' }, experimentalFetchPolyfill: { value: false, from: 'default' }, experimentalInteractiveRunEvents: { value: false, from: 'default' }, experimentalRunAllSpecs: { value: false, from: 'default' }, experimentalMemoryManagement: { value: false, from: 'default' }, experimentalModifyObstructiveThirdPartyCode: { value: false, from: 'default' }, experimentalSkipDomainInjection: { value: null, from: 'default' }, experimentalOriginDependencies: { value: false, from: 'default' }, experimentalSourceRewriting: { value: false, from: 'default' }, experimentalSingleTabRunMode: { value: false, from: 'default' }, experimentalStudio: { value: false, from: 'default' }, experimentalWebKitSupport: { value: false, from: 'default' }, fileServerFolder: { value: '', from: 'default' }, fixturesFolder: { value: 'cypress/fixtures', from: 'default' }, excludeSpecPattern: { value: '*.hot-update.js', from: 'default' }, includeShadowDom: { value: false, from: 'default' }, keystrokeDelay: { value: 0, from: 'default' }, modifyObstructiveCode: { value: true, from: 'default' }, numTestsKeptInMemory: { value: 0, from: 'config' }, platform: { value: 'win32', from: 'default' }, pageLoadTimeout: { value: 60000, from: 'default' }, port: { value: null, from: 'default' }, projectId: { value: null, from: 'default' }, redirectionLimit: { value: 20, from: 'default' }, reporter: { value: 'spec', from: 'default' }, reporterOptions: { value: null, from: 'default' }, requestTimeout: { value: 5000, from: 'default' }, resolvedNodePath: { value: null, from: 'default' }, resolvedNodeVersion: { value: null, from: 'default' }, responseTimeout: { value: 30000, from: 'default' }, retries: { value: [Object], from: 'default' }, screenshotOnRunFailure: { value: true, from: 'default' }, screenshotsFolder: { value: 'cypress/screenshots', from: 'default' }, slowTestThreshold: { value: 10000, from: 'default' }, scrollBehavior: { value: 'top', from: 'default' }, supportFile: { value: 'cypress/support/e2e.{js,jsx,ts,tsx}', from: 'default' }, supportFolder: { value: false, from: 'default' }, taskTimeout: { value: 60000, from: 'default' }, testIsolation: { value: true, from: 'default' }, trashAssetsBeforeRuns: { value: true, from: 'default' }, userAgent: { value: null, from: 'default' }, video: { value: false, from: 'default' }, videoCompression: { value: false, from: 'default' }, videosFolder: { value: 'cypress/videos', from: 'default' }, viewportHeight: { value: 660, from: 'default' }, viewportWidth: { value: 1000, from: 'default' }, waitForAnimations: { value: true, from: 'default' }, watchForFileChanges: { value: false, from: 'config' }, specPattern: { value: 'cypress/e2e/**/*.cy.{js,jsx,ts,tsx}', from: 'default' }, browsers: { value: [Array], from: 'runtime' }, hosts: { value: null, from: 'default' }, isInteractive: { value: true, from: 'default' } }, testingType: 'e2e', remote: {}, browser: null, specs: [], proxyUrl: 'http://localhost:60759', browserUrl: 'http://localhost:60759/__/', reporterUrl: 'http://localhost:60759/__cypress/reporter', proxyServer: 'http://localhost:60759', state: {} }
2024-07-17T09:26:30.575Z cypress:network:cors Parsed URL { port: '3000', protocol: 'http:', subdomain: null, domain: '', tld: 'localhost' }
2024-07-17T09:26:30.575Z cypress:server:remote-states getting remote state: { auth: null, origin: 'http://localhost:3000', strategy: 'http', fileServer: null, domainName: 'localhost', props: { port: '3000', protocol: 'http:', subdomain: null, domain: '', tld: 'localhost' } } for: http://localhost:3000
2024-07-17T09:26:30.576Z cypress:server:remote-states getting primary remote state: { auth: null, origin: 'http://localhost:3000', strategy: 'http', fileServer: null, domainName: 'localhost', props: { port: '3000', protocol: 'http:', subdomain: null, domain: '', tld: 'localhost' } }
2024-07-17T09:26:30.586Z cypress:server:util:socket_allowed allowed socket closed, removing { localPort: 60787 }
2024-07-17T09:26:30.587Z cypress:server:routes proxying static assets /__/assets/polyfills-C8gArOHR.js, params[0] polyfills-C8gArOHR.js
2024-07-17T09:26:30.590Z cypress:server:browsers:cri-client Encountered error on send { command: 'Runtime.evaluate', params: { expression: '\n' + "        if (window['cypressSocket-/__socket/default'] && window['cypressSocket-/__socket/default'].send) {\n" + `          window['cypressSocket-/__socket/default'].send('"42/__socket/default,[[\\\\"1\\\\",\\\\"2\\\\",\\\\"3\\\\"],\\\\"request:event\\\\",\\\\"f3aef306-a451-419e-8ff6-040d35e07887\\\\",[\\\\"4\\\\",\\\\"5\\\\"],\\\\"response:received\\\\",{\\\\"requestId\\\\":\\\\"6\\\\",\\\\"status\\\\":200,\\\\"headers\\\\":\\\\"7\\\\"},\\\\"F948CF02B20B4226B5333C28CB5FEF9E\\\\",{\\\\"Connection\\\\":\\\\"8\\\\",\\\\"Content-Encoding\\\\":\\\\"9\\\\",\\\\"Content-Type\\\\":\\\\"10\\\\",\\\\"Date\\\\":\\\\"11\\\\",\\\\"ETag\\\\":\\\\"12\\\\",\\\\"Keep-Alive\\\\":\\\\"13\\\\",\\\\"Origin-Agent-Cluster\\\\":\\\\"14\\\\",\\\\"Transfer-Encoding\\\\":\\\\"15\\\\",\\\\"Vary\\\\":\\\\"16\\\\"},\\\\"keep-alive\\\\",\\\\"gzip\\\\",\\\\"text/html; charset=utf-8\\\\",\\\\"Wed, 17 Jul 2024 09:26:30 GMT\\\\",\\\\"W/\\\\\\\\\\\\"3243-QfNq19p80kPELXQfA70Wze4pQh0\\\\\\\\\\\\"\\\\",\\\\"timeout=5\\\\",\\\\"?0\\\\",\\\\"chunked\\\\",\\\\"Accept-Encoding\\\\"]"')\n` + '        }\n' + '      ', contextId: 3 }, sessionId: undefined, err: p [Error]: Cannot find context with specified id at <embedded>:633:577907 at _._handleMessage (<embedded>:633:580210) at A.<anonymous> (<embedded>:633:579849) at A.emit (node:events:514:28) at f.U (<embedded>:633:565033) at f.emit (node:events:514:28) at f.dataMessage (<embedded>:633:545408) at f.getData (<embedded>:633:544590) at f.startLoop (<embedded>:633:541297) at f._write (<embedded>:633:540652) at writeOrBuffer (node:internal/streams/writable:392:12) at _write (node:internal/streams/writable:333:10) at f.write (node:internal/streams/writable:337:10) at Socket.W (<embedded>:633:565719) at Socket.emit (node:events:514:28) at addChunk (node:internal/streams/readable:324:12) at readableAddChunk (node:internal/streams/readable:297:9) at Socket.push (node:internal/streams/readable:234:10) at TCP.onStreamRead (node:internal/stream_base_commons:190:23) { request: { method: 'Runtime.evaluate', params: [Object], sessionId: undefined }, response: { code: -32000, message: 'Cannot find context with specified id' } } }
2024-07-17T09:26:30.590Z cypress:server:browsers:cri-client error classified as not WEBSOCKET_NOT_OPEN_RE, rethrowing
2024-07-17T09:26:30.592Z cypress:server:browsers:cri-client Encountered error on send { command: 'Runtime.evaluate', params: { expression: '\n' + "        if (window['cypressSocket-/__socket/default'] && window['cypressSocket-/__socket/default'].send) {\n" + `          window['cypressSocket-/__socket/default'].send('"42/__socket/default,[[\\\\"1\\\\",\\\\"2\\\\",\\\\"3\\\\"],\\\\"request:event\\\\",\\\\"7f0989cd-08d6-4b58-8699-5b60647c29b2\\\\",[\\\\"4\\\\",\\\\"5\\\\"],\\\\"response:received\\\\",{\\\\"requestId\\\\":\\\\"6\\\\",\\\\"status\\\\":200,\\\\"headers\\\\":\\\\"7\\\\"},\\\\"21000.84\\\\",{\\\\"Date\\\\":\\\\"8\\\\",\\\\"Content-Encoding\\\\":\\\\"9\\\\",\\\\"Last-Modified\\\\":\\\\"10\\\\",\\\\"ETag\\\\":\\\\"11\\\\",\\\\"Vary\\\\":\\\\"12\\\\",\\\\"Transfer-Encoding\\\\":\\\\"13\\\\",\\\\"Content-Type\\\\":\\\\"14\\\\",\\\\"Cache-Control\\\\":\\\\"15\\\\",\\\\"Connection\\\\":\\\\"16\\\\",\\\\"Accept-Ranges\\\\":\\\\"17\\\\",\\\\"Keep-Alive\\\\":\\\\"18\\\\"},\\\\"Wed, 17 Jul 2024 09:26:30 GMT\\\\",\\\\"gzip\\\\",\\\\"Wed, 17 Jul 2024 09:05:39 GMT\\\\",\\\\"W/\\\\\\\\\\\\"52d58-190bff0ab7c\\\\\\\\\\\\"\\\\",\\\\"Accept-Encoding\\\\",\\\\"chunked\\\\",\\\\"application/javascript; charset=UTF-8\\\\",\\\\"public, max-age=0\\\\",\\\\"keep-alive\\\\",\\\\"bytes\\\\",\\\\"timeout=5\\\\"]"')\n` + '        }\n' + '      ', contextId: 3 }, sessionId: undefined, err: p [Error]: Cannot find context with specified id at <embedded>:633:577907 at _._handleMessage (<embedded>:633:580210) at A.<anonymous> (<embedded>:633:579849) at A.emit (node:events:514:28) at f.U (<embedded>:633:565033) at f.emit (node:events:514:28) at f.dataMessage (<embedded>:633:545408) at f.getData (<embedded>:633:544590) at f.startLoop (<embedded>:633:541297) at f._write (<embedded>:633:540652) at writeOrBuffer (node:internal/streams/writable:392:12) at _write (node:internal/streams/writable:333:10) at f.write (node:internal/streams/writable:337:10) at Socket.W (<embedded>:633:565719) at Socket.emit (node:events:514:28) at addChunk (node:internal/streams/readable:324:12) at readableAddChunk (node:internal/streams/readable:297:9) at Socket.push (node:internal/streams/readable:234:10) at TCP.onStreamRead (node:internal/stream_base_commons:190:23) { request: { method: 'Runtime.evaluate', params: [Object], sessionId: undefined }, response: { code: -32000, message: 'Cannot find context with specified id' } } }
2024-07-17T09:26:30.592Z cypress:server:browsers:cri-client error classified as not WEBSOCKET_NOT_OPEN_RE, rethrowing
2024-07-17T09:26:30.597Z cypress:server:routes proxying static assets /__/assets/index-C8HlGXFj.css, params[0] index-C8HlGXFj.css
2024-07-17T09:26:30.602Z cypress:server:browsers:cri-client Encountered error on send { command: 'Runtime.evaluate', params: { expression: '\n' + "        if (window['cypressSocket-/__socket/default'] && window['cypressSocket-/__socket/default'].send) {\n" + `          window['cypressSocket-/__socket/default'].send('"42/__socket/default,[[\\\\"1\\\\",\\\\"2\\\\",\\\\"3\\\\"],\\\\"request:event\\\\",\\\\"bb74add5-dfd0-4b1a-8dba-347d8e71a885\\\\",[\\\\"4\\\\",\\\\"5\\\\"],\\\\"response:received\\\\",{\\\\"requestId\\\\":\\\\"6\\\\",\\\\"status\\\\":200,\\\\"headers\\\\":\\\\"7\\\\"},\\\\"21000.86\\\\",{\\\\"Date\\\\":\\\\"8\\\\",\\\\"Content-Encoding\\\\":\\\\"9\\\\",\\\\"Last-Modified\\\\":\\\\"10\\\\",\\\\"ETag\\\\":\\\\"11\\\\",\\\\"Vary\\\\":\\\\"12\\\\",\\\\"Transfer-Encoding\\\\":\\\\"13\\\\",\\\\"Content-Type\\\\":\\\\"14\\\\",\\\\"Cache-Control\\\\":\\\\"15\\\\",\\\\"Connection\\\\":\\\\"16\\\\",\\\\"Accept-Ranges\\\\":\\\\"17\\\\",\\\\"Keep-Alive\\\\":\\\\"18\\\\"},\\\\"Wed, 17 Jul 2024 09:26:30 GMT\\\\",\\\\"gzip\\\\",\\\\"Wed, 17 Jul 2024 09:05:39 GMT\\\\",\\\\"W/\\\\\\\\\\\\"2fc53-190bff0ab3e\\\\\\\\\\\\"\\\\",\\\\"Accept-Encoding\\\\",\\\\"chunked\\\\",\\\\"text/css; charset=UTF-8\\\\",\\\\"public, max-age=0\\\\",\\\\"keep-alive\\\\",\\\\"bytes\\\\",\\\\"timeout=5\\\\"]"')\n` + '        }\n' + '      ', contextId: 3 }, sessionId: undefined, err: p [Error]: Cannot find context with specified id at <embedded>:633:577907 at _._handleMessage (<embedded>:633:580210) at A.<anonymous> (<embedded>:633:579849) at A.emit (node:events:514:28) at f.U (<embedded>:633:565033) at f.emit (node:events:514:28) at f.dataMessage (<embedded>:633:545408) at f.getData (<embedded>:633:544590) at f.startLoop (<embedded>:633:541297) at f._write (<embedded>:633:540652) at writeOrBuffer (node:internal/streams/writable:392:12) at _write (node:internal/streams/writable:333:10) at f.write (node:internal/streams/writable:337:10) at Socket.W (<embedded>:633:565719) at Socket.emit (node:events:514:28) at addChunk (node:internal/streams/readable:324:12) at readableAddChunk (node:internal/streams/readable:297:9) at Socket.push (node:internal/streams/readable:234:10) at TCP.onStreamRead (node:internal/stream_base_commons:190:23) { request: { method: 'Runtime.evaluate', params: [Object], sessionId: undefined }, response: { code: -32000, message: 'Cannot find context with specified id' } } }
2024-07-17T09:26:30.602Z cypress:server:browsers:cri-client error classified as not WEBSOCKET_NOT_OPEN_RE, rethrowing
2024-07-17T09:26:30.604Z cypress:server:routes proxying static assets /__/assets/index-CNuWGpvm.js, params[0] index-CNuWGpvm.js
2024-07-17T09:26:30.621Z cypress:server:browsers:cri-client Encountered error on send { command: 'Runtime.evaluate', params: { expression: '\n' + "        if (window['cypressSocket-/__socket/default'] && window['cypressSocket-/__socket/default'].send) {\n" + `          window['cypressSocket-/__socket/default'].send('"42/__socket/default,[[\\\\"1\\\\",\\\\"2\\\\",\\\\"3\\\\"],\\\\"request:event\\\\",\\\\"5690e36f-15e8-4493-9d83-6ba940529dfc\\\\",[\\\\"4\\\\",\\\\"5\\\\"],\\\\"response:received\\\\",{\\\\"requestId\\\\":\\\\"6\\\\",\\\\"status\\\\":200,\\\\"headers\\\\":\\\\"7\\\\"},\\\\"21000.85\\\\",{\\\\"Date\\\\":\\\\"8\\\\",\\\\"Content-Encoding\\\\":\\\\"9\\\\",\\\\"Last-Modified\\\\":\\\\"10\\\\",\\\\"ETag\\\\":\\\\"11\\\\",\\\\"Vary\\\\":\\\\"12\\\\",\\\\"Transfer-Encoding\\\\":\\\\"13\\\\",\\\\"Content-Type\\\\":\\\\"14\\\\",\\\\"Cache-Control\\\\":\\\\"15\\\\",\\\\"Connection\\\\":\\\\"16\\\\",\\\\"Accept-Ranges\\\\":\\\\"17\\\\",\\\\"Keep-Alive\\\\":\\\\"18\\\\"},\\\\"Wed, 17 Jul 2024 09:26:30 GMT\\\\",\\\\"gzip\\\\",\\\\"Wed, 17 Jul 2024 09:05:39 GMT\\\\",\\\\"W/\\\\\\\\\\\\"3a3450-190bff0ab57\\\\\\\\\\\\"\\\\",\\\\"Accept-Encoding\\\\",\\\\"chunked\\\\",\\\\"application/javascript; charset=UTF-8\\\\",\\\\"public, max-age=0\\\\",\\\\"keep-alive\\\\",\\\\"bytes\\\\",\\\\"timeout=5\\\\"]"')\n` + '        }\n' + '      ', contextId: 3 }, sessionId: undefined, err: p [Error]: Cannot find context with specified id at <embedded>:633:577907 at _._handleMessage (<embedded>:633:580210) at A.<anonymous> (<embedded>:633:579849) at A.emit (node:events:514:28) at f.U (<embedded>:633:565033) at f.emit (node:events:514:28) at f.dataMessage (<embedded>:633:545408) at f.getData (<embedded>:633:544590) at f.startLoop (<embedded>:633:541297) at f._write (<embedded>:633:540652) at writeOrBuffer (node:internal/streams/writable:392:12) at _write (node:internal/streams/writable:333:10) at f.write (node:internal/streams/writable:337:10) at Socket.W (<embedded>:633:565719) at Socket.emit (node:events:514:28) at addChunk (node:internal/streams/readable:324:12) at readableAddChunk (node:internal/streams/readable:297:9) at Socket.push (node:internal/streams/readable:234:10) at TCP.onStreamRead (node:internal/stream_base_commons:190:23) { request: { method: 'Runtime.evaluate', params: [Object], sessionId: undefined }, response: { code: -32000, message: 'Cannot find context with specified id' } } }
2024-07-17T09:26:30.621Z cypress:server:browsers:cri-client error classified as not WEBSOCKET_NOT_OPEN_RE, rethrowing
2024-07-17T09:26:30.835Z cypress:server:routes proxying static assets /__/assets/Tooltip-CBLynKSI.css, params[0] Tooltip-CBLynKSI.css
2024-07-17T09:26:30.837Z cypress:server:routes proxying static assets /__/assets/chevron-right-small_x16-DSNu6StT.css, params[0] chevron-right-small_x16-DSNu6StT.css
2024-07-17T09:26:30.840Z cypress:server:routes proxying static assets /__/assets/default-BUuchxzW.css, params[0] default-BUuchxzW.css
2024-07-17T09:26:30.842Z cypress:server:routes proxying static assets /__/assets/InlineCodeFragment-UUgM5fGD.css, params[0] InlineCodeFragment-UUgM5fGD.css
2024-07-17T09:26:30.845Z cypress:server:routes proxying static assets /__/assets/Runner-BFVN926G.css, params[0] Runner-BFVN926G.css
2024-07-17T09:26:30.847Z cypress:server:routes proxying static assets /__/assets/default-B1je69fv.js, params[0] default-B1je69fv.js
2024-07-17T09:26:30.853Z cypress:server:routes proxying static assets /__/assets/chevron-right_x16-DeQtEUBX.js, params[0] chevron-right_x16-DeQtEUBX.js
2024-07-17T09:26:30.855Z cypress:server:routes proxying static assets /__/assets/cypress-dark-DNiE0RHZ.js, params[0] cypress-dark-DNiE0RHZ.js
2024-07-17T09:26:30.859Z cypress:server:routes proxying static assets /__/assets/Tooltip.vue_vue_type_style_index_0_lang-DYTX2KEl.js, params[0] Tooltip.vue_vue_type_style_index_0_lang-DYTX2KEl.js
2024-07-17T09:26:30.883Z cypress:server:routes proxying static assets /__/assets/cypress-logo_x16-C5NK1j4b.js, params[0] cypress-logo_x16-C5NK1j4b.js
2024-07-17T09:26:30.885Z cypress:server:routes proxying static assets /__/assets/day-Cy20IZsi.js, params[0] day-Cy20IZsi.js
2024-07-17T09:26:30.889Z cypress:server:routes proxying static assets /__/assets/chevron-right-small_x16-ByFTm33s.js, params[0] chevron-right-small_x16-ByFTm33s.js
2024-07-17T09:26:30.889Z cypress:server:routes proxying static assets /__/assets/useMarkdown-BJS0AVJC.js, params[0] useMarkdown-BJS0AVJC.js
2024-07-17T09:26:30.892Z cypress:server:routes proxying static assets /__/assets/status-errored-outline_x16-DjxV1EDa.js, params[0] status-errored-outline_x16-DjxV1EDa.js
2024-07-17T09:26:30.896Z cypress:server:routes proxying static assets /__/assets/document-text_x16-Bygalqxh.js, params[0] document-text_x16-Bygalqxh.js
2024-07-17T09:26:30.899Z cypress:server:routes proxying static assets /__/assets/OpenFileInIDE.vue_vue_type_script_setup_true_lang-DXoBZZUT.js, params[0] OpenFileInIDE.vue_vue_type_script_setup_true_lang-DXoBZZUT.js
2024-07-17T09:26:30.902Z cypress:server:routes proxying static assets /__/assets/useRelevantRun-DbxlLQBf.js, params[0] useRelevantRun-DbxlLQBf.js
2024-07-17T09:26:30.904Z cypress:server:routes proxying static assets /__/assets/isWindows-DEbEtqo4.js, params[0] isWindows-DEbEtqo4.js
2024-07-17T09:26:30.908Z cypress:server:routes proxying static assets /__/assets/index.es-DpA_ce0O.js, params[0] index.es-DpA_ce0O.js
2024-07-17T09:26:30.909Z cypress:server:routes proxying static assets /__/assets/Specs-DUFC-9Xk.js, params[0] Specs-DUFC-9Xk.js
2024-07-17T09:26:30.912Z cypress:server:routes proxying static assets /__/assets/route-block-mFfs_uHM.js, params[0] route-block-mFfs_uHM.js
2024-07-17T09:26:30.913Z cypress:server:routes proxying static assets /__/assets/Runner-BBiGdJ1s.js, params[0] Runner-BBiGdJ1s.js
2024-07-17T09:26:30.915Z cypress:server:routes proxying static assets /__/assets/InlineCodeFragment.vue_vue_type_script_setup_true_lang-CCQmsIQS.js, params[0] InlineCodeFragment.vue_vue_type_script_setup_true_lang-CCQmsIQS.js
2024-07-17T09:26:30.917Z cypress:server:routes proxying static assets /__/assets/box-open_x48-fBaeUwIh.js, params[0] box-open_x48-fBaeUwIh.js
2024-07-17T09:26:30.921Z cypress:server:routes proxying static assets /__/assets/SpecPatterns.vue_vue_type_script_setup_true_lang-BQ0rSk-7.js, params[0] SpecPatterns.vue_vue_type_script_setup_true_lang-BQ0rSk-7.js
2024-07-17T09:26:30.922Z cypress:server:routes proxying static assets /__/assets/Switch.vue_vue_type_script_setup_true_lang-BMGCEmZV.js, params[0] Switch.vue_vue_type_script_setup_true_lang-BMGCEmZV.js
2024-07-17T09:26:30.925Z cypress:server:routes proxying static assets /__/assets/graphql-Tm2gFLvm.js, params[0] graphql-Tm2gFLvm.js
2024-07-17T09:26:30.925Z cypress:server:routes proxying static assets /__/assets/refresh_x16-BVPHKn8S.js, params[0] refresh_x16-BVPHKn8S.js
2024-07-17T09:26:31.276Z cypress:server:server-base Got CONNECT request from localhost:3000
2024-07-17T09:26:31.276Z cypress:https-proxy Writing browserSocket connection headers { url: 'localhost:3000', headLength: 0, headers: { host: 'localhost:3000', 'proxy-connection': 'keep-alive', 'user-agent': 'Mozilla/5.0 (Windows NT 10.0; Win64; x64) AppleWebKit/537.36 (KHTML, like Gecko) Cypress/13.13.1 Chrome/118.0.5993.159 Electron/27.3.10 Safari/537.36' } }
2024-07-17T09:26:31.277Z cypress:https-proxy Got first head bytes { url: 'localhost:3000', head: 'GET /__socket-graphql HTTP/1.1\r\nHost: localhost:3000\r\nConnection' }
2024-07-17T09:26:31.277Z cypress:https-proxy Making intercepted connection to 60759
2024-07-17T09:26:31.279Z cypress:network:connect successfully connected { opts: { port: 60759, host: 'localhost', getDelayMsForRetry: [Function: h] }, iteration: 0 }
2024-07-17T09:26:31.279Z cypress:https-proxy received upstreamSocket callback for request { port: 60759, hostname: 'localhost', err: undefined }
2024-07-17T09:26:31.279Z cypress:server:util:socket_allowed allowing socket { localPort: 60810 }
2024-07-17T09:26:31.279Z cypress:server:server-base Got UPGRADE request from /__socket-graphql
2024-07-17T09:26:31.279Z cypress:server:util:socket_allowed is incoming request allowed? { isAllowed: true, reqUrl: '/__socket-graphql', remotePort: 60810, remoteAddress: '127.0.0.1' }
2024-07-17T09:26:31.455Z cypress:server:project socket:connected
2024-07-17T09:26:31.486Z cypress:server:socket-e2e watch:test:file { fileExtension: '.js', baseName: 'add-module.cy.js', fileName: 'add-module', specFileExtension: '.cy.js', relativeToCommonRoot: 'add-module.cy.js', specType: 'integration', name: 'add-module.cy.js', relative: 'cypress\\e2e\\audio-context\\add-module.cy.js', absolute: 'C:/Workspace/cypress-audio-context-bug/cypress/e2e/audio-context/add-module.cy.js' }
2024-07-17T09:26:31.486Z cypress:server:socket-e2e watching spec with config { fileExtension: '.js', baseName: 'add-module.cy.js', fileName: 'add-module', specFileExtension: '.cy.js', relativeToCommonRoot: 'add-module.cy.js', specType: 'integration', name: 'add-module.cy.js', relative: 'cypress\\e2e\\audio-context\\add-module.cy.js', absolute: 'C:/Workspace/cypress-audio-context-bug/cypress/e2e/audio-context/add-module.cy.js' }
2024-07-17T09:26:31.486Z cypress:lifecycle:EventRegistrar plugin event registered? { eventName: 'before:spec', isRegistered: false }
2024-07-17T09:26:31.511Z cypress:server:iframes handling iframe for project spec { spec: { fileExtension: '.js', baseName: 'add-module.cy.js', fileName: 'add-module', specFileExtension: '.cy.js', relativeToCommonRoot: 'add-module.cy.js', specType: 'integration', name: 'cypress/e2e/audio-context/add-module.cy.js', relative: 'cypress\\e2e\\audio-context\\add-module.cy.js', absolute: 'C:/Workspace/cypress-audio-context-bug/cypress/e2e/audio-context/add-module.cy.js' }, extraOptions: { specType: 'integration' } }
2024-07-17T09:26:31.511Z cypress:server:controllers handle iframe { test: 'cypress\\e2e\\audio-context\\add-module.cy.js', specFilter: undefined }
2024-07-17T09:26:31.511Z cypress:server:controllers get specs { spec: 'cypress\\e2e\\audio-context\\add-module.cy.js', extraOptions: { specType: 'integration' } }
2024-07-17T09:26:31.511Z cypress:server:controllers normalizing spec { spec: 'cypress\\e2e\\audio-context\\add-module.cy.js' }
2024-07-17T09:26:31.511Z cypress:server:controllers converted cypress\e2e\audio-context\add-module.cy.js to C:\Workspace\cypress-audio-context-bug\cypress\e2e\audio-context\add-module.cy.js
2024-07-17T09:26:31.511Z cypress:server:controllers test url for file { file: 'cypress\\e2e\\audio-context\\add-module.cy.js', url: '/__cypress/tests?p=cypress\\e2e\\audio-context\\add-module.cy.js' }
2024-07-17T09:26:31.511Z cypress:server:controllers test url for file { file: 'cypress\\support\\e2e.js', url: '/__cypress/tests?p=cypress\\support\\e2e.js' }
2024-07-17T09:26:31.511Z cypress:server:controllers all files to send [ 'cypress\\support\\e2e.js', 'cypress\\e2e\\audio-context\\add-module.cy.js' ]
2024-07-17T09:26:31.511Z cypress:server:remote-states getting primary remote state: { auth: null, origin: 'http://localhost:3000', strategy: 'http', fileServer: null, domainName: 'localhost', props: { port: '3000', protocol: 'http:', subdomain: null, domain: '', tld: 'localhost' } }
2024-07-17T09:26:31.513Z cypress:server:project project has config { projectRoot: 'C:\\Workspace\\cypress-audio-context-bug', projectName: 'cypress-audio-context-bug', repoRoot: 'C:/Workspace/cypress-audio-context-bug', rawJson: { e2e: {}, envFile: {}, projectRoot: 'C:\\Workspace\\cypress-audio-context-bug', projectName: 'cypress-audio-context-bug', repoRoot: 'C:/Workspace/cypress-audio-context-bug' }, configFile: 'cypress.config.js', morgan: false, isTextTerminal: true, socketId: 'fqkyvpac5e', report: true, animationDistanceThreshold: 5, arch: 'x64', baseUrl: null, blockHosts: null, chromeWebSecurity: true, clientCertificates: [], defaultCommandTimeout: 4000, downloadsFolder: 'C:\\Workspace\\cypress-audio-context-bug\\cypress\\downloads', env: {}, execTimeout: 60000, experimentalCspAllowList: false, experimentalFetchPolyfill: false, experimentalInteractiveRunEvents: false, experimentalRunAllSpecs: false, experimentalMemoryManagement: false, experimentalModifyObstructiveThirdPartyCode: false, experimentalSkipDomainInjection: null, experimentalOriginDependencies: false, experimentalSourceRewriting: false, experimentalSingleTabRunMode: false, experimentalStudio: false, experimentalWebKitSupport: false, fileServerFolder: 'C:\\Workspace\\cypress-audio-context-bug', fixturesFolder: 'C:\\Workspace\\cypress-audio-context-bug\\cypress\\fixtures', excludeSpecPattern: '*.hot-update.js', includeShadowDom: false, keystrokeDelay: 0, modifyObstructiveCode: true, numTestsKeptInMemory: 0, platform: 'win32', pageLoadTimeout: 60000, port: 60759, projectId: null, redirectionLimit: 20, reporter: 'spec', reporterOptions: null, requestTimeout: 5000, resolvedNodePath: 'C:\\Users\\TMA\\AppData\\Local\\pnpm\\node.exe', resolvedNodeVersion: '20.12.1', responseTimeout: 30000, retries: { runMode: 0, openMode: 0, experimentalStrategy: undefined, experimentalOptions: undefined }, screenshotOnRunFailure: true, screenshotsFolder: 'C:\\Workspace\\cypress-audio-context-bug\\cypress\\screenshots', slowTestThreshold: 10000, scrollBehavior: 'top', supportFile: 'C:\\Workspace\\cypress-audio-context-bug\\cypress\\support\\e2e.js', supportFolder: 'C:\\Workspace\\cypress-audio-context-bug\\cypress\\support', taskTimeout: 60000, testIsolation: true, trashAssetsBeforeRuns: true, userAgent: null, video: false, videoCompression: false, videosFolder: 'C:\\Workspace\\cypress-audio-context-bug\\cypress\\videos', viewportHeight: 660, viewportWidth: 1000, waitForAnimations: true, watchForFileChanges: false, specPattern: 'cypress/e2e/**/*.cy.{js,jsx,ts,tsx}', additionalIgnorePattern: [], autoOpen: false, browsers: [ { name: 'chrome', family: 'chromium', channel: 'stable', displayName: 'Chrome', version: '126.0.6478.127', path: 'C:\\Program Files (x86)\\Google\\Chrome\\Application\\chrome.exe', minSupportedVersion: 64, majorVersion: '126' }, { name: 'firefox', family: 'firefox', channel: 'stable', displayName: 'Firefox', version: '127.0', path: 'C:\\Program Files\\Mozilla Firefox\\firefox.exe', minSupportedVersion: 86, majorVersion: '127' }, { name: 'edge', family: 'chromium', channel: 'stable', displayName: 'Edge', version: '126.0.2592.61', path: 'C:\\Program Files (x86)\\Microsoft\\Edge\\Application\\msedge.exe', minSupportedVersion: 79, majorVersion: '126' }, { name: 'electron', channel: 'stable', family: 'chromium', displayName: 'Electron', version: '118.0.5993.159', path: '', majorVersion: 118 } ], clientRoute: '/__/', cypressBinaryRoot: 'C:\\Users\\TMA\\AppData\\Local\\Cypress\\Cache\\13.13.1\\Cypress\\resources\\app', devServerPublicPathRoute: '/__cypress/src', hosts: null, isInteractive: true, namespace: '__cypress', reporterRoute: '/__cypress/reporter', socketIoCookie: '__socket', socketIoRoute: '/__socket', version: '13.13.1', protocolEnabled: false, hideCommandLog: false, hideRunnerUi: false, cypressEnv: 'production', resolved: { animationDistanceThreshold: { value: 5, from: 'default' }, arch: { value: 'x64', from: 'default' }, baseUrl: { value: null, from: 'default' }, blockHosts: { value: null, from: 'default' }, chromeWebSecurity: { value: true, from: 'default' }, clientCertificates: { value: [], from: 'default' }, defaultCommandTimeout: { value: 4000, from: 'default' }, downloadsFolder: { value: 'cypress/downloads', from: 'default' }, env: {}, execTimeout: { value: 60000, from: 'default' }, experimentalCspAllowList: { value: false, from: 'default' }, experimentalFetchPolyfill: { value: false, from: 'default' }, experimentalInteractiveRunEvents: { value: false, from: 'default' }, experimentalRunAllSpecs: { value: false, from: 'default' }, experimentalMemoryManagement: { value: false, from: 'default' }, experimentalModifyObstructiveThirdPartyCode: { value: false, from: 'default' }, experimentalSkipDomainInjection: { value: null, from: 'default' }, experimentalOriginDependencies: { value: false, from: 'default' }, experimentalSourceRewriting: { value: false, from: 'default' }, experimentalSingleTabRunMode: { value: false, from: 'default' }, experimentalStudio: { value: false, from: 'default' }, experimentalWebKitSupport: { value: false, from: 'default' }, fileServerFolder: { value: '', from: 'default' }, fixturesFolder: { value: 'cypress/fixtures', from: 'default' }, excludeSpecPattern: { value: '*.hot-update.js', from: 'default' }, includeShadowDom: { value: false, from: 'default' }, keystrokeDelay: { value: 0, from: 'default' }, modifyObstructiveCode: { value: true, from: 'default' }, numTestsKeptInMemory: { value: 0, from: 'config' }, platform: { value: 'win32', from: 'default' }, pageLoadTimeout: { value: 60000, from: 'default' }, port: { value: null, from: 'default' }, projectId: { value: null, from: 'default' }, redirectionLimit: { value: 20, from: 'default' }, reporter: { value: 'spec', from: 'default' }, reporterOptions: { value: null, from: 'default' }, requestTimeout: { value: 5000, from: 'default' }, resolvedNodePath: { value: null, from: 'default' }, resolvedNodeVersion: { value: null, from: 'default' }, responseTimeout: { value: 30000, from: 'default' }, retries: { value: [Object], from: 'default' }, screenshotOnRunFailure: { value: true, from: 'default' }, screenshotsFolder: { value: 'cypress/screenshots', from: 'default' }, slowTestThreshold: { value: 10000, from: 'default' }, scrollBehavior: { value: 'top', from: 'default' }, supportFile: { value: 'cypress/support/e2e.{js,jsx,ts,tsx}', from: 'default' }, supportFolder: { value: false, from: 'default' }, taskTimeout: { value: 60000, from: 'default' }, testIsolation: { value: true, from: 'default' }, trashAssetsBeforeRuns: { value: true, from: 'default' }, userAgent: { value: null, from: 'default' }, video: { value: false, from: 'default' }, videoCompression: { value: false, from: 'default' }, videosFolder: { value: 'cypress/videos', from: 'default' }, viewportHeight: { value: 660, from: 'default' }, viewportWidth: { value: 1000, from: 'default' }, waitForAnimations: { value: true, from: 'default' }, watchForFileChanges: { value: false, from: 'config' }, specPattern: { value: 'cypress/e2e/**/*.cy.{js,jsx,ts,tsx}', from: 'default' }, browsers: { value: [Array], from: 'runtime' }, hosts: { value: null, from: 'default' }, isInteractive: { value: true, from: 'default' } }, testingType: 'e2e', remote: {}, browser: null, specs: [], proxyUrl: 'http://localhost:60759', browserUrl: 'http://localhost:60759/__/', reporterUrl: 'http://localhost:60759/__cypress/reporter', proxyServer: 'http://localhost:60759', state: {} }
2024-07-17T09:26:31.513Z cypress:network:cors Parsed URL { port: '3000', protocol: 'http:', subdomain: null, domain: '', tld: 'localhost' }
2024-07-17T09:26:31.513Z cypress:server:remote-states getting remote state: { auth: null, origin: 'http://localhost:3000', strategy: 'http', fileServer: null, domainName: 'localhost', props: { port: '3000', protocol: 'http:', subdomain: null, domain: '', tld: 'localhost' } } for: http://localhost:3000
2024-07-17T09:26:31.513Z cypress:server:remote-states getting primary remote state: { auth: null, origin: 'http://localhost:3000', strategy: 'http', fileServer: null, domainName: 'localhost', props: { port: '3000', protocol: 'http:', subdomain: null, domain: '', tld: 'localhost' } }
2024-07-17T09:26:31.514Z cypress:server:controllers iframe cypress\e2e\audio-context\add-module.cy.js options { superDomain: 'localhost', title: 'cypress\\e2e\\audio-context\\add-module.cy.js', scripts: '[{"absolute":"C:\\\\Workspace\\\\cypress-audio-context-bug\\\\cypress\\\\support\\\\e2e.js","relative":"cypress\\\\support\\\\e2e.js","relativeUrl":"/__cypress/tests?p=cypress\\\\support\\\\e2e.js"},{"absolute":"C:\\\\Workspace\\\\cypress-audio-context-bug\\\\cypress\\\\e2e\\\\audio-context\\\\add-module.cy.js","relative":"cypress\\\\e2e\\\\audio-context\\\\add-module.cy.js","relativeUrl":"/__cypress/tests?p=cypress\\\\e2e\\\\audio-context\\\\add-module.cy.js"}]', privilegedChannel: '/* global window */\r\n' + '(({ browserFamily, isSpecBridge, key, namespace, scripts, url, win = window }) => {\r\n' + '  /**\r\n' + '   * This file is read as a string in the server and injected into the spec\r\n' + '   * frame in order to create a privileged channel between the server and\r\n' + '   * the spec frame. The values above are provided by the server, with the\r\n' + '   * `key` being particularly important since it is used to validate\r\n' + '   * any messages sent from this channel back to the server.\r\n' + '   *\r\n' + '   * This file does not get preprocessed, so it should not contain syntax that\r\n' + '   * our minimum supported browsers do not support.\r\n' + '   */\r\n' + '\r\n' + '  const Err = win.Error\r\n' + '  const captureStackTrace = win.Error.captureStackTrace\r\n' + '  const filter = win.Array.prototype.filter\r\n' + '  const arrayIncludes = win.Array.prototype.includes\r\n' + '  const map = win.Array.prototype.map\r\n' + '  const slice = win.Array.prototype.slice\r\n' + '  const isArray = win.Array.isArray\r\n' + '  const stringIncludes = win.String.prototype.includes\r\n' + '  const replace = win.String.prototype.replace\r\n' + '  const split = win.String.prototype.split\r\n' + '  const functionToString = win.Function.prototype.toString\r\n' + '  const fetch = win.fetch\r\n' + '  const parse = win.JSON.parse\r\n' + '  const stringify = win.JSON.stringify\r\n' + '  const charCodeAt = win.String.prototype.charCodeAt\r\n' + '  const imul = Math.imul\r\n' + '\r\n' + '  const queryStringRegex = /\\?.*$/\r\n' + '\r\n' + '  let hasValidCallbackContext = false\r\n' + '\r\n' + "  // since this function is eval'd, the scripts are included as stringified JSON\r\n" + '  if (scripts) {\r\n' + '    scripts = parse(scripts)\r\n' + '  }\r\n' + '\r\n' + '  // when privileged commands are called within the cy.origin() callback,\r\n' + "  // since the callback is eval'd in the spec bridge instead of being run\r\n" + '  // directly in the spec frame, we need to use different criteria, namely\r\n' + '  // that the stack includes the function where we eval the callback\r\n' + '  const hasSpecBridgeInvocation = (err) => {\r\n' + '    switch (browserFamily) {\r\n' + "      case 'chromium':\r\n" + "        return stringIncludes.call(err.stack, 'at invokeOriginFn')\r\n" + "      case 'firefox':\r\n" + "        return stringIncludes.call(err.stack, 'invokeOriginFn@')\r\n" + "      // currently, this won't run in webkit since it doesn't\r\n" + '      // support cy.origin()\r\n' + '      default:\r\n' + '        return false\r\n' + '    }\r\n' + '  }\r\n' + '\r\n' + '  // in chromium, stacks only include lines from the frame where the error is\r\n' + '  // created, so to validate a function call was from the spec frame, we strip\r\n' + '  // message lines and any eval calls (since they could be invoked from outside\r\n' + '  // the spec frame) and if there are lines left, they must have been from\r\n' + '  // the spec frame itself\r\n' + '  const hasSpecFrameStackLines = (err) => {\r\n' + "    const stackLines = split.call(err.stack, '\\n')\r\n" + '    const filteredLines = filter.call(stackLines, (line) => {\r\n' + '      return (\r\n' + '        !stringIncludes.call(line, err.message)\r\n' + "        && !stringIncludes.call(line, 'eval at <anonymous>')\r\n" + '      )\r\n' + '    })\r\n' + '\r\n' + '    return filteredLines.length > 0\r\n' + '  }\r\n' + '\r\n' + '  const isInCallback = (err) => {\r\n' + "    return stringIncludes.call(err.stack, 'thenFn@') || stringIncludes.call(err.stack, 'withinFn@')\r\n" + '  }\r\n' + '\r\n' + '  const hasCallbackInsideEval = (err) => {\r\n' + "    if (browserFamily === 'webkit') {\r\n" + '      return isInCallback(err) && hasValidCallbackContext\r\n' + '    }\r\n' + '\r\n' + "    return isInCallback(err) && stringIncludes.call(err.stack, '> eval line')\r\n" + '  }\r\n' + '\r\n' + '  // in non-chromium browsers, the stack will include either the spec file url\r\n' + '  // or the support file\r\n' + '  const hasStackLinesFromSpecOrSupportFile = (err) => {\r\n' + '    return filter.call(scripts, (script) => {\r\n' + '      // in webkit, stack line might not include the query string\r\n' + "      if (browserFamily === 'webkit') {\r\n" + "        script = replace.call(script, queryStringRegex, '')\r\n" + '      }\r\n' + '\r\n' + '      return stringIncludes.call(err.stack, script)\r\n' + '    }).length > 0\r\n' + '  }\r\n' + '\r\n' + '  // privileged commands are commands that should only be called from the spec\r\n' + '  // because they escape the browser sandbox and (generally) have access to node\r\n' + '  const privilegedCommands = [\r\n' + "    'exec',\r\n" + "    // cy.origin() doesn't directly access node, but is a pathway for other\r\n" + '    // commands to do so\r\n' + "    'origin',\r\n" + "    'readFile',\r\n" + '    // cy.selectFile() accesses node when using the path argument to read a file\r\n' + "    'selectFile',\r\n" + "    'writeFile',\r\n" + "    'task',\r\n" + '  ]\r\n' + '\r\n' + '  const callbackCommands = [\r\n' + "    'each',\r\n" + "    'then',\r\n" + "    'within',\r\n" + '  ]\r\n' + '\r\n' + '  function stackIsFromSpecFrame (err) {\r\n' + '    if (isSpecBridge) {\r\n' + '      return hasSpecBridgeInvocation(err)\r\n' + '    }\r\n' + '\r\n' + "    if (browserFamily === 'chromium') {\r\n" + '      return hasStackLinesFromSpecOrSupportFile(err) || hasSpecFrameStackLines(err)\r\n' + '    }\r\n' + '\r\n' + '    return hasCallbackInsideEval(err) || hasStackLinesFromSpecOrSupportFile(err)\r\n' + '  }\r\n' + '\r\n' + '  // source: https://github.com/bryc/code/blob/d0dac1c607a005679799024ff66166e13601d397/jshash/experimental/cyrb53.js\r\n' + '  function hash (str) {\r\n' + '    const seed = 0\r\n' + '    let h1 = 0xdeadbeef ^ seed\r\n' + '    let h2 = 0x41c6ce57 ^ seed\r\n' + '\r\n' + '    for (let i = 0, ch; i < str.length; i++) {\r\n' + '      ch = charCodeAt.call(str, i)\r\n' + '      h1 = imul(h1 ^ ch, 2654435761)\r\n' + '      h2 = imul(h2 ^ ch, 1597334677)\r\n' + '    }\r\n' + '    h1 = imul(h1 ^ (h1 >>> 16), 2246822507)\r\n' + '    h1 ^= imul(h2 ^ (h2 >>> 13), 3266489909)\r\n' + '    h2 = imul(h2 ^ (h2 >>> 16), 2246822507)\r\n' + '    h2 ^= imul(h1 ^ (h1 >>> 13), 3266489909)\r\n' + '\r\n' + '    return `${4294967296 * (2097151 & h2) + (h1 >>> 0)}`\r\n' + '  }\r\n' + '\r\n' + '  // removes trailing undefined args\r\n' + '  function dropRightUndefined (array) {\r\n' + '    if (!isArray(array)) return []\r\n' + '\r\n' + '    let index = array.length\r\n' + '\r\n' + '    // find index of last non-undefined arg\r\n' + '    // eslint-disable-next-line no-empty\r\n' + '    while (index-- && array[index] === undefined) {}\r\n' + '\r\n' + '    return slice.call(array, 0, index + 1)\r\n' + '  }\r\n' + '\r\n' + '  function onCommandInvocation (command) {\r\n' + "    // message doesn't really matter since we're only interested in the stack\r\n" + "    const err = new Err('command stack error')\r\n" + '\r\n' + '    // strips the stack for this function itself, so we get a more accurate\r\n' + '    // look at where the command was called from\r\n' + '    if (captureStackTrace) {\r\n' + '      captureStackTrace.call(Err, err, onCommandInvocation)\r\n' + '    }\r\n' + '\r\n' + '    if (arrayIncludes.call(callbackCommands, command.name)) {\r\n' + '      hasValidCallbackContext = stackIsFromSpecFrame(err)\r\n' + '    }\r\n' + '\r\n' + '    if (!arrayIncludes.call(privilegedCommands, command.name)) return\r\n' + '\r\n' + "    // if stack is not validated as being from the spec frame, don't add\r\n" + '    // it as a verified command\r\n' + '    if (!stackIsFromSpecFrame(err)) return\r\n' + '\r\n' + '    // hash the args to avoid `413 Request Entity Too Large` error from express.\r\n' + '    // see https://github.com/cypress-io/cypress/issues/27099 and\r\n' + '    // https://github.com/cypress-io/cypress/issues/27097\r\n' + '    const args = map.call(dropRightUndefined([...(command.args || [])]), (arg) => {\r\n' + '      if (arg === undefined) {\r\n' + '        arg = null\r\n' + '      }\r\n' + '\r\n' + "      if (typeof arg === 'function') {\r\n" + '        arg = functionToString.call(arg)\r\n' + '      }\r\n' + '\r\n' + '      return hash(stringify(arg))\r\n' + '    })\r\n' + '\r\n' + '    // if we verify a privileged command was invoked from the spec frame, we\r\n' + "    // send it to the server, where it's stored in state. when the command is\r\n" + '    // run and it sends its message to the server via websocket, we check\r\n' + '    // that verified status before allowing the command to continue running\r\n' + '    //\r\n' + '    // needs to use the fully-qualified url or else when the baseUrl includes\r\n' + '    // basic auth, the fetch fails with a security error\r\n' + '    // see https://github.com/cypress-io/cypress/issues/28336\r\n' + '    const promise = fetch(`${win.location.origin}/${namespace}/add-verified-command`, {\r\n' + '      body: stringify({\r\n' + '        args,\r\n' + '        name: command.name,\r\n' + '        key,\r\n' + '        url,\r\n' + '      }),\r\n' + '      headers: {\r\n' + "        'Content-Type': 'application/json',\r\n" + '      },\r\n' + "      method: 'POST',\r\n" + '    }).catch(() => {\r\n' + "      // this erroring is unlikely, but it's fine to ignore. if adding the\r\n" + '      // verified command failed, the default behavior is NOT to allow\r\n' + '      // the privileged command to run\r\n' + '    })\r\n' + '\r\n' + '    return {\r\n' + '      args,\r\n' + '      promise,\r\n' + '    }\r\n' + '  }\r\n' + '\r\n' + "  win.Cypress.on('command:invocation', onCommandInvocation)\r\n" + '\r\n' + '  // returned for testing purposes only\r\n' + '  return {\r\n' + '    dropRightUndefined,\r\n' + '    onCommandInvocation,\r\n' + '  }\r\n' + '})\r\n' + '({\n' + "      browserFamily: 'chromium',\n" + '      isSpecBridge: false,\n' + "      key: 'affdc688-7819-4497-96c4-63c23b56d16a',\n" + "      namespace: '__cypress',\n" + `      scripts: '["/__cypress/tests?p=cypress\\\\\\\\support\\\\\\\\e2e.js","/__cypress/tests?p=cypress\\\\\\\\e2e\\\\\\\\audio-context\\\\\\\\add-module.cy.js"]',\n` + "      url: 'http://localhost:3000/__cypress/iframes/cypress%5Ce2e%5Caudio-context%5Cadd-module.cy.js?browserFamily=chromium'\n" + '    })' }
2024-07-17T09:26:31.534Z cypress:server:server-base Got CONNECT request from localhost:3000
2024-07-17T09:26:31.535Z cypress:https-proxy Writing browserSocket connection headers { url: 'localhost:3000', headLength: 0, headers: { host: 'localhost:3000', 'proxy-connection': 'keep-alive', 'user-agent': 'Mozilla/5.0 (Windows NT 10.0; Win64; x64) AppleWebKit/537.36 (KHTML, like Gecko) Cypress/13.13.1 Chrome/118.0.5993.159 Electron/27.3.10 Safari/537.36' } }
2024-07-17T09:26:31.536Z cypress:server:controllers:spec request for { spec: 'cypress\\support\\e2e.js' }
2024-07-17T09:26:31.536Z cypress:server:preprocessor getting file cypress\support\e2e.js
2024-07-17T09:26:31.536Z cypress:server:preprocessor getFile C:\Workspace\cypress-audio-context-bug\cypress\support\e2e.js
2024-07-17T09:26:31.536Z cypress:server:preprocessor headless and already processed
2024-07-17T09:26:31.536Z cypress:server:controllers:spec sending spec { filePath: 'C:\\Users\\TMA\\AppData\\Roaming\\Cypress\\cy\\production\\projects\\cypress-audio-context-bug-6e43da74f8bf7532b587aa1d44907041\\bundles\\cypress\\support\\e2e.js' }
2024-07-17T09:26:31.537Z cypress:server:controllers:spec request for { spec: 'cypress\\e2e\\audio-context\\add-module.cy.js' }
2024-07-17T09:26:31.537Z cypress:server:preprocessor getting file cypress\e2e\audio-context\add-module.cy.js
2024-07-17T09:26:31.537Z cypress:server:preprocessor getFile C:\Workspace\cypress-audio-context-bug\cypress\e2e\audio-context\add-module.cy.js
2024-07-17T09:26:31.537Z cypress:server:preprocessor headless and already processed
2024-07-17T09:26:31.537Z cypress:server:controllers:spec sending spec { filePath: 'C:\\Users\\TMA\\AppData\\Roaming\\Cypress\\cy\\production\\projects\\cypress-audio-context-bug-6e43da74f8bf7532b587aa1d44907041\\bundles\\cypress\\e2e\\audio-context\\add-module.cy.js' }
2024-07-17T09:26:31.567Z cypress:server:reporter got mocha event 'test:before:run' with args: [ u { title: 'load correctly the module', fn: [Function: o] { toString: [Function (anonymous)] }, body: '() => {\n' + "    cy.visit('http://localhost:3000');\n" + "    cy.contains('Load').click();\n" + "    cy.get('body').should('have.text', 'Loaded');\n" + '  }', async: undefined, sync: undefined, _timeout: 2000, _slow: 10000, _enableTimeouts: true, timedOut: undefined, _retries: 0, _currentRetry: 0, pending: false, type: 'test', duration: undefined, state: 'skipped', parent: p { title: 'audio context', ctx: {}, suites: [], tests: [Array], pending: false, _beforeEach: [], _beforeAll: [], _afterEach: [], _afterAll: [], root: false, _timeout: 2000, _enableTimeouts: true, _slow: 10000, _bail: false, _retries: -1, _onlyTests: [], _onlySuites: [], delayed: false, _events: [Object: null prototype], _eventsCount: 1, parent: [p], file: null, id: 'r2', type: 'suite', invocationDetails: [Object] }, id: 'r3', _testConfig: { testConfigList: [], unverifiedTestConfig: {}, applied: 'complete' }, order: 1, file: null, invocationDetails: { function: 'Suite.eval', fileUrl: 'http://localhost:3000/__cypress/tests?p=cypress\\e2e\\audio-context\\add-module.cy.js', originalFile: 'webpack://cypress-audio-context-bug/./cypress/e2e/audio-context/add-module.cy.js', relativeFile: 'cypress/e2e/audio-context/add-module.cy.js', absoluteFile: 'C:\\Workspace\\cypress-audio-context-bug/cypress/e2e/audio-context/add-module.cy.js', line: 2, column: 2, whitespace: '    ', stack: 'Error\n' + '    at Suite.eval (http://localhost:3000/__cypress/tests?p=cypress\\e2e\\audio-context\\add-module.cy.js:10:3)\n' + '    at eval (http://localhost:3000/__cypress/tests?p=cypress\\e2e\\audio-context\\add-module.cy.js:9:1)\n' + '    at eval (http://localhost:3000/__cypress/tests?p=cypress\\e2e\\audio-context\\add-module.cy.js:16:12)\n' + '    at eval (<anonymous>)' }, wallClockStartedAt: '2024-07-17T09:26:31.561Z' } ]
2024-07-17T09:26:31.567Z cypress:util:crash_handling preparing to run test, previous stats reported as {
  stats: {
    suites: 1,
    tests: 1,
    passes: 0,
    pending: 0,
    skipped: 1,
    failures: 0,
    wallClockStartedAt: 2024-07-17T09:26:30.193Z,
    wallClockDuration: 0
  },
  reporter: 'spec',
  reporterStats: {
    suites: 1,
    tests: 0,
    passes: 0,
    pending: 0,
    failures: 0,
    start: 2024-07-17T09:26:30.197Z
  },
  hooks: [],
  tests: [
    {
      testId: 'r3',
      title: [Array],
      state: 'skipped',
      body: '() => {\n' +
        "    cy.visit('http://localhost:3000');\n" +
        "    cy.contains('Load').click();\n" +
        "    cy.get('body').should('have.text', 'Loaded');\n" +
        '  }',
      displayError: null,
      attempts: [Array]
    }
  ]
}
2024-07-17T09:26:31.567Z cypress:server:socket-base backend:request { eventName: 'close:extra:targets', args: [] }
2024-07-17T09:26:31.567Z cypress:server:browsers getBrowserLauncher { browser: { name: 'electron', channel: 'stable', family: 'chromium', displayName: 'Electron', version: '118.0.5993.159', path: '', majorVersion: 118, isHeadless: true, isHeaded: false } }
2024-07-17T09:26:31.567Z cypress:server:socket-base backend:request { eventName: 'reset:server:state', args: [] }
2024-07-17T09:26:31.567Z cypress:proxy:http:util:buffers resetting buffers
2024-07-17T09:26:31.567Z cypress:server:remote-states resetting remote state
2024-07-17T09:26:31.567Z cypress:server:socket-base backend:request { eventName: 'get:rendered:html:origins', args: [] }
2024-07-17T09:26:31.567Z cypress:server:socket-base automation:request get:cookies {}
2024-07-17T09:26:31.568Z cypress:server:automation:cookies getting:cookies {}
2024-07-17T09:26:31.569Z cypress:server:automation:cookies received get:cookies []
2024-07-17T09:26:31.572Z cypress:server:socket-base automation:request clear:cookies []
2024-07-17T09:26:31.572Z cypress:server:automation:cookies clear:cookies 0
2024-07-17T09:26:31.574Z cypress:server:socket-base backend:request { eventName: 'reset:rendered:html:origins', args: [] }
2024-07-17T09:26:31.584Z cypress:server:socket-base backend:request { eventName: 'resolve:url', args: [ 'http://localhost:3000/', { auth: null, failOnStatusCode: true, retryOnNetworkFailure: true, retryOnStatusCodeFailure: false, retryIntervals: [Array], method: 'GET', body: null, headers: {}, timeout: 30000, isFromSpecBridge: false, hasAlreadyVisitedUrl: false } ] }
2024-07-17T09:26:31.584Z cypress:server:server-base resolving visit { url: 'http://localhost:3000/', userAgent: 'Mozilla/5.0 (Windows NT 10.0; Win64; x64) AppleWebKit/537.36 (KHTML, like Gecko) Cypress/13.13.1 Chrome/118.0.5993.159 Electron/27.3.10 Safari/537.36', options: { auth: null, failOnStatusCode: true, retryOnNetworkFailure: true, retryOnStatusCodeFailure: false, retryIntervals: [ 0, 100, 200, 200 ], method: 'GET', body: null, headers: {}, timeout: 30000, isFromSpecBridge: false, hasAlreadyVisitedUrl: false } }
2024-07-17T09:26:31.584Z cypress:proxy:http:util:buffers resetting buffers
2024-07-17T09:26:31.584Z cypress:network:cors Parsed URL { port: '3000', protocol: 'http:', subdomain: null, domain: '', tld: 'localhost' }
2024-07-17T09:26:31.584Z cypress:server:remote-states getting remote state: { auth: null, origin: 'http://localhost:3000', strategy: 'http', fileServer: null, domainName: 'localhost', props: { port: '3000', protocol: 'http:', subdomain: null, domain: '', tld: 'localhost' } } for: http://localhost:3000
2024-07-17T09:26:31.584Z cypress:network:cors Parsed URL { port: '3000', protocol: 'http:', subdomain: null, domain: '', tld: 'localhost' }
2024-07-17T09:26:31.584Z cypress:server:remote-states getting primary remote state: { auth: null, origin: 'http://localhost:3000', strategy: 'http', fileServer: null, domainName: 'localhost', props: { port: '3000', protocol: 'http:', subdomain: null, domain: '', tld: 'localhost' } }
2024-07-17T09:26:31.585Z cypress:server:server-base sending request with options { auth: null, failOnStatusCode: true, retryOnNetworkFailure: true, retryOnStatusCodeFailure: false, retryIntervals: [ 0, 100, 200, 200 ], method: 'GET', body: null, headers: { accept: 'text/html,*/*' }, timeout: 30000, isFromSpecBridge: false, hasAlreadyVisitedUrl: false, gzip: false, url: 'http://localhost:3000/', onBeforeReqInit: [Function: y], followRedirect: [Function: followRedirect] }
2024-07-17T09:26:31.585Z cypress:server:automation:cookies getting:cookies { url: 'http://localhost:3000/' }
2024-07-17T09:26:31.587Z cypress:server:automation:cookies received get:cookies []
2024-07-17T09:26:31.587Z cypress:server:request got cookies from browser { reqUrl: 'http://localhost:3000/', cookies: [] }
2024-07-17T09:26:31.587Z cypress:server:request sending request as stream { auth: null, failOnStatusCode: true, retryOnNetworkFailure: true, retryOnStatusCodeFailure: false, retryIntervals: [ 0, 100, 200, 200 ], method: 'GET', body: null, headers: { accept: 'text/html,*/*', 'user-agent': 'Mozilla/5.0 (Windows NT 10.0; Win64; x64) AppleWebKit/537.36 (KHTML, like Gecko) Cypress/13.13.1 Chrome/118.0.5993.159 Electron/27.3.10 Safari/537.36' }, timeout: 30000, isFromSpecBridge: false, hasAlreadyVisitedUrl: false, gzip: false, url: 'http://localhost:3000/', onBeforeReqInit: [Function: y], followAllRedirects: true }
2024-07-17T09:26:31.587Z cypress:network:agent addRequest called { isHttps: false, href: 'http://localhost:3000/' }
2024-07-17T09:26:31.588Z cypress:network:agent got family { family: 4, href: 'http://localhost:3000/' }
2024-07-17T09:26:31.590Z cypress:server:request received status code & headers on request { requestId: 'request4', statusCode: 200, headers: { 'content-type': 'text/html; charset=utf-8' } }
2024-07-17T09:26:31.590Z cypress:server:request successful response received { requestId: 'request4' }
2024-07-17T09:26:31.590Z cypress:server:server-base resolve:url headers received, buffering response { headers: { 'content-length': '628', 'content-disposition': 'inline; filename="index.html"', 'accept-ranges': 'bytes', etag: '"24f53f5e6beb5534c9e4b191cad5a9d5dd1fedbb"', 'content-type': 'text/html; charset=utf-8', vary: 'Accept-Encoding', date: 'Wed, 17 Jul 2024 09:26:31 GMT', connection: 'keep-alive', 'keep-alive': 'timeout=5' }, statusCode: 200 }
2024-07-17T09:26:31.590Z cypress:network:cors Parsed URL { port: '3000', protocol: 'http:', subdomain: null, domain: '', tld: 'localhost' }
2024-07-17T09:26:31.591Z cypress:server:automation:cookies getting:cookies { domain: 'localhost' }
2024-07-17T09:26:31.591Z cypress:server:automation:cookies received get:cookies []
2024-07-17T09:26:31.591Z cypress:server:server-base setting details resolving url { isOkStatusCode: true, contentType: 'text/html', url: 'http://localhost:3000/', status: 200, cookies: [], statusText: 'OK', redirects: [], originalUrl: 'http://localhost:3000/' }
2024-07-17T09:26:31.592Z cypress:server:server-base resolve:url response ended, setting buffer { newUrl: 'http://localhost:3000/', details: { isOkStatusCode: true, contentType: 'text/html', url: 'http://localhost:3000/', status: 200, cookies: [], statusText: 'OK', redirects: [], originalUrl: 'http://localhost:3000/', isHtml: true } }
2024-07-17T09:26:31.592Z cypress:network:cors Parsed URL { port: '3000', protocol: 'http:', subdomain: null, domain: '', tld: 'localhost' }
2024-07-17T09:26:31.592Z cypress:network:cors Parsed URL { port: '3000', protocol: 'http:', subdomain: null, domain: '', tld: 'localhost' }
2024-07-17T09:26:31.592Z cypress:server:remote-states setting remote state { auth: null, origin: 'http://localhost:3000', strategy: 'http', fileServer: null, domainName: 'localhost', props: { port: '3000', protocol: 'http:', subdomain: null, domain: '', tld: 'localhost' } } for http://localhost:3000
2024-07-17T09:26:31.592Z cypress:network:cors Parsed URL { port: '3000', protocol: 'http:', subdomain: null, domain: '', tld: 'localhost' }
2024-07-17T09:26:31.592Z cypress:server:remote-states getting remote state: { auth: null, origin: 'http://localhost:3000', strategy: 'http', fileServer: null, domainName: 'localhost', props: { port: '3000', protocol: 'http:', subdomain: null, domain: '', tld: 'localhost' } } for: http://localhost:3000
2024-07-17T09:26:31.593Z cypress:proxy:http:util:buffers setting buffer { url: 'http://localhost:3000/' }
2024-07-17T09:26:31.593Z cypress:network:cors Parsed URL { port: '3000', protocol: 'http:', subdomain: null, domain: '', tld: 'localhost' }
2024-07-17T09:26:31.604Z cypress:proxy:http:util:buffers found request buffer { buffer: { url: 'http://localhost:3000/' } }
2024-07-17T09:26:31.606Z cypress:net-stubbing:server:intercept-response InterceptResponse { req: { url: '/' }, request: undefined }
2024-07-17T09:26:31.607Z cypress:network:cors Parsed URL { port: '3000', protocol: 'http:', subdomain: null, domain: '', tld: 'localhost' }
2024-07-17T09:26:31.607Z cypress:server:remote-states getting remote state: { auth: null, origin: 'http://localhost:3000', strategy: 'http', fileServer: null, domainName: 'localhost', props: { port: '3000', protocol: 'http:', subdomain: null, domain: '', tld: 'localhost' } } for: http://localhost:3000
2024-07-17T09:26:31.608Z cypress:network:cors Parsed URL { port: '3000', protocol: 'http:', subdomain: null, domain: '', tld: 'localhost' }
2024-07-17T09:26:31.608Z cypress:network:cors Parsed URL { port: '3000', protocol: 'http:', subdomain: null, domain: '', tld: 'localhost' }
2024-07-17T09:26:31.609Z cypress:network:cors Parsed URL { port: '3000', protocol: 'http:', subdomain: null, domain: '', tld: 'localhost' }
2024-07-17T09:26:31.609Z cypress:server:remote-states getting remote state: { auth: null, origin: 'http://localhost:3000', strategy: 'http', fileServer: null, domainName: 'localhost', props: { port: '3000', protocol: 'http:', subdomain: null, domain: '', tld: 'localhost' } } for: http://localhost:3000
2024-07-17T09:26:31.612Z cypress:network:cors Parsed URL { port: '3000', protocol: 'http:', subdomain: null, domain: '', tld: 'localhost' }
2024-07-17T09:26:31.760Z cypress:server:browsers:cri-client error attaching to target cri p [Error]: 'Network.enable' wasn't found
    at <embedded>:633:577907
    at _._handleMessage (<embedded>:633:580210)
    at A.<anonymous> (<embedded>:633:579849)
    at A.emit (node:events:514:28)
    at f.U (<embedded>:633:565033)
    at f.emit (node:events:514:28)
    at f.dataMessage (<embedded>:633:545408)
    at f.getData (<embedded>:633:544590)
    at f.startLoop (<embedded>:633:541297)
    at f._write (<embedded>:633:540652)
    at writeOrBuffer (node:internal/streams/writable:392:12)
    at _write (node:internal/streams/writable:333:10)
    at f.write (node:internal/streams/writable:337:10)
    at Socket.W (<embedded>:633:565719)
    at Socket.emit (node:events:514:28)
    at addChunk (node:internal/streams/readable:324:12)
    at readableAddChunk (node:internal/streams/readable:297:9)
    at Socket.push (node:internal/streams/readable:234:10)
    at TCP.onStreamRead (node:internal/stream_base_commons:190:23) {
  request: {
    method: 'Network.enable',
    params: {
      maxTotalBufferSize: 0,
      maxResourceBufferSize: 0,
      maxPostDataSize: 0
    },
    sessionId: 'DA1675F256704B15664A6BC47E52C96F'
  },
  response: { code: -32601, message: "'Network.enable' wasn't found" }
}
2024-07-17T09:26:35.820Z cypress:server:socket-base automation:request take:screenshot { titles: [ 'audio context', 'load correctly the module' ], testId: 'r3', testAttemptIndex: 0, simple: true, testFailure: true, capture: 'runner', clip: { x: 0, y: 0, width: 1000, height: 660 }, viewport: { width: 1280, height: 720 }, scaled: true, blackout: [], overwrite: false, startTime: '2024-07-17T09:26:35.818Z', appOnly: false, hideRunnerUi: false }
2024-07-17T09:26:35.820Z cypress:server:screenshot (s5) capturing screenshot { titles: [ 'audio context', 'load correctly the module' ], testId: 'r3', testAttemptIndex: 0, simple: true, testFailure: true, capture: 'runner', clip: { x: 0, y: 0, width: 1000, height: 660 }, viewport: { width: 1280, height: 720 }, scaled: true, blackout: [], overwrite: false, startTime: '2024-07-17T09:26:35.818Z', appOnly: false, hideRunnerUi: false, specName: 'add-module.cy.js' }
2024-07-17T09:26:35.952Z cypress:server:screenshot (s5) ensureSafePath { withoutExt: 'C:\\Workspace\\cypress-audio-context-bug\\cypress\\screenshots\\add-module.cy.js\\audio context -- load correctly the module (failed)', extension: 'png', num: 0, maxSafeBytes: 254, maxSafePrefixBytes: 250 }
2024-07-17T09:26:35.954Z cypress:server:screenshot (s5) save C:\Workspace\cypress-audio-context-bug\cypress\screenshots\add-module.cy.js\audio context -- load correctly the module (failed).png
2024-07-17T09:26:35.957Z cypress:lifecycle:EventRegistrar plugin event registered? { eventName: 'after:screenshot', isRegistered: false }
2024-07-17T09:26:35.961Z cypress:server:reporter got mocha event 'fail' with args: [ { title: 'load correctly the module', fn: [Function: o] { toString: [Function (anonymous)] }, body: '() => {\n' + "    cy.visit('http://localhost:3000');\n" + "    cy.contains('Load').click();\n" + "    cy.get('body').should('have.text', 'Loaded');\n" + '  }', async: undefined, sync: undefined, _timeout: 2000, _slow: 10000, _enableTimeouts: true, timedOut: undefined, _retries: 0, _currentRetry: 0, pending: false, type: 'test', duration: undefined, state: 'failed', parent: p { title: 'audio context', ctx: {}, suites: [], tests: [Array], pending: false, _beforeEach: [], _beforeAll: [], _afterEach: [], _afterAll: [], root: false, _timeout: 2000, _enableTimeouts: true, _slow: 10000, _bail: false, _retries: -1, _onlyTests: [], _onlySuites: [], delayed: false, _events: [Object: null prototype], _eventsCount: 1, parent: [p], file: null, id: 'r2', type: 'suite', invocationDetails: [Object] }, _testConfig: { testConfigList: [], unverifiedTestConfig: {}, applied: 'complete' }, order: 1, file: null, invocationDetails: { function: 'Suite.eval', fileUrl: 'http://localhost:3000/__cypress/tests?p=cypress\\e2e\\audio-context\\add-module.cy.js', originalFile: 'webpack://cypress-audio-context-bug/./cypress/e2e/audio-context/add-module.cy.js', relativeFile: 'cypress/e2e/audio-context/add-module.cy.js', absoluteFile: 'C:\\Workspace\\cypress-audio-context-bug/cypress/e2e/audio-context/add-module.cy.js', line: 2, column: 2, whitespace: '    ', stack: 'Error\n' + '    at Suite.eval (http://localhost:3000/__cypress/tests?p=cypress\\e2e\\audio-context\\add-module.cy.js:10:3)\n' + '    at eval (http://localhost:3000/__cypress/tests?p=cypress\\e2e\\audio-context\\add-module.cy.js:9:1)\n' + '    at eval (http://localhost:3000/__cypress/tests?p=cypress\\e2e\\audio-context\\add-module.cy.js:16:12)\n' + '    at eval (<anonymous>)' }, wallClockStartedAt: '2024-07-17T09:26:31.561Z', err: { message: "Timed out retrying after 4000ms: expected '<body>' to have text 'Loaded', but the text was 'Creating audio context...'", name: 'AssertionError', stack: "AssertionError: Timed out retrying after 4000ms: expected '<body>' to have text 'Loaded', but the text was 'Creating audio context...'\n" + '    at Context.eval (webpack://cypress-audio-context-bug/./cypress/e2e/audio-context/add-module.cy.js:5:19)', parsedStack: [Array], actual: "'Creating audio context...'", expected: "'Loaded'", showDiff: true, codeFrame: [Object] }, clone: [Function (anonymous)], timeout: [Function (anonymous)], slow: [Function (anonymous)], enableTimeouts: [Function (anonymous)], skip: [Function (anonymous)], isPending: [Function (anonymous)], isFailed: [Function (anonymous)], isPassed: [Function (anonymous)], retries: [Function (anonymous)], currentRetry: [Function (anonymous)], fullTitle: [Function (anonymous)], titlePath: [Function (anonymous)], clearTimeout: [Function (anonymous)], inspect: [Function (anonymous)], resetTimeout: [Function (anonymous)], globals: [Function (anonymous)], run: [Function (anonymous)], _timeoutError: [Function (anonymous)], _events: undefined, _eventsCount: 0, _maxListeners: undefined, setMaxListeners: [Function: setMaxListeners], getMaxListeners: [Function: getMaxListeners], emit: [Function: emit], addListener: [Function: addListener], on: [Function: addListener], prependListener: [Function: prependListener], once: [Function: once], prependOnceListener: [Function: prependOnceListener], removeListener: [Function: removeListener], off: [Function: removeListener], removeAllListeners: [Function: removeAllListeners], listeners: [Function: listeners], rawListeners: [Function: rawListeners], listenerCount: [Function: listenerCount], eventNames: [Function: eventNames], _cypressTestStatusInfo: { strategy: 'detect-flake-and-pass-on-threshold', shouldAttemptsContinue: false, attempts: 1, outerStatus: 'failed' } }, { message: "Timed out retrying after 4000ms: expected '<body>' to have text 'Loaded', but the text was 'Creating audio context...'", name: 'AssertionError', stack: "AssertionError: Timed out retrying after 4000ms: expected '<body>' to have text 'Loaded', but the text was 'Creating audio context...'\n" + '    at Context.eval (webpack://cypress-audio-context-bug/./cypress/e2e/audio-context/add-module.cy.js:5:19)', parsedStack: [ [Object], [Object] ], actual: "'Creating audio context...'", expected: "'Loaded'", showDiff: true, codeFrame: { line: 5, column: 20, originalFile: 'cypress/e2e/audio-context/add-module.cy.js', relativeFile: 'cypress/e2e/audio-context/add-module.cy.js', absoluteFile: 'C:\\Workspace\\cypress-audio-context-bug/cypress/e2e/audio-context/add-module.cy.js', frame: "  3 |     cy.visit('http://localhost:3000');\n" + "  4 |     cy.contains('Load').click();\n" + "> 5 |     cy.get('body').should('have.text', 'Loaded');\n" + '    |                    ^\n' + '  6 |   })\n' + '  7 | })\n' + '  8 |', language: 'js' } } ]
    1) load correctly the module
2024-07-17T09:26:35.963Z cypress:server:reporter got mocha event 'test end' with args: [ u { title: 'load correctly the module', fn: [Function: o] { toString: [Function (anonymous)] }, body: '() => {\n' + "    cy.visit('http://localhost:3000');\n" + "    cy.contains('Load').click();\n" + "    cy.get('body').should('have.text', 'Loaded');\n" + '  }', async: undefined, sync: undefined, _timeout: 2000, _slow: 10000, _enableTimeouts: true, timedOut: undefined, _retries: 0, _currentRetry: 0, pending: false, type: 'test', duration: 4398, state: 'failed', parent: p { title: 'audio context', ctx: {}, suites: [], tests: [Array], pending: false, _beforeEach: [], _beforeAll: [], _afterEach: [], _afterAll: [], root: false, _timeout: 2000, _enableTimeouts: true, _slow: 10000, _bail: false, _retries: -1, _onlyTests: [], _onlySuites: [], delayed: false, _events: [Object: null prototype], _eventsCount: 1, parent: [p], file: null, id: 'r2', type: 'suite', invocationDetails: [Object] }, id: 'r3', _testConfig: { testConfigList: [], unverifiedTestConfig: {}, applied: 'complete' }, order: 1, file: null, invocationDetails: { function: 'Suite.eval', fileUrl: 'http://localhost:3000/__cypress/tests?p=cypress\\e2e\\audio-context\\add-module.cy.js', originalFile: 'webpack://cypress-audio-context-bug/./cypress/e2e/audio-context/add-module.cy.js', relativeFile: 'cypress/e2e/audio-context/add-module.cy.js', absoluteFile: 'C:\\Workspace\\cypress-audio-context-bug/cypress/e2e/audio-context/add-module.cy.js', line: 2, column: 2, whitespace: '    ', stack: 'Error\n' + '    at Suite.eval (http://localhost:3000/__cypress/tests?p=cypress\\e2e\\audio-context\\add-module.cy.js:10:3)\n' + '    at eval (http://localhost:3000/__cypress/tests?p=cypress\\e2e\\audio-context\\add-module.cy.js:9:1)\n' + '    at eval (http://localhost:3000/__cypress/tests?p=cypress\\e2e\\audio-context\\add-module.cy.js:16:12)\n' + '    at eval (<anonymous>)' }, wallClockStartedAt: '2024-07-17T09:26:31.561Z', err: { message: "Timed out retrying after 4000ms: expected '<body>' to have text 'Loaded', but the text was 'Creating audio context...'", name: 'AssertionError', stack: "AssertionError: Timed out retrying after 4000ms: expected '<body>' to have text 'Loaded', but the text was 'Creating audio context...'\n" + '    at Context.eval (webpack://cypress-audio-context-bug/./cypress/e2e/audio-context/add-module.cy.js:5:19)', parsedStack: [Array], actual: "'Creating audio context...'", expected: "'Loaded'", showDiff: true, codeFrame: [Object] }, _cypressTestStatusInfo: { strategy: 'detect-flake-and-pass-on-threshold', shouldAttemptsContinue: false, attempts: 1, outerStatus: 'failed' }, timings: { lifecycle: 14, test: [Object] }, final: true } ]
2024-07-17T09:26:35.963Z cypress:server:reporter got mocha event 'suite end' with args: [ p { title: 'audio context', ctx: {}, suites: [], tests: [ [u] ], pending: false, _beforeEach: [], _beforeAll: [], _afterEach: [], _afterAll: [], root: false, _timeout: 2000, _enableTimeouts: true, _slow: 10000, _bail: false, _retries: -1, _onlyTests: [], _onlySuites: [], delayed: false, _events: [Object: null prototype] { newListener: [Function (anonymous)] }, _eventsCount: 1, parent: p { title: '', ctx: {}, suites: [Array], tests: [], pending: false, _beforeEach: [], _beforeAll: [], _afterEach: [], _afterAll: [], root: true, _timeout: 2000, _enableTimeouts: true, _slow: 10000, _bail: false, _retries: -1, _onlyTests: [], _onlySuites: [], delayed: false, _events: [Object: null prototype], _eventsCount: 1, file: 'cypress\\e2e\\audio-context\\add-module.cy.js', id: 'r1', type: 'suite' }, file: null, id: 'r2', type: 'suite', invocationDetails: { function: 'eval', fileUrl: 'http://localhost:3000/__cypress/tests?p=cypress\\e2e\\audio-context\\add-module.cy.js', originalFile: 'webpack://cypress-audio-context-bug/./cypress/e2e/audio-context/add-module.cy.js', relativeFile: 'cypress/e2e/audio-context/add-module.cy.js', absoluteFile: 'C:\\Workspace\\cypress-audio-context-bug/cypress/e2e/audio-context/add-module.cy.js', line: 1, column: 0, whitespace: '    ', stack: 'Error\n' + '    at eval (http://localhost:3000/__cypress/tests?p=cypress\\e2e\\audio-context\\add-module.cy.js:9:1)\n' + '    at eval (http://localhost:3000/__cypress/tests?p=cypress\\e2e\\audio-context\\add-module.cy.js:16:12)\n' + '    at eval (<anonymous>)' } } ]

2024-07-17T09:26:35.966Z cypress:server:browsers:browser-cri-client Target.targetDestroyed { event: { targetId: '4EC135FCB595078EA320D016EC5DC1BF' }, closing: false, closed: false, resettingBrowserTargets: false }
2024-07-17T09:26:35.997Z cypress:server:reporter got mocha event 'test:after:run' with args: [ u { title: 'load correctly the module', fn: [Function: o] { toString: [Function (anonymous)] }, body: '() => {\n' + "    cy.visit('http://localhost:3000');\n" + "    cy.contains('Load').click();\n" + "    cy.get('body').should('have.text', 'Loaded');\n" + '  }', async: undefined, sync: undefined, _timeout: 2000, _slow: 10000, _enableTimeouts: true, timedOut: undefined, _retries: 0, _currentRetry: 0, pending: false, type: 'test', duration: 4398, state: 'failed', parent: p { title: 'audio context', ctx: {}, suites: [], tests: [Array], pending: false, _beforeEach: [], _beforeAll: [], _afterEach: [], _afterAll: [], root: false, _timeout: 2000, _enableTimeouts: true, _slow: 10000, _bail: false, _retries: -1, _onlyTests: [], _onlySuites: [], delayed: false, _events: [Object: null prototype], _eventsCount: 1, parent: [p], file: null, id: 'r2', type: 'suite', invocationDetails: [Object] }, id: 'r3', _testConfig: { testConfigList: [], unverifiedTestConfig: {}, applied: 'complete' }, order: 1, file: null, invocationDetails: { function: 'Suite.eval', fileUrl: 'http://localhost:3000/__cypress/tests?p=cypress\\e2e\\audio-context\\add-module.cy.js', originalFile: 'webpack://cypress-audio-context-bug/./cypress/e2e/audio-context/add-module.cy.js', relativeFile: 'cypress/e2e/audio-context/add-module.cy.js', absoluteFile: 'C:\\Workspace\\cypress-audio-context-bug/cypress/e2e/audio-context/add-module.cy.js', line: 2, column: 2, whitespace: '    ', stack: 'Error\n' + '    at Suite.eval (http://localhost:3000/__cypress/tests?p=cypress\\e2e\\audio-context\\add-module.cy.js:10:3)\n' + '    at eval (http://localhost:3000/__cypress/tests?p=cypress\\e2e\\audio-context\\add-module.cy.js:9:1)\n' + '    at eval (http://localhost:3000/__cypress/tests?p=cypress\\e2e\\audio-context\\add-module.cy.js:16:12)\n' + '    at eval (<anonymous>)' }, wallClockStartedAt: '2024-07-17T09:26:31.561Z', err: { message: "Timed out retrying after 4000ms: expected '<body>' to have text 'Loaded', but the text was 'Creating audio context...'", name: 'AssertionError', stack: "AssertionError: Timed out retrying after 4000ms: expected '<body>' to have text 'Loaded', but the text was 'Creating audio context...'\n" + '    at Context.eval (webpack://cypress-audio-context-bug/./cypress/e2e/audio-context/add-module.cy.js:5:19)', parsedStack: [Array], actual: "'Creating audio context...'", expected: "'Loaded'", showDiff: true, codeFrame: [Object] }, _cypressTestStatusInfo: { strategy: 'detect-flake-and-pass-on-threshold', shouldAttemptsContinue: false, attempts: 1, outerStatus: 'failed' }, timings: { lifecycle: 14, test: [Object] }, final: true, wallClockDuration: 4410 } ]
2024-07-17T09:26:35.998Z cypress:server:reporter got mocha event 'suite end' with args: [ p { title: '', ctx: {}, suites: [ [p] ], tests: [], pending: false, _beforeEach: [], _beforeAll: [], _afterEach: [], _afterAll: [], root: true, _timeout: 2000, _enableTimeouts: true, _slow: 10000, _bail: false, _retries: -1, _onlyTests: [], _onlySuites: [], delayed: false, _events: [Object: null prototype] { newListener: [Function (anonymous)] }, _eventsCount: 1, file: 'cypress\\e2e\\audio-context\\add-module.cy.js', id: 'r1', type: 'suite' } ]
2024-07-17T09:26:36.000Z cypress:server:reporter got mocha event 'end' with args: [ undefined ]

  0 passing (6s)
  1 failing

  1) audio context
       load correctly the module:

      Timed out retrying after 4000ms
      + expected - actual

      -'Creating audio context...'
      +'Loaded'
      
      at Context.eval (webpack://cypress-audio-context-bug/./cypress/e2e/audio-context/add-module.cy.js:5:19)



2024-07-17T09:26:36.002Z cypress:server:run project ended with results {
  stats: {
    suites: 1,
    tests: 1,
    passes: 0,
    pending: 0,
    skipped: 0,
    failures: 1,
    wallClockStartedAt: 2024-07-17T09:26:30.193Z,
    wallClockDuration: 5804,
    wallClockEndedAt: 2024-07-17T09:26:35.997Z
  },
  reporter: 'spec',
  reporterStats: {
    suites: 1,
    tests: 1,
    passes: 0,
    pending: 0,
    failures: 1,
    start: 2024-07-17T09:26:30.197Z,
    end: 2024-07-17T09:26:36.000Z,
    duration: 5803
  },
  hooks: [],
  tests: [
    {
      testId: 'r3',
      title: [Array],
      state: 'failed',
      body: '() => {\n' +
        "    cy.visit('http://localhost:3000');\n" +
        "    cy.contains('Load').click();\n" +
        "    cy.get('body').should('have.text', 'Loaded');\n" +
        '  }',
      displayError: "AssertionError: Timed out retrying after 4000ms: expected '<body>' to have text 'Loaded', but the text was 'Creating audio context...'\n" +
        '    at Context.eval (webpack://cypress-audio-context-bug/./cypress/e2e/audio-context/add-module.cy.js:5:19)',
      attempts: [Array]
    }
  ]
}
2024-07-17T09:26:36.002Z cypress:server:run received project end
2024-07-17T09:26:36.002Z cypress:server:run received videoController { videoController: undefined }
2024-07-17T09:26:36.003Z cypress:server:run spec results: { error: null, reporter: 'spec', reporterStats: { suites: 1, tests: 1, passes: 0, pending: 0, failures: 1, start: 2024-07-17T09:26:30.197Z, end: 2024-07-17T09:26:36.000Z, duration: 5803 }, screenshots: [ { height: 720, name: null, path: 'C:\\Workspace\\cypress-audio-context-bug\\cypress\\screenshots\\add-module.cy.js\\audio context -- load correctly the module (failed).png', takenAt: '2024-07-17T09:26:35.820Z', width: 1280 } ], spec: { absolute: 'C:/Workspace/cypress-audio-context-bug/cypress/e2e/audio-context/add-module.cy.js', fileExtension: '.js', fileName: 'add-module', name: 'add-module.cy.js', relative: 'cypress\\e2e\\audio-context\\add-module.cy.js' }, stats: { duration: 5804, endedAt: 2024-07-17T09:26:35.997Z, failures: 1, passes: 0, pending: 0, skipped: 0, startedAt: 2024-07-17T09:26:30.193Z, suites: 1, tests: 1 }, tests: [ { attempts: [Array], displayError: "AssertionError: Timed out retrying after 4000ms: expected '<body>' to have text 'Loaded', but the text was 'Creating audio context...'\n" + '    at Context.eval (webpack://cypress-audio-context-bug/./cypress/e2e/audio-context/add-module.cy.js:5:19)', duration: 4410, state: 'failed', title: [Array] } ], video: null }
2024-07-17T09:26:36.003Z cypress:server:run execute after:spec
2024-07-17T09:26:36.003Z cypress:lifecycle:EventRegistrar plugin event registered? { eventName: 'after:spec', isRegistered: false }
2024-07-17T09:26:36.003Z cypress:server:run No video found after spec ran - skipping compression. Video path: undefined

  (Results)

  ┌────────────────────────────────────────────────────────────────────────────────────────────────┐
  │ Tests:        1                                                                                │
  │ Passing:      0                                                                                │
  │ Failing:      1                                                                                │
  │ Pending:      0                                                                                │
  │ Skipped:      0                                                                                │
  │ Screenshots:  1                                                                                │
  │ Video:        false                                                                            │
  │ Duration:     5 seconds                                                                        │
  │ Spec Ran:     add-module.cy.js                                                                 │
  └────────────────────────────────────────────────────────────────────────────────────────────────┘


  (Screenshots)

  -  C:\Workspace\cypress-audio-context-bug\cypress\screenshots\add-module.cy.js\audi     (1280x720)
     o context -- load correctly the module (failed).png                                            
2024-07-17T09:26:36.005Z cypress:server:run attempting to close the browser tab

2024-07-17T09:26:36.006Z cypress:server:browsers:electron sendClose called, browserCriClient is set? true
2024-07-17T09:26:36.006Z cypress:server:browsers:cri-client closing
2024-07-17T09:26:36.006Z cypress:server:browsers:cri-client closing cri client { closed: false, target: '3C12EA8C0D2E275182DC457C44D26485' }
2024-07-17T09:26:36.008Z cypress:server:browsers:cri-client Encountered error on send { command: 'Runtime.evaluate', params: { expression: '\n' + "        if (window['cypressSocket-/__socket/default'] && window['cypressSocket-/__socket/default'].send) {\n" + `          window['cypressSocket-/__socket/default'].send('"42/__socket/default,[[\\\\"1\\\\",\\\\"2\\\\",\\\\"3\\\\"],\\\\"tests:finished\\\\",\\\\"e556114f-0c89-43bc-918b-167eb8fa8f6d\\\\",[]]"')\n` + '        }\n' + '      ', contextId: 9 }, sessionId: undefined, err: Error: WebSocket connection closed at _._handleConnectionClose (<embedded>:633:580021) at A.<anonymous> (<embedded>:633:578085) at Object.onceWrapper (node:events:629:26) at A.emit (node:events:514:28) at A.emitClose (<embedded>:633:558309) at Socket.H (<embedded>:633:565620) at Socket.emit (node:events:514:28) at TCP.<anonymous> (node:net:323:12) }
2024-07-17T09:26:36.008Z cypress:server:browsers:cri-client error classified as WEBSOCKET_NOT_OPEN_RE; enqueuing and attempting to reconnect
2024-07-17T09:26:36.009Z cypress:server:browsers:cdp-command-queue enqueing command Runtime.evaluate
2024-07-17T09:26:36.009Z cypress:server:browsers:cd-command-queue enqueing command Runtime.evaluate with params { expression: '\n' + "        if (window['cypressSocket-/__socket/default'] && window['cypressSocket-/__socket/default'].send) {\n" + `          window['cypressSocket-/__socket/default'].send('"42/__socket/default,[[\\\\"1\\\\",\\\\"2\\\\",\\\\"3\\\\"],\\\\"tests:finished\\\\",\\\\"e556114f-0c89-43bc-918b-167eb8fa8f6d\\\\",[]]"')\n` + '        }\n' + '      ', contextId: 9 }
2024-07-17T09:26:36.009Z cypress:server:browsers:cdp-command-queue Command enqueued; new length: 1
2024-07-17T09:26:36.009Z cypress:server:browsers:cd-command-queue Queue Contents: [
  {
    command: 'Runtime.evaluate',
    params: {
      expression: '\n' +
        "        if (window['cypressSocket-/__socket/default'] && window['cypressSocket-/__socket/default'].send) {\n" +
        `          window['cypressSocket-/__socket/default'].send('"42/__socket/default,[[\\\\"1\\\\",\\\\"2\\\\",\\\\"3\\\\"],\\\\"tests:finished\\\\",\\\\"e556114f-0c89-43bc-918b-167eb8fa8f6d\\\\",[]]"')\n` +
        '        }\n' +
        '      ',
      contextId: 9
    },
    deferred: {
      resolve: [Function (anonymous)],
      reject: [Function (anonymous)],
      promise: [Promise]
    },
    sessionId: undefined
  }
]
2024-07-17T09:26:36.009Z cypress:server:browsers:cri-client preparing to reconnect
2024-07-17T09:26:36.009Z cypress:server:browsers:cri-client Target 3C12EA8C0D2E275182DC457C44D26485 disconnected, not reconnecting because client is closed.
2024-07-17T09:26:36.009Z cypress:server:browsers:cdp-command-queue clearing command queue
2024-07-17T09:26:36.009Z cypress:server:browsers:cri-client closed cri client { closed: true, target: '3C12EA8C0D2E275182DC457C44D26485' }
2024-07-17T09:26:36.009Z cypress:server:browsers:cri-client connection was closed was trying to reconnect
2024-07-17T09:26:36.009Z cypress:server:browsers:cri-client closing
2024-07-17T09:26:36.009Z cypress:server:browsers:cri-client closing cri client { closed: false, target: 'ws://127.0.0.1:60757/devtools/browser/effce9f1-0a9b-4894-8b1e-bf2a7104cf7b' }
2024-07-17T09:26:36.010Z cypress:server:browsers:cri-client closed cri client { closed: true, target: 'ws://127.0.0.1:60757/devtools/browser/effce9f1-0a9b-4894-8b1e-bf2a7104cf7b' }
2024-07-17T09:26:36.014Z cypress:server:browsers:electron closed event fired
2024-07-17T09:26:36.014Z cypress:server:windows error removing all extensions { err: TypeError: Object has been destroyed at Object.j (<embedded>:2792:121723) at BrowserWindow.<anonymous> (<embedded>:2792:135527) at Object.onceWrapper (node:events:629:26) at BrowserWindow.emit (node:events:526:35) at T.sendCloseCommandFn (<embedded>:2792:130065), extensions: undefined }
2024-07-17T09:26:36.014Z cypress:server:browsers browser instance exit event received { code: undefined, signal: undefined }
2024-07-17T09:26:36.015Z cypress:server:preprocessor removeFile C:\Workspace\cypress-audio-context-bug\cypress\e2e\audio-context\add-module.cy.js
2024-07-17T09:26:36.015Z cypress:server:preprocessor base emitter plugin close event
2024-07-17T09:26:36.015Z cypress:server:preprocessor base emitter native close event
2024-07-17T09:26:36.015Z cypress:server:preprocessor base emitter native close event
2024-07-17T09:26:36.015Z cypress:server:browsers:electron clearInstanceState called with options { options: {} }
2024-07-17T09:26:36.015Z cypress:server:browsers:electron closing remote interface client
2024-07-17T09:26:36.015Z cypress:server:browsers:browser-cri-client browser cri client is already closed
2024-07-17T09:26:36.015Z cypress:server:run all BrowserWindows closed, not exiting
2024-07-17T09:26:36.016Z cypress:webpack close C:\Workspace\cypress-audio-context-bug\cypress\e2e\audio-context\add-module.cy.js
2024-07-17T09:26:36.019Z cypress:server:run resetting server state
2024-07-17T09:26:36.019Z cypress:proxy:http:util:buffers resetting buffers
2024-07-17T09:26:36.019Z cypress:network:cors Parsed URL { port: '80', protocol: null, subdomain: null, domain: '', tld: '' }
2024-07-17T09:26:36.019Z cypress:network:cors Parsed URL { port: '60759', protocol: 'http:', subdomain: null, domain: '', tld: 'localhost' }
2024-07-17T09:26:36.019Z cypress:server:remote-states setting remote state { auth: undefined, origin: 'http://localhost:60759', strategy: 'file', fileServer: 'http://localhost:60760', domainName: 'localhost', props: null } for http://localhost:60759
2024-07-17T09:26:36.019Z cypress:network:cors Parsed URL { port: '60759', protocol: 'http:', subdomain: null, domain: '', tld: 'localhost' }
2024-07-17T09:26:36.019Z cypress:server:remote-states getting remote state: { auth: undefined, origin: 'http://localhost:60759', strategy: 'file', fileServer: 'http://localhost:60760', domainName: 'localhost', props: null } for: http://localhost:60759
2024-07-17T09:26:36.021Z cypress:server:run final results of all runs: { browserName: 'electron', browserPath: '', browserVersion: '118.0.5993.159', config: { projectRoot: 'C:\\Workspace\\cypress-audio-context-bug', projectName: 'cypress-audio-context-bug', configFile: 'cypress.config.js', isTextTerminal: true, animationDistanceThreshold: 5, arch: 'x64', baseUrl: null, blockHosts: null, chromeWebSecurity: true, clientCertificates: [], defaultCommandTimeout: 4000, downloadsFolder: 'C:\\Workspace\\cypress-audio-context-bug\\cypress\\downloads', env: {}, execTimeout: 60000, experimentalCspAllowList: false, experimentalFetchPolyfill: false, experimentalInteractiveRunEvents: false, experimentalRunAllSpecs: false, experimentalMemoryManagement: false, experimentalModifyObstructiveThirdPartyCode: false, experimentalSkipDomainInjection: null, experimentalOriginDependencies: false, experimentalSourceRewriting: false, experimentalSingleTabRunMode: false, experimentalStudio: false, experimentalWebKitSupport: false, fileServerFolder: 'C:\\Workspace\\cypress-audio-context-bug', fixturesFolder: 'C:\\Workspace\\cypress-audio-context-bug\\cypress\\fixtures', excludeSpecPattern: '*.hot-update.js', includeShadowDom: false, keystrokeDelay: 0, modifyObstructiveCode: true, numTestsKeptInMemory: 0, platform: 'win32', pageLoadTimeout: 60000, port: 60759, projectId: null, redirectionLimit: 20, reporter: 'spec', reporterOptions: null, requestTimeout: 5000, resolvedNodePath: 'C:\\Users\\TMA\\AppData\\Local\\pnpm\\node.exe', resolvedNodeVersion: '20.12.1', responseTimeout: 30000, retries: { runMode: 0, openMode: 0, experimentalStrategy: undefined, experimentalOptions: undefined }, screenshotOnRunFailure: true, screenshotsFolder: 'C:\\Workspace\\cypress-audio-context-bug\\cypress\\screenshots', slowTestThreshold: 10000, scrollBehavior: 'top', supportFile: 'C:\\Workspace\\cypress-audio-context-bug\\cypress\\support\\e2e.js', taskTimeout: 60000, testIsolation: true, trashAssetsBeforeRuns: true, userAgent: null, video: false, videoCompression: false, videosFolder: 'C:\\Workspace\\cypress-audio-context-bug\\cypress\\videos', viewportHeight: 660, viewportWidth: 1000, waitForAnimations: true, watchForFileChanges: false, specPattern: 'cypress/e2e/**/*.cy.{js,jsx,ts,tsx}', browsers: [ [Object], [Object], [Object], [Object] ], cypressBinaryRoot: 'C:\\Users\\TMA\\AppData\\Local\\Cypress\\Cache\\13.13.1\\Cypress\\resources\\app', hosts: null, isInteractive: true, version: '13.13.1', testingType: 'e2e', browser: null, cypressInternalEnv: 'production' }, cypressVersion: '13.13.1', endedTestsAt: 2024-07-17T09:26:35.997Z, osName: 'win32', osVersion: '10.0.22631', runs: [ { error: null, reporter: 'spec', reporterStats: [Object], screenshots: [Array], spec: [Object], stats: [Object], tests: [Array], video: null } ], runUrl: undefined, startedTestsAt: 2024-07-17T09:26:30.193Z, totalDuration: 5804, totalFailed: 1, totalPassed: 0, totalPending: 0, totalSkipped: 0, totalSuites: 1, totalTests: 1 }
2024-07-17T09:26:36.021Z cypress:lifecycle:EventRegistrar plugin event registered? { eventName: 'after:run', isRegistered: false }

====================================================================================================

  (Run Finished)


       Spec                                              Tests  Passing  Failing  Pending  Skipped  
  ┌────────────────────────────────────────────────────────────────────────────────────────────────┐
  │ ✖  add-module.cy.js                         00:05        1        -        1        -        - │
  └────────────────────────────────────────────────────────────────────────────────────────────────┘
    ✖  1 of 1 failed (100%)                     00:05        1        -        1        -        -  

2024-07-17T09:26:36.065Z cypress:server:cypress about to exit with code 1
2024-07-17T09:26:36.066Z cypress:server:browsers browsers.kill called with no active instance
2024-07-17T09:26:36.066Z cypress:proxy:http:util:prerequests metrics: { browserPreRequestsReceived: 75, proxyRequestsReceived: 1, immediatelyMatchedRequests: 1, unmatchedRequests: 0, unmatchedPreRequests: 0 }
2024-07-17T09:26:36.066Z cypress:server:util:socket_allowed allowed socket closed, removing { localPort: 60810 }
2024-07-17T09:26:36.189Z cypress:cli child event fired { event: 'exit', code: 1, signal: null }
2024-07-17T09:26:36.189Z cypress:cli child event fired { event: 'close', code: 1, signal: null }
error Command failed with exit code 1.
info Visit https://yarnpkg.com/en/docs/cli/run for documentation about this command.
